../Core/Src/motor_control/motor.c:16:6:PWM_init	16	static
../Core/Src/motor_control/motor.c:29:6:PWM_stop	8	static
../Core/Src/motor_control/motor.c:41:5:SET_PWM	40	static
../Core/Src/motor_control/motor.c:72:5:ccr_init	8	static
../Core/Src/motor_control/motor.c:76:6:update_PWM_ramp	24	static
../Core/Src/motor_control/motor.c:108:5:start	32	static
../Core/Src/motor_control/motor.c:125:5:stop	32	static
../Core/Src/motor_control/motor.c:142:5:SET_speed	40	static
../Core/Src/motor_control/motor.c:167:5:start_init	8	static
../Core/Src/motor_control/motor.c:170:5:stop_init	8	static
../Core/Src/motor_control/motor.c:173:5:set_speed_init	8	static
