Archive member included to satisfy reference by file (symbol)

/Users/fernandesvincent/Library/Application Support/stm32cube/bundles/gnu-tools-for-stm32/13.3.1+st.9/bin/../lib/gcc/arm-none-eabi/13.3.1/thumb/v7e-m+fp/hard/libgcc.a(_aeabi_uldivmod.o)
                              cmake/stm32cubemx/CMakeFiles/STM32_Drivers.dir/__/__/Drivers/STM32G4xx_HAL_Driver/Src/stm32g4xx_hal_uart.c.obj (__aeabi_uldivmod)
/Users/fernandesvincent/Library/Application Support/stm32cube/bundles/gnu-tools-for-stm32/13.3.1+st.9/bin/../lib/gcc/arm-none-eabi/13.3.1/thumb/v7e-m+fp/hard/libgcc.a(_udivmoddi4.o)
                              /Users/fernandesvincent/Library/Application Support/stm32cube/bundles/gnu-tools-for-stm32/13.3.1+st.9/bin/../lib/gcc/arm-none-eabi/13.3.1/thumb/v7e-m+fp/hard/libgcc.a(_aeabi_uldivmod.o) (__udivmoddi4)
/Users/fernandesvincent/Library/Application Support/stm32cube/bundles/gnu-tools-for-stm32/13.3.1+st.9/bin/../lib/gcc/arm-none-eabi/13.3.1/thumb/v7e-m+fp/hard/libgcc.a(_dvmd_tls.o)
                              /Users/fernandesvincent/Library/Application Support/stm32cube/bundles/gnu-tools-for-stm32/13.3.1+st.9/bin/../lib/gcc/arm-none-eabi/13.3.1/thumb/v7e-m+fp/hard/libgcc.a(_aeabi_uldivmod.o) (__aeabi_ldiv0)
/Users/fernandesvincent/Library/Application Support/stm32cube/bundles/gnu-tools-for-stm32/13.3.1+st.9/bin/../lib/gcc/arm-none-eabi/13.3.1/../../../../arm-none-eabi/lib/thumb/v7e-m+fp/hard/libg_nano.a(libc_a-exit.o)
                              /Users/fernandesvincent/Library/Application Support/stm32cube/bundles/gnu-tools-for-stm32/13.3.1+st.9/bin/../lib/gcc/arm-none-eabi/13.3.1/../../../../arm-none-eabi/lib/thumb/v7e-m+fp/hard/crt0.o (exit)
/Users/fernandesvincent/Library/Application Support/stm32cube/bundles/gnu-tools-for-stm32/13.3.1+st.9/bin/../lib/gcc/arm-none-eabi/13.3.1/../../../../arm-none-eabi/lib/thumb/v7e-m+fp/hard/libg_nano.a(libc_a-findfp.o)
                              /Users/fernandesvincent/Library/Application Support/stm32cube/bundles/gnu-tools-for-stm32/13.3.1+st.9/bin/../lib/gcc/arm-none-eabi/13.3.1/../../../../arm-none-eabi/lib/thumb/v7e-m+fp/hard/libg_nano.a(libc_a-exit.o) (__stdio_exit_handler)
/Users/fernandesvincent/Library/Application Support/stm32cube/bundles/gnu-tools-for-stm32/13.3.1+st.9/bin/../lib/gcc/arm-none-eabi/13.3.1/../../../../arm-none-eabi/lib/thumb/v7e-m+fp/hard/libg_nano.a(libc_a-fwalk.o)
                              /Users/fernandesvincent/Library/Application Support/stm32cube/bundles/gnu-tools-for-stm32/13.3.1+st.9/bin/../lib/gcc/arm-none-eabi/13.3.1/../../../../arm-none-eabi/lib/thumb/v7e-m+fp/hard/libg_nano.a(libc_a-findfp.o) (_fwalk_sglue)
/Users/fernandesvincent/Library/Application Support/stm32cube/bundles/gnu-tools-for-stm32/13.3.1+st.9/bin/../lib/gcc/arm-none-eabi/13.3.1/../../../../arm-none-eabi/lib/thumb/v7e-m+fp/hard/libg_nano.a(libc_a-memset.o)
                              /Users/fernandesvincent/Library/Application Support/stm32cube/bundles/gnu-tools-for-stm32/13.3.1+st.9/bin/../lib/gcc/arm-none-eabi/13.3.1/../../../../arm-none-eabi/lib/thumb/v7e-m+fp/hard/crt0.o (memset)
/Users/fernandesvincent/Library/Application Support/stm32cube/bundles/gnu-tools-for-stm32/13.3.1+st.9/bin/../lib/gcc/arm-none-eabi/13.3.1/../../../../arm-none-eabi/lib/thumb/v7e-m+fp/hard/libg_nano.a(libc_a-errno.o)
                              CMakeFiles/NUCLEO-G474RET6-Inverter_Base.dir/Core/Src/sysmem.c.obj (__errno)
/Users/fernandesvincent/Library/Application Support/stm32cube/bundles/gnu-tools-for-stm32/13.3.1+st.9/bin/../lib/gcc/arm-none-eabi/13.3.1/../../../../arm-none-eabi/lib/thumb/v7e-m+fp/hard/libg_nano.a(libc_a-init.o)
                              /Users/fernandesvincent/Library/Application Support/stm32cube/bundles/gnu-tools-for-stm32/13.3.1+st.9/bin/../lib/gcc/arm-none-eabi/13.3.1/../../../../arm-none-eabi/lib/thumb/v7e-m+fp/hard/crt0.o (__libc_init_array)
/Users/fernandesvincent/Library/Application Support/stm32cube/bundles/gnu-tools-for-stm32/13.3.1+st.9/bin/../lib/gcc/arm-none-eabi/13.3.1/../../../../arm-none-eabi/lib/thumb/v7e-m+fp/hard/libg_nano.a(libc_a-lock.o)
                              /Users/fernandesvincent/Library/Application Support/stm32cube/bundles/gnu-tools-for-stm32/13.3.1+st.9/bin/../lib/gcc/arm-none-eabi/13.3.1/../../../../arm-none-eabi/lib/thumb/v7e-m+fp/hard/libg_nano.a(libc_a-findfp.o) (__retarget_lock_init_recursive)
/Users/fernandesvincent/Library/Application Support/stm32cube/bundles/gnu-tools-for-stm32/13.3.1+st.9/bin/../lib/gcc/arm-none-eabi/13.3.1/../../../../arm-none-eabi/lib/thumb/v7e-m+fp/hard/libg_nano.a(libc_a-impure.o)
                              /Users/fernandesvincent/Library/Application Support/stm32cube/bundles/gnu-tools-for-stm32/13.3.1+st.9/bin/../lib/gcc/arm-none-eabi/13.3.1/../../../../arm-none-eabi/lib/thumb/v7e-m+fp/hard/libg_nano.a(libc_a-errno.o) (_impure_ptr)
[...]
Memory Configuration

Name             Origin             Length             Attributes
RAM              0x20000000         0x00020000         xrw
FLASH            0x08000000         0x00080000         xr
*default*        0x00000000         0xffffffff

Linker script and memory map

LOAD /Users/fernandesvincent/Library/Application Support/stm32cube/bundles/gnu-tools-for-stm32/13.3.1+st.9/bin/../lib/gcc/arm-none-eabi/13.3.1/thumb/v7e-m+fp/hard/crti.o
LOAD /Users/fernandesvincent/Library/Application Support/stm32cube/bundles/gnu-tools-for-stm32/13.3.1+st.9/bin/../lib/gcc/arm-none-eabi/13.3.1/thumb/v7e-m+fp/hard/crtbegin.o
LOAD /Users/fernandesvincent/Library/Application Support/stm32cube/bundles/gnu-tools-for-stm32/13.3.1+st.9/bin/../lib/gcc/arm-none-eabi/13.3.1/../../../../arm-none-eabi/lib/thumb/v7e-m+fp/hard/crt0.o
LOAD cmake/stm32cubemx/CMakeFiles/STM32_Drivers.dir/__/__/Core/Src/system_stm32g4xx.c.obj
LOAD cmake/stm32cubemx/CMakeFiles/STM32_Drivers.dir/__/__/Drivers/STM32G4xx_HAL_Driver/Src/stm32g4xx_hal_tim.c.obj
LOAD cmake/stm32cubemx/CMakeFiles/STM32_Drivers.dir/__/__/Drivers/STM32G4xx_HAL_Driver/Src/stm32g4xx_hal_tim_ex.c.obj
LOAD cmake/stm32cubemx/CMakeFiles/STM32_Drivers.dir/__/__/Drivers/STM32G4xx_HAL_Driver/Src/stm32g4xx_hal_adc.c.obj
LOAD cmake/stm32cubemx/CMakeFiles/STM32_Drivers.dir/__/__/Drivers/STM32G4xx_HAL_Driver/Src/stm32g4xx_hal_adc_ex.c.obj
LOAD cmake/stm32cubemx/CMakeFiles/STM32_Drivers.dir/__/__/Drivers/STM32G4xx_HAL_Driver/Src/stm32g4xx_ll_adc.c.obj
LOAD cmake/stm32cubemx/CMakeFiles/STM32_Drivers.dir/__/__/Drivers/STM32G4xx_HAL_Driver/Src/stm32g4xx_hal.c.obj
LOAD cmake/stm32cubemx/CMakeFiles/STM32_Drivers.dir/__/__/Drivers/STM32G4xx_HAL_Driver/Src/stm32g4xx_hal_rcc.c.obj
LOAD cmake/stm32cubemx/CMakeFiles/STM32_Drivers.dir/__/__/Drivers/STM32G4xx_HAL_Driver/Src/stm32g4xx_hal_rcc_ex.c.obj
LOAD cmake/stm32cubemx/CMakeFiles/STM32_Drivers.dir/__/__/Drivers/STM32G4xx_HAL_Driver/Src/stm32g4xx_hal_flash.c.obj
LOAD cmake/stm32cubemx/CMakeFiles/STM32_Drivers.dir/__/__/Drivers/STM32G4xx_HAL_Driver/Src/stm32g4xx_hal_flash_ex.c.obj
LOAD cmake/stm32cubemx/CMakeFiles/STM32_Drivers.dir/__/__/Drivers/STM32G4xx_HAL_Driver/Src/stm32g4xx_hal_flash_ramfunc.c.obj
LOAD cmake/stm32cubemx/CMakeFiles/STM32_Drivers.dir/__/__/Drivers/STM32G4xx_HAL_Driver/Src/stm32g4xx_hal_gpio.c.obj
LOAD cmake/stm32cubemx/CMakeFiles/STM32_Drivers.dir/__/__/Drivers/STM32G4xx_HAL_Driver/Src/stm32g4xx_hal_exti.c.obj
LOAD cmake/stm32cubemx/CMakeFiles/STM32_Drivers.dir/__/__/Drivers/STM32G4xx_HAL_Driver/Src/stm32g4xx_hal_dma.c.obj
LOAD cmake/stm32cubemx/CMakeFiles/STM32_Drivers.dir/__/__/Drivers/STM32G4xx_HAL_Driver/Src/stm32g4xx_hal_dma_ex.c.obj
LOAD cmake/stm32cubemx/CMakeFiles/STM32_Drivers.dir/__/__/Drivers/STM32G4xx_HAL_Driver/Src/stm32g4xx_hal_pwr.c.obj
LOAD cmake/stm32cubemx/CMakeFiles/STM32_Drivers.dir/__/__/Drivers/STM32G4xx_HAL_Driver/Src/stm32g4xx_hal_pwr_ex.c.obj
LOAD cmake/stm32cubemx/CMakeFiles/STM32_Drivers.dir/__/__/Drivers/STM32G4xx_HAL_Driver/Src/stm32g4xx_hal_cortex.c.obj
LOAD cmake/stm32cubemx/CMakeFiles/STM32_Drivers.dir/__/__/Drivers/STM32G4xx_HAL_Driver/Src/stm32g4xx_hal_uart.c.obj
LOAD cmake/stm32cubemx/CMakeFiles/STM32_Drivers.dir/__/__/Drivers/STM32G4xx_HAL_Driver/Src/stm32g4xx_hal_uart_ex.c.obj
LOAD CMakeFiles/NUCLEO-G474RET6-Inverter_Base.dir/Core/Src/main.c.obj
LOAD CMakeFiles/NUCLEO-G474RET6-Inverter_Base.dir/Core/Src/gpio.c.obj
LOAD CMakeFiles/NUCLEO-G474RET6-Inverter_Base.dir/Core/Src/adc.c.obj
LOAD CMakeFiles/NUCLEO-G474RET6-Inverter_Base.dir/Core/Src/tim.c.obj
LOAD CMakeFiles/NUCLEO-G474RET6-Inverter_Base.dir/Core/Src/usart.c.obj
LOAD CMakeFiles/NUCLEO-G474RET6-Inverter_Base.dir/Core/Src/stm32g4xx_it.c.obj
LOAD CMakeFiles/NUCLEO-G474RET6-Inverter_Base.dir/Core/Src/stm32g4xx_hal_msp.c.obj
LOAD CMakeFiles/NUCLEO-G474RET6-Inverter_Base.dir/Core/Src/stm32g4xx_hal_timebase_tim.c.obj
LOAD CMakeFiles/NUCLEO-G474RET6-Inverter_Base.dir/Core/Src/sysmem.c.obj
LOAD CMakeFiles/NUCLEO-G474RET6-Inverter_Base.dir/Core/Src/syscalls.c.obj
LOAD CMakeFiles/NUCLEO-G474RET6-Inverter_Base.dir/startup_stm32g474xx.s.obj
LOAD /Users/fernandesvincent/Library/Application Support/stm32cube/bundles/gnu-tools-for-stm32/13.3.1+st.9/bin/../lib/gcc/arm-none-eabi/13.3.1/../../../../arm-none-eabi/lib/thumb/v7e-m+fp/hard/libm.a
START GROUP
LOAD /Users/fernandesvincent/Library/Application Support/stm32cube/bundles/gnu-tools-for-stm32/13.3.1+st.9/bin/../lib/gcc/arm-none-eabi/13.3.1/thumb/v7e-m+fp/hard/libgcc.a
LOAD /Users/fernandesvincent/Library/Application Support/stm32cube/bundles/gnu-tools-for-stm32/13.3.1+st.9/bin/../lib/gcc/arm-none-eabi/13.3.1/../../../../arm-none-eabi/lib/thumb/v7e-m+fp/hard/libg_nano.a
LOAD /Users/fernandesvincent/Library/Application Support/stm32cube/bundles/gnu-tools-for-stm32/13.3.1+st.9/bin/../lib/gcc/arm-none-eabi/13.3.1/../../../../arm-none-eabi/lib/thumb/v7e-m+fp/hard/libc_nano.a
END GROUP
START GROUP
LOAD /Users/fernandesvincent/Library/Application Support/stm32cube/bundles/gnu-tools-for-stm32/13.3.1+st.9/bin/../lib/gcc/arm-none-eabi/13.3.1/thumb/v7e-m+fp/hard/libgcc.a
LOAD /Users/fernandesvincent/Library/Application Support/stm32cube/bundles/gnu-tools-for-stm32/13.3.1+st.9/bin/../lib/gcc/arm-none-eabi/13.3.1/../../../../arm-none-eabi/lib/thumb/v7e-m+fp/hard/libc_nano.a
END GROUP
LOAD /Users/fernandesvincent/Library/Application Support/stm32cube/bundles/gnu-tools-for-stm32/13.3.1+st.9/bin/../lib/gcc/arm-none-eabi/13.3.1/thumb/v7e-m+fp/hard/crtend.o
LOAD /Users/fernandesvincent/Library/Application Support/stm32cube/bundles/gnu-tools-for-stm32/13.3.1+st.9/bin/../lib/gcc/arm-none-eabi/13.3.1/thumb/v7e-m+fp/hard/crtn.o
                0x20020000                        _estack = (ORIGIN (RAM) + LENGTH (RAM))
                0x00000200                        _Min_Heap_Size = 0x200
                0x00000400                        _Min_Stack_Size = 0x400

.isr_vector     0x08000000      0x1d8
                0x08000000                        . = ALIGN (0x4)
 *(.isr_vector)
 .isr_vector    0x08000000      0x1d8 CMakeFiles/NUCLEO-G474RET6-Inverter_Base.dir/startup_stm32g474xx.s.obj
                0x08000000                g_pfnVectors
                0x080001d8                        . = ALIGN (0x4)

.text           0x080001d8     0x64a0
                0x080001d8                        . = ALIGN (0x4)
 *(.text)
 .text          0x080001d8       0x40 /Users/fernandesvincent/Library/Application Support/stm32cube/bundles/gnu-tools-for-stm32/13.3.1+st.9/bin/../lib/gcc/arm-none-eabi/13.3.1/thumb/v7e-m+fp/hard/crtbegin.o
 .text          0x08000218       0x30 /Users/fernandesvincent/Library/Application Support/stm32cube/bundles/gnu-tools-for-stm32/13.3.1+st.9/bin/../lib/gcc/arm-none-eabi/13.3.1/thumb/v7e-m+fp/hard/libgcc.a(_aeabi_uldivmod.o)
                0x08000218                __aeabi_uldivmod
 .text          0x08000248      0x2f8 /Users/fernandesvincent/Library/Application Support/stm32cube/bundles/gnu-tools-for-stm32/13.3.1+st.9/bin/../lib/gcc/arm-none-eabi/13.3.1/thumb/v7e-m+fp/hard/libgcc.a(_udivmoddi4.o)
                0x08000248                __udivmoddi4
 .text          0x08000540        0x4 /Users/fernandesvincent/Library/Application Support/stm32cube/bundles/gnu-tools-for-stm32/13.3.1+st.9/bin/../lib/gcc/arm-none-eabi/13.3.1/thumb/v7e-m+fp/hard/libgcc.a(_dvmd_tls.o)
                0x08000540                __aeabi_ldiv0
                0x08000540                __aeabi_idiv0
 *(.text*)
 .text.SystemInit
                0x08000544       0x24 cmake/stm32cubemx/CMakeFiles/STM32_Drivers.dir/__/__/Core/Src/system_stm32g4xx.c.obj
                0x08000544                SystemInit
 .text.HAL_TIM_Base_Init
                0x08000568       0xae cmake/stm32cubemx/CMakeFiles/STM32_Drivers.dir/__/__/Drivers/STM32G4xx_HAL_Driver/Src/stm32g4xx_hal_tim.c.obj
                0x08000568                HAL_TIM_Base_Init
 .text.HAL_TIM_Base_MspInit
                0x08000616       0x14 cmake/stm32cubemx/CMakeFiles/STM32_Drivers.dir/__/__/Drivers/STM32G4xx_HAL_Driver/Src/stm32g4xx_hal_tim.c.obj
                0x08000616                HAL_TIM_Base_MspInit
 *fill*         0x0800062a        0x2 
 .text.HAL_TIM_Base_Start_IT
                0x0800062c       0xf0 cmake/stm32cubemx/CMakeFiles/STM32_Drivers.dir/__/__/Drivers/STM32G4xx_HAL_Driver/Src/stm32g4xx_hal_tim.c.obj
                0x0800062c                HAL_TIM_Base_Start_IT
 .text.HAL_TIM_PWM_Init
                0x0800071c       0xae cmake/stm32cubemx/CMakeFiles/STM32_Drivers.dir/__/__/Drivers/STM32G4xx_HAL_Driver/Src/stm32g4xx_hal_tim.c.obj
                0x0800071c                HAL_TIM_PWM_Init
 .text.HAL_TIM_IRQHandler
                0x080007ca      0x29e cmake/stm32cubemx/CMakeFiles/STM32_Drivers.dir/__/__/Drivers/STM32G4xx_HAL_Driver/Src/stm32g4xx_hal_tim.c.obj
                0x080007ca                HAL_TIM_IRQHandler
 .text.HAL_TIM_PWM_ConfigChannel
                0x08000a68      0x228 cmake/stm32cubemx/CMakeFiles/STM32_Drivers.dir/__/__/Drivers/STM32G4xx_HAL_Driver/Src/stm32g4xx_hal_tim.c.obj
                0x08000a68                HAL_TIM_PWM_ConfigChannel
 .text.HAL_TIM_OC_DelayElapsedCallback
                0x08000c90       0x14 cmake/stm32cubemx/CMakeFiles/STM32_Drivers.dir/__/__/Drivers/STM32G4xx_HAL_Driver/Src/stm32g4xx_hal_tim.c.obj
                0x08000c90                HAL_TIM_OC_DelayElapsedCallback
 .text.HAL_TIM_IC_CaptureCallback
                0x08000ca4       0x14 cmake/stm32cubemx/CMakeFiles/STM32_Drivers.dir/__/__/Drivers/STM32G4xx_HAL_Driver/Src/stm32g4xx_hal_tim.c.obj
                0x08000ca4                HAL_TIM_IC_CaptureCallback
 .text.HAL_TIM_PWM_PulseFinishedCallback
                0x08000cb8       0x14 cmake/stm32cubemx/CMakeFiles/STM32_Drivers.dir/__/__/Drivers/STM32G4xx_HAL_Driver/Src/stm32g4xx_hal_tim.c.obj
                0x08000cb8                HAL_TIM_PWM_PulseFinishedCallback
 .text.HAL_TIM_TriggerCallback
                0x08000ccc       0x14 cmake/stm32cubemx/CMakeFiles/STM32_Drivers.dir/__/__/Drivers/STM32G4xx_HAL_Driver/Src/stm32g4xx_hal_tim.c.obj
                0x08000ccc                HAL_TIM_TriggerCallback
 .text.TIM_Base_SetConfig
                0x08000ce0      0x168 cmake/stm32cubemx/CMakeFiles/STM32_Drivers.dir/__/__/Drivers/STM32G4xx_HAL_Driver/Src/stm32g4xx_hal_tim.c.obj
                0x08000ce0                TIM_Base_SetConfig
 .text.TIM_OC1_SetConfig
                0x08000e48      0x134 cmake/stm32cubemx/CMakeFiles/STM32_Drivers.dir/__/__/Drivers/STM32G4xx_HAL_Driver/Src/stm32g4xx_hal_tim.c.obj
 .text.TIM_OC2_SetConfig
                0x08000f7c      0x128 cmake/stm32cubemx/CMakeFiles/STM32_Drivers.dir/__/__/Drivers/STM32G4xx_HAL_Driver/Src/stm32g4xx_hal_tim.c.obj
                0x08000f7c                TIM_OC2_SetConfig
 .text.TIM_OC3_SetConfig
                0x080010a4      0x124 cmake/stm32cubemx/CMakeFiles/STM32_Drivers.dir/__/__/Drivers/STM32G4xx_HAL_Driver/Src/stm32g4xx_hal_tim.c.obj
 .text.TIM_OC4_SetConfig
                0x080011c8      0x128 cmake/stm32cubemx/CMakeFiles/STM32_Drivers.dir/__/__/Drivers/STM32G4xx_HAL_Driver/Src/stm32g4xx_hal_tim.c.obj
 .text.TIM_OC5_SetConfig
                0x080012f0       0xd4 cmake/stm32cubemx/CMakeFiles/STM32_Drivers.dir/__/__/Drivers/STM32G4xx_HAL_Driver/Src/stm32g4xx_hal_tim.c.obj
 .text.TIM_OC6_SetConfig
                0x080013c4       0xd8 cmake/stm32cubemx/CMakeFiles/STM32_Drivers.dir/__/__/Drivers/STM32G4xx_HAL_Driver/Src/stm32g4xx_hal_tim.c.obj
 .text.TIM_TI1_SetConfig
                0x0800149c       0xe8 cmake/stm32cubemx/CMakeFiles/STM32_Drivers.dir/__/__/Drivers/STM32G4xx_HAL_Driver/Src/stm32g4xx_hal_tim.c.obj
                0x0800149c                TIM_TI1_SetConfig
 .text.HAL_TIMEx_HallSensor_Init
                0x08001584      0x15e cmake/stm32cubemx/CMakeFiles/STM32_Drivers.dir/__/__/Drivers/STM32G4xx_HAL_Driver/Src/stm32g4xx_hal_tim_ex.c.obj
                0x08001584                HAL_TIMEx_HallSensor_Init
 *fill*         0x080016e2        0x2 
 .text.HAL_TIMEx_MasterConfigSynchronization
                0x080016e4      0x12c cmake/stm32cubemx/CMakeFiles/STM32_Drivers.dir/__/__/Drivers/STM32G4xx_HAL_Driver/Src/stm32g4xx_hal_tim_ex.c.obj
                0x080016e4                HAL_TIMEx_MasterConfigSynchronization
 .text.HAL_TIMEx_ConfigBreakDeadTime
                0x08001810      0x128 cmake/stm32cubemx/CMakeFiles/STM32_Drivers.dir/__/__/Drivers/STM32G4xx_HAL_Driver/Src/stm32g4xx_hal_tim_ex.c.obj
                0x08001810                HAL_TIMEx_ConfigBreakDeadTime
 .text.HAL_TIMEx_CommutCallback
                0x08001938       0x14 cmake/stm32cubemx/CMakeFiles/STM32_Drivers.dir/__/__/Drivers/STM32G4xx_HAL_Driver/Src/stm32g4xx_hal_tim_ex.c.obj
                0x08001938                HAL_TIMEx_CommutCallback
 .text.HAL_TIMEx_BreakCallback
                0x0800194c       0x14 cmake/stm32cubemx/CMakeFiles/STM32_Drivers.dir/__/__/Drivers/STM32G4xx_HAL_Driver/Src/stm32g4xx_hal_tim_ex.c.obj
                0x0800194c                HAL_TIMEx_BreakCallback
 .text.HAL_TIMEx_Break2Callback
                0x08001960       0x14 cmake/stm32cubemx/CMakeFiles/STM32_Drivers.dir/__/__/Drivers/STM32G4xx_HAL_Driver/Src/stm32g4xx_hal_tim_ex.c.obj
                0x08001960                HAL_TIMEx_Break2Callback
 .text.HAL_TIMEx_EncoderIndexCallback
                0x08001974       0x14 cmake/stm32cubemx/CMakeFiles/STM32_Drivers.dir/__/__/Drivers/STM32G4xx_HAL_Driver/Src/stm32g4xx_hal_tim_ex.c.obj
                0x08001974                HAL_TIMEx_EncoderIndexCallback
 .text.HAL_TIMEx_DirectionChangeCallback
                0x08001988       0x14 cmake/stm32cubemx/CMakeFiles/STM32_Drivers.dir/__/__/Drivers/STM32G4xx_HAL_Driver/Src/stm32g4xx_hal_tim_ex.c.obj
                0x08001988                HAL_TIMEx_DirectionChangeCallback
 .text.HAL_TIMEx_IndexErrorCallback
                0x0800199c       0x14 cmake/stm32cubemx/CMakeFiles/STM32_Drivers.dir/__/__/Drivers/STM32G4xx_HAL_Driver/Src/stm32g4xx_hal_tim_ex.c.obj
                0x0800199c                HAL_TIMEx_IndexErrorCallback
 .text.HAL_TIMEx_TransitionErrorCallback
                0x080019b0       0x14 cmake/stm32cubemx/CMakeFiles/STM32_Drivers.dir/__/__/Drivers/STM32G4xx_HAL_Driver/Src/stm32g4xx_hal_tim_ex.c.obj
                0x080019b0                HAL_TIMEx_TransitionErrorCallback
 .text.LL_ADC_SetCommonClock
                0x080019c4       0x26 cmake/stm32cubemx/CMakeFiles/STM32_Drivers.dir/__/__/Drivers/STM32G4xx_HAL_Driver/Src/stm32g4xx_hal_adc.c.obj
 .text.LL_ADC_SetCommonPathInternalCh
                0x080019ea       0x26 cmake/stm32cubemx/CMakeFiles/STM32_Drivers.dir/__/__/Drivers/STM32G4xx_HAL_Driver/Src/stm32g4xx_hal_adc.c.obj
 .text.LL_ADC_GetCommonPathInternalCh
                0x08001a10       0x1c cmake/stm32cubemx/CMakeFiles/STM32_Drivers.dir/__/__/Drivers/STM32G4xx_HAL_Driver/Src/stm32g4xx_hal_adc.c.obj
 .text.LL_ADC_SetOffset
                0x08001a2c       0x48 cmake/stm32cubemx/CMakeFiles/STM32_Drivers.dir/__/__/Drivers/STM32G4xx_HAL_Driver/Src/stm32g4xx_hal_adc.c.obj
 .text.LL_ADC_GetOffsetChannel
                0x08001a74       0x2c cmake/stm32cubemx/CMakeFiles/STM32_Drivers.dir/__/__/Drivers/STM32G4xx_HAL_Driver/Src/stm32g4xx_hal_adc.c.obj
 .text.LL_ADC_SetOffsetState
                0x08001aa0       0x36 cmake/stm32cubemx/CMakeFiles/STM32_Drivers.dir/__/__/Drivers/STM32G4xx_HAL_Driver/Src/stm32g4xx_hal_adc.c.obj
 .text.LL_ADC_SetOffsetSign
                0x08001ad6       0x36 cmake/stm32cubemx/CMakeFiles/STM32_Drivers.dir/__/__/Drivers/STM32G4xx_HAL_Driver/Src/stm32g4xx_hal_adc.c.obj
 .text.LL_ADC_SetOffsetSaturation
                0x08001b0c       0x36 cmake/stm32cubemx/CMakeFiles/STM32_Drivers.dir/__/__/Drivers/STM32G4xx_HAL_Driver/Src/stm32g4xx_hal_adc.c.obj
 .text.LL_ADC_SetSamplingTimeCommonConfig
                0x08001b42       0x26 cmake/stm32cubemx/CMakeFiles/STM32_Drivers.dir/__/__/Drivers/STM32G4xx_HAL_Driver/Src/stm32g4xx_hal_adc.c.obj
 .text.LL_ADC_REG_SetSequencerRanks
                0x08001b68       0x58 cmake/stm32cubemx/CMakeFiles/STM32_Drivers.dir/__/__/Drivers/STM32G4xx_HAL_Driver/Src/stm32g4xx_hal_adc.c.obj
 .text.LL_ADC_SetChannelSamplingTime
                0x08001bc0       0x56 cmake/stm32cubemx/CMakeFiles/STM32_Drivers.dir/__/__/Drivers/STM32G4xx_HAL_Driver/Src/stm32g4xx_hal_adc.c.obj
 *fill*         0x08001c16        0x2 
 .text.LL_ADC_SetChannelSingleDiff
                0x08001c18       0x48 cmake/stm32cubemx/CMakeFiles/STM32_Drivers.dir/__/__/Drivers/STM32G4xx_HAL_Driver/Src/stm32g4xx_hal_adc.c.obj
 .text.LL_ADC_DisableDeepPowerDown
                0x08001c60       0x24 cmake/stm32cubemx/CMakeFiles/STM32_Drivers.dir/__/__/Drivers/STM32G4xx_HAL_Driver/Src/stm32g4xx_hal_adc.c.obj
 .text.LL_ADC_IsDeepPowerDownEnabled
                0x08001c84       0x28 cmake/stm32cubemx/CMakeFiles/STM32_Drivers.dir/__/__/Drivers/STM32G4xx_HAL_Driver/Src/stm32g4xx_hal_adc.c.obj
 .text.LL_ADC_EnableInternalRegulator
                0x08001cac       0x28 cmake/stm32cubemx/CMakeFiles/STM32_Drivers.dir/__/__/Drivers/STM32G4xx_HAL_Driver/Src/stm32g4xx_hal_adc.c.obj
 .text.LL_ADC_IsInternalRegulatorEnabled
                0x08001cd4       0x28 cmake/stm32cubemx/CMakeFiles/STM32_Drivers.dir/__/__/Drivers/STM32G4xx_HAL_Driver/Src/stm32g4xx_hal_adc.c.obj
 .text.LL_ADC_IsEnabled
                0x08001cfc       0x26 cmake/stm32cubemx/CMakeFiles/STM32_Drivers.dir/__/__/Drivers/STM32G4xx_HAL_Driver/Src/stm32g4xx_hal_adc.c.obj
 .text.LL_ADC_REG_IsConversionOngoing
                0x08001d22       0x26 cmake/stm32cubemx/CMakeFiles/STM32_Drivers.dir/__/__/Drivers/STM32G4xx_HAL_Driver/Src/stm32g4xx_hal_adc.c.obj
 .text.LL_ADC_INJ_IsConversionOngoing
                0x08001d48       0x26 cmake/stm32cubemx/CMakeFiles/STM32_Drivers.dir/__/__/Drivers/STM32G4xx_HAL_Driver/Src/stm32g4xx_hal_adc.c.obj
 *fill*         0x08001d6e        0x2 
 .text.HAL_ADC_Init
                0x08001d70      0x378 cmake/stm32cubemx/CMakeFiles/STM32_Drivers.dir/__/__/Drivers/STM32G4xx_HAL_Driver/Src/stm32g4xx_hal_adc.c.obj
                0x08001d70                HAL_ADC_Init
 .text.HAL_ADC_ConfigChannel
                0x080020e8      0x880 cmake/stm32cubemx/CMakeFiles/STM32_Drivers.dir/__/__/Drivers/STM32G4xx_HAL_Driver/Src/stm32g4xx_hal_adc.c.obj
                0x080020e8                HAL_ADC_ConfigChannel
 .text.LL_ADC_IsEnabled
                0x08002968       0x26 cmake/stm32cubemx/CMakeFiles/STM32_Drivers.dir/__/__/Drivers/STM32G4xx_HAL_Driver/Src/stm32g4xx_hal_adc_ex.c.obj
 .text.LL_ADC_REG_IsConversionOngoing
                0x0800298e       0x26 cmake/stm32cubemx/CMakeFiles/STM32_Drivers.dir/__/__/Drivers/STM32G4xx_HAL_Driver/Src/stm32g4xx_hal_adc_ex.c.obj
 .text.HAL_ADCEx_MultiModeConfigChannel
                0x080029b4      0x210 cmake/stm32cubemx/CMakeFiles/STM32_Drivers.dir/__/__/Drivers/STM32G4xx_HAL_Driver/Src/stm32g4xx_hal_adc_ex.c.obj
                0x080029b4                HAL_ADCEx_MultiModeConfigChannel
 .text.HAL_Init
                0x08002bc4       0x30 cmake/stm32cubemx/CMakeFiles/STM32_Drivers.dir/__/__/Drivers/STM32G4xx_HAL_Driver/Src/stm32g4xx_hal.c.obj
                0x08002bc4                HAL_Init
 .text.HAL_IncTick
                0x08002bf4       0x24 cmake/stm32cubemx/CMakeFiles/STM32_Drivers.dir/__/__/Drivers/STM32G4xx_HAL_Driver/Src/stm32g4xx_hal.c.obj
                0x08002bf4                HAL_IncTick
 .text.HAL_GetTick
                0x08002c18       0x18 cmake/stm32cubemx/CMakeFiles/STM32_Drivers.dir/__/__/Drivers/STM32G4xx_HAL_Driver/Src/stm32g4xx_hal.c.obj
                0x08002c18                HAL_GetTick
 .text.HAL_RCC_OscConfig
                0x08002c30      0x624 cmake/stm32cubemx/CMakeFiles/STM32_Drivers.dir/__/__/Drivers/STM32G4xx_HAL_Driver/Src/stm32g4xx_hal_rcc.c.obj
                0x08002c30                HAL_RCC_OscConfig
 .text.HAL_RCC_ClockConfig
                0x08003254      0x278 cmake/stm32cubemx/CMakeFiles/STM32_Drivers.dir/__/__/Drivers/STM32G4xx_HAL_Driver/Src/stm32g4xx_hal_rcc.c.obj
                0x08003254                HAL_RCC_ClockConfig
 .text.HAL_RCC_GetSysClockFreq
                0x080034cc       0xc4 cmake/stm32cubemx/CMakeFiles/STM32_Drivers.dir/__/__/Drivers/STM32G4xx_HAL_Driver/Src/stm32g4xx_hal_rcc.c.obj
                0x080034cc                HAL_RCC_GetSysClockFreq
 .text.HAL_RCC_GetHCLKFreq
                0x08003590       0x18 cmake/stm32cubemx/CMakeFiles/STM32_Drivers.dir/__/__/Drivers/STM32G4xx_HAL_Driver/Src/stm32g4xx_hal_rcc.c.obj
                0x08003590                HAL_RCC_GetHCLKFreq
 .text.HAL_RCC_GetPCLK1Freq
                0x080035a8       0x2c cmake/stm32cubemx/CMakeFiles/STM32_Drivers.dir/__/__/Drivers/STM32G4xx_HAL_Driver/Src/stm32g4xx_hal_rcc.c.obj
                0x080035a8                HAL_RCC_GetPCLK1Freq
 .text.HAL_RCC_GetPCLK2Freq
                0x080035d4       0x2c cmake/stm32cubemx/CMakeFiles/STM32_Drivers.dir/__/__/Drivers/STM32G4xx_HAL_Driver/Src/stm32g4xx_hal_rcc.c.obj
                0x080035d4                HAL_RCC_GetPCLK2Freq
 .text.HAL_RCC_GetClockConfig
                0x08003600       0x64 cmake/stm32cubemx/CMakeFiles/STM32_Drivers.dir/__/__/Drivers/STM32G4xx_HAL_Driver/Src/stm32g4xx_hal_rcc.c.obj
                0x08003600                HAL_RCC_GetClockConfig
 .text.RCC_GetSysClockFreqFromPLLSource
                0x08003664       0x8c cmake/stm32cubemx/CMakeFiles/STM32_Drivers.dir/__/__/Drivers/STM32G4xx_HAL_Driver/Src/stm32g4xx_hal_rcc.c.obj
 .text.HAL_RCCEx_PeriphCLKConfig
                0x080036f0      0x49c cmake/stm32cubemx/CMakeFiles/STM32_Drivers.dir/__/__/Drivers/STM32G4xx_HAL_Driver/Src/stm32g4xx_hal_rcc_ex.c.obj
                0x080036f0                HAL_RCCEx_PeriphCLKConfig
 .text.HAL_GPIO_Init
                0x08003b8c      0x304 cmake/stm32cubemx/CMakeFiles/STM32_Drivers.dir/__/__/Drivers/STM32G4xx_HAL_Driver/Src/stm32g4xx_hal_gpio.c.obj
                0x08003b8c                HAL_GPIO_Init
 .text.HAL_GPIO_WritePin
                0x08003e90       0x30 cmake/stm32cubemx/CMakeFiles/STM32_Drivers.dir/__/__/Drivers/STM32G4xx_HAL_Driver/Src/stm32g4xx_hal_gpio.c.obj
                0x08003e90                HAL_GPIO_WritePin
 .text.HAL_GPIO_EXTI_IRQHandler
                0x08003ec0       0x30 cmake/stm32cubemx/CMakeFiles/STM32_Drivers.dir/__/__/Drivers/STM32G4xx_HAL_Driver/Src/stm32g4xx_hal_gpio.c.obj
                0x08003ec0                HAL_GPIO_EXTI_IRQHandler
 .text.HAL_GPIO_EXTI_Callback
                0x08003ef0       0x16 cmake/stm32cubemx/CMakeFiles/STM32_Drivers.dir/__/__/Drivers/STM32G4xx_HAL_Driver/Src/stm32g4xx_hal_gpio.c.obj
                0x08003ef0                HAL_GPIO_EXTI_Callback
 .text.HAL_DMA_Abort
                0x08003f06       0xb2 cmake/stm32cubemx/CMakeFiles/STM32_Drivers.dir/__/__/Drivers/STM32G4xx_HAL_Driver/Src/stm32g4xx_hal_dma.c.obj
                0x08003f06                HAL_DMA_Abort
 .text.HAL_DMA_Abort_IT
                0x08003fb8       0xce cmake/stm32cubemx/CMakeFiles/STM32_Drivers.dir/__/__/Drivers/STM32G4xx_HAL_Driver/Src/stm32g4xx_hal_dma.c.obj
                0x08003fb8                HAL_DMA_Abort_IT
 *fill*         0x08004086        0x2 
 .text.HAL_PWREx_ControlVoltageScaling
                0x08004088      0x148 cmake/stm32cubemx/CMakeFiles/STM32_Drivers.dir/__/__/Drivers/STM32G4xx_HAL_Driver/Src/stm32g4xx_hal_pwr_ex.c.obj
                0x08004088                HAL_PWREx_ControlVoltageScaling
 .text.HAL_PWREx_DisableUCPDDeadBattery
                0x080041d0       0x20 cmake/stm32cubemx/CMakeFiles/STM32_Drivers.dir/__/__/Drivers/STM32G4xx_HAL_Driver/Src/stm32g4xx_hal_pwr_ex.c.obj
                0x080041d0                HAL_PWREx_DisableUCPDDeadBattery
 .text.__NVIC_SetPriorityGrouping
                0x080041f0       0x48 cmake/stm32cubemx/CMakeFiles/STM32_Drivers.dir/__/__/Drivers/STM32G4xx_HAL_Driver/Src/stm32g4xx_hal_cortex.c.obj
 .text.__NVIC_GetPriorityGrouping
                0x08004238       0x1c cmake/stm32cubemx/CMakeFiles/STM32_Drivers.dir/__/__/Drivers/STM32G4xx_HAL_Driver/Src/stm32g4xx_hal_cortex.c.obj
 .text.__NVIC_EnableIRQ
                0x08004254       0x3c cmake/stm32cubemx/CMakeFiles/STM32_Drivers.dir/__/__/Drivers/STM32G4xx_HAL_Driver/Src/stm32g4xx_hal_cortex.c.obj
 .text.__NVIC_SetPriority
                0x08004290       0x54 cmake/stm32cubemx/CMakeFiles/STM32_Drivers.dir/__/__/Drivers/STM32G4xx_HAL_Driver/Src/stm32g4xx_hal_cortex.c.obj
 .text.NVIC_EncodePriority
                0x080042e4       0x66 cmake/stm32cubemx/CMakeFiles/STM32_Drivers.dir/__/__/Drivers/STM32G4xx_HAL_Driver/Src/stm32g4xx_hal_cortex.c.obj
 .text.HAL_NVIC_SetPriorityGrouping
                0x0800434a       0x16 cmake/stm32cubemx/CMakeFiles/STM32_Drivers.dir/__/__/Drivers/STM32G4xx_HAL_Driver/Src/stm32g4xx_hal_cortex.c.obj
                0x0800434a                HAL_NVIC_SetPriorityGrouping
 .text.HAL_NVIC_SetPriority
                0x08004360       0x34 cmake/stm32cubemx/CMakeFiles/STM32_Drivers.dir/__/__/Drivers/STM32G4xx_HAL_Driver/Src/stm32g4xx_hal_cortex.c.obj
                0x08004360                HAL_NVIC_SetPriority
 .text.HAL_NVIC_EnableIRQ
                0x08004394       0x1c cmake/stm32cubemx/CMakeFiles/STM32_Drivers.dir/__/__/Drivers/STM32G4xx_HAL_Driver/Src/stm32g4xx_hal_cortex.c.obj
                0x08004394                HAL_NVIC_EnableIRQ
 .text.HAL_UART_Init
                0x080043b0       0xa0 cmake/stm32cubemx/CMakeFiles/STM32_Drivers.dir/__/__/Drivers/STM32G4xx_HAL_Driver/Src/stm32g4xx_hal_uart.c.obj
                0x080043b0                HAL_UART_Init
 .text.HAL_UART_IRQHandler
                0x08004450      0x684 cmake/stm32cubemx/CMakeFiles/STM32_Drivers.dir/__/__/Drivers/STM32G4xx_HAL_Driver/Src/stm32g4xx_hal_uart.c.obj
                0x08004450                HAL_UART_IRQHandler
 .text.HAL_UART_TxCpltCallback
                0x08004ad4       0x14 cmake/stm32cubemx/CMakeFiles/STM32_Drivers.dir/__/__/Drivers/STM32G4xx_HAL_Driver/Src/stm32g4xx_hal_uart.c.obj
                0x08004ad4                HAL_UART_TxCpltCallback
 .text.HAL_UART_ErrorCallback
                0x08004ae8       0x14 cmake/stm32cubemx/CMakeFiles/STM32_Drivers.dir/__/__/Drivers/STM32G4xx_HAL_Driver/Src/stm32g4xx_hal_uart.c.obj
                0x08004ae8                HAL_UART_ErrorCallback
 .text.HAL_UARTEx_RxEventCallback
                0x08004afc       0x18 cmake/stm32cubemx/CMakeFiles/STM32_Drivers.dir/__/__/Drivers/STM32G4xx_HAL_Driver/Src/stm32g4xx_hal_uart.c.obj
                0x08004afc                HAL_UARTEx_RxEventCallback
 .text.UART_SetConfig
                0x08004b14      0x5f8 cmake/stm32cubemx/CMakeFiles/STM32_Drivers.dir/__/__/Drivers/STM32G4xx_HAL_Driver/Src/stm32g4xx_hal_uart.c.obj
                0x08004b14                UART_SetConfig
 .text.UART_AdvFeatureConfig
                0x0800510c      0x144 cmake/stm32cubemx/CMakeFiles/STM32_Drivers.dir/__/__/Drivers/STM32G4xx_HAL_Driver/Src/stm32g4xx_hal_uart.c.obj
                0x0800510c                UART_AdvFeatureConfig
 .text.UART_CheckIdleState
                0x08005250      0x154 cmake/stm32cubemx/CMakeFiles/STM32_Drivers.dir/__/__/Drivers/STM32G4xx_HAL_Driver/Src/stm32g4xx_hal_uart.c.obj
                0x08005250                UART_CheckIdleState
 .text.UART_WaitOnFlagUntilTimeout
                0x080053a4       0xda cmake/stm32cubemx/CMakeFiles/STM32_Drivers.dir/__/__/Drivers/STM32G4xx_HAL_Driver/Src/stm32g4xx_hal_uart.c.obj
                0x080053a4                UART_WaitOnFlagUntilTimeout
 .text.UART_EndRxTransfer
                0x0800547e       0xcc cmake/stm32cubemx/CMakeFiles/STM32_Drivers.dir/__/__/Drivers/STM32G4xx_HAL_Driver/Src/stm32g4xx_hal_uart.c.obj
 .text.UART_DMAAbortOnError
                0x0800554a       0x24 cmake/stm32cubemx/CMakeFiles/STM32_Drivers.dir/__/__/Drivers/STM32G4xx_HAL_Driver/Src/stm32g4xx_hal_uart.c.obj
 .text.UART_EndTransmit_IT
                0x0800556e       0x56 cmake/stm32cubemx/CMakeFiles/STM32_Drivers.dir/__/__/Drivers/STM32G4xx_HAL_Driver/Src/stm32g4xx_hal_uart.c.obj
 .text.HAL_UARTEx_WakeupCallback
                0x080055c4       0x14 cmake/stm32cubemx/CMakeFiles/STM32_Drivers.dir/__/__/Drivers/STM32G4xx_HAL_Driver/Src/stm32g4xx_hal_uart_ex.c.obj
                0x080055c4                HAL_UARTEx_WakeupCallback
 .text.HAL_UARTEx_RxFifoFullCallback
                0x080055d8       0x14 cmake/stm32cubemx/CMakeFiles/STM32_Drivers.dir/__/__/Drivers/STM32G4xx_HAL_Driver/Src/stm32g4xx_hal_uart_ex.c.obj
                0x080055d8                HAL_UARTEx_RxFifoFullCallback
 .text.HAL_UARTEx_TxFifoEmptyCallback
                0x080055ec       0x14 cmake/stm32cubemx/CMakeFiles/STM32_Drivers.dir/__/__/Drivers/STM32G4xx_HAL_Driver/Src/stm32g4xx_hal_uart_ex.c.obj
                0x080055ec                HAL_UARTEx_TxFifoEmptyCallback
 .text.HAL_UARTEx_DisableFifoMode
                0x08005600       0x72 cmake/stm32cubemx/CMakeFiles/STM32_Drivers.dir/__/__/Drivers/STM32G4xx_HAL_Driver/Src/stm32g4xx_hal_uart_ex.c.obj
                0x08005600                HAL_UARTEx_DisableFifoMode
 .text.HAL_UARTEx_SetTxFifoThreshold
                0x08005672       0x7c cmake/stm32cubemx/CMakeFiles/STM32_Drivers.dir/__/__/Drivers/STM32G4xx_HAL_Driver/Src/stm32g4xx_hal_uart_ex.c.obj
                0x08005672                HAL_UARTEx_SetTxFifoThreshold
 .text.HAL_UARTEx_SetRxFifoThreshold
                0x080056ee       0x7c cmake/stm32cubemx/CMakeFiles/STM32_Drivers.dir/__/__/Drivers/STM32G4xx_HAL_Driver/Src/stm32g4xx_hal_uart_ex.c.obj
                0x080056ee                HAL_UARTEx_SetRxFifoThreshold
 *fill*         0x0800576a        0x2 
 .text.UARTEx_SetNbDataToProcess
                0x0800576c       0x9c cmake/stm32cubemx/CMakeFiles/STM32_Drivers.dir/__/__/Drivers/STM32G4xx_HAL_Driver/Src/stm32g4xx_hal_uart_ex.c.obj
 .text.main     0x08005808       0x2c CMakeFiles/NUCLEO-G474RET6-Inverter_Base.dir/Core/Src/main.c.obj
                0x08005808                main
 .text.SystemClock_Config
                0x08005834       0x92 CMakeFiles/NUCLEO-G474RET6-Inverter_Base.dir/Core/Src/main.c.obj
                0x08005834                SystemClock_Config
 *fill*         0x080058c6        0x2 
 .text.HAL_TIM_PeriodElapsedCallback
                0x080058c8       0x24 CMakeFiles/NUCLEO-G474RET6-Inverter_Base.dir/Core/Src/main.c.obj
                0x080058c8                HAL_TIM_PeriodElapsedCallback
 .text.Error_Handler
                0x080058ec        0xc CMakeFiles/NUCLEO-G474RET6-Inverter_Base.dir/Core/Src/main.c.obj
                0x080058ec                Error_Handler
 .text.MX_GPIO_Init
                0x080058f8      0x120 CMakeFiles/NUCLEO-G474RET6-Inverter_Base.dir/Core/Src/gpio.c.obj
                0x080058f8                MX_GPIO_Init
 .text.MX_ADC1_Init
                0x08005a18       0xf0 CMakeFiles/NUCLEO-G474RET6-Inverter_Base.dir/Core/Src/adc.c.obj
                0x08005a18                MX_ADC1_Init
 .text.MX_ADC2_Init
                0x08005b08       0xcc CMakeFiles/NUCLEO-G474RET6-Inverter_Base.dir/Core/Src/adc.c.obj
                0x08005b08                MX_ADC2_Init
 .text.HAL_ADC_MspInit
                0x08005bd4      0x1f4 CMakeFiles/NUCLEO-G474RET6-Inverter_Base.dir/Core/Src/adc.c.obj
                0x08005bd4                HAL_ADC_MspInit
 .text.MX_TIM1_Init
                0x08005dc8      0x158 CMakeFiles/NUCLEO-G474RET6-Inverter_Base.dir/Core/Src/tim.c.obj
                0x08005dc8                MX_TIM1_Init
 .text.MX_TIM3_Init
                0x08005f20       0x98 CMakeFiles/NUCLEO-G474RET6-Inverter_Base.dir/Core/Src/tim.c.obj
                0x08005f20                MX_TIM3_Init
 .text.HAL_TIM_PWM_MspInit
                0x08005fb8       0x40 CMakeFiles/NUCLEO-G474RET6-Inverter_Base.dir/Core/Src/tim.c.obj
                0x08005fb8                HAL_TIM_PWM_MspInit
 .text.HAL_TIMEx_HallSensor_MspInit
                0x08005ff8       0xc4 CMakeFiles/NUCLEO-G474RET6-Inverter_Base.dir/Core/Src/tim.c.obj
                0x08005ff8                HAL_TIMEx_HallSensor_MspInit
 .text.HAL_TIM_MspPostInit
                0x080060bc       0xd0 CMakeFiles/NUCLEO-G474RET6-Inverter_Base.dir/Core/Src/tim.c.obj
                0x080060bc                HAL_TIM_MspPostInit
 .text.MX_USART2_UART_Init
                0x0800618c       0x98 CMakeFiles/NUCLEO-G474RET6-Inverter_Base.dir/Core/Src/usart.c.obj
                0x0800618c                MX_USART2_UART_Init
 .text.MX_USART3_UART_Init
                0x08006224       0x98 CMakeFiles/NUCLEO-G474RET6-Inverter_Base.dir/Core/Src/usart.c.obj
                0x08006224                MX_USART3_UART_Init
 .text.HAL_UART_MspInit
                0x080062bc      0x140 CMakeFiles/NUCLEO-G474RET6-Inverter_Base.dir/Core/Src/usart.c.obj
                0x080062bc                HAL_UART_MspInit
 .text.NMI_Handler
                0x080063fc        0x8 CMakeFiles/NUCLEO-G474RET6-Inverter_Base.dir/Core/Src/stm32g4xx_it.c.obj
                0x080063fc                NMI_Handler
 .text.HardFault_Handler
                0x08006404        0x8 CMakeFiles/NUCLEO-G474RET6-Inverter_Base.dir/Core/Src/stm32g4xx_it.c.obj
                0x08006404                HardFault_Handler
 .text.MemManage_Handler
                0x0800640c        0x8 CMakeFiles/NUCLEO-G474RET6-Inverter_Base.dir/Core/Src/stm32g4xx_it.c.obj
                0x0800640c                MemManage_Handler
 .text.BusFault_Handler
                0x08006414        0x8 CMakeFiles/NUCLEO-G474RET6-Inverter_Base.dir/Core/Src/stm32g4xx_it.c.obj
                0x08006414                BusFault_Handler
 .text.UsageFault_Handler
                0x0800641c        0x8 CMakeFiles/NUCLEO-G474RET6-Inverter_Base.dir/Core/Src/stm32g4xx_it.c.obj
                0x0800641c                UsageFault_Handler
 .text.SVC_Handler
                0x08006424        0xe CMakeFiles/NUCLEO-G474RET6-Inverter_Base.dir/Core/Src/stm32g4xx_it.c.obj
                0x08006424                SVC_Handler
 .text.DebugMon_Handler
                0x08006432        0xe CMakeFiles/NUCLEO-G474RET6-Inverter_Base.dir/Core/Src/stm32g4xx_it.c.obj
                0x08006432                DebugMon_Handler
 .text.PendSV_Handler
                0x08006440        0xe CMakeFiles/NUCLEO-G474RET6-Inverter_Base.dir/Core/Src/stm32g4xx_it.c.obj
                0x08006440                PendSV_Handler
 .text.SysTick_Handler
                0x0800644e        0xe CMakeFiles/NUCLEO-G474RET6-Inverter_Base.dir/Core/Src/stm32g4xx_it.c.obj
                0x0800644e                SysTick_Handler
 .text.USART2_IRQHandler
                0x0800645c       0x14 CMakeFiles/NUCLEO-G474RET6-Inverter_Base.dir/Core/Src/stm32g4xx_it.c.obj
                0x0800645c                USART2_IRQHandler
 .text.EXTI15_10_IRQHandler
                0x08006470       0x10 CMakeFiles/NUCLEO-G474RET6-Inverter_Base.dir/Core/Src/stm32g4xx_it.c.obj
                0x08006470                EXTI15_10_IRQHandler
 .text.TIM6_DAC_IRQHandler
                0x08006480       0x14 CMakeFiles/NUCLEO-G474RET6-Inverter_Base.dir/Core/Src/stm32g4xx_it.c.obj
                0x08006480                TIM6_DAC_IRQHandler
 .text.HAL_MspInit
                0x08006494       0x48 CMakeFiles/NUCLEO-G474RET6-Inverter_Base.dir/Core/Src/stm32g4xx_hal_msp.c.obj
                0x08006494                HAL_MspInit
 .text.HAL_InitTick
                0x080064dc       0xd8 CMakeFiles/NUCLEO-G474RET6-Inverter_Base.dir/Core/Src/stm32g4xx_hal_timebase_tim.c.obj
                0x080064dc                HAL_InitTick
 .text.Reset_Handler
                0x080065b4       0x50 CMakeFiles/NUCLEO-G474RET6-Inverter_Base.dir/startup_stm32g474xx.s.obj
                0x080065b4                Reset_Handler
 .text.Default_Handler
                0x08006604        0x2 CMakeFiles/NUCLEO-G474RET6-Inverter_Base.dir/startup_stm32g474xx.s.obj
                0x08006604                TIM1_BRK_TIM15_IRQHandler
                0x08006604                EXTI2_IRQHandler
                0x08006604                TIM8_TRG_COM_IRQHandler
                0x08006604                TIM8_CC_IRQHandler
                0x08006604                HRTIM1_Master_IRQHandler
                0x08006604                SPI4_IRQHandler
                0x08006604                FDCAN3_IT0_IRQHandler
                0x08006604                TIM1_CC_IRQHandler
                0x08006604                HRTIM1_FLT_IRQHandler
                0x08006604                HRTIM1_TIMF_IRQHandler
                0x08006604                USB_HP_IRQHandler
                0x08006604                CORDIC_IRQHandler
                0x08006604                HRTIM1_TIMD_IRQHandler
                0x08006604                DMA2_Channel8_IRQHandler
                0x08006604                EXTI3_IRQHandler
                0x08006604                I2C3_ER_IRQHandler
                0x08006604                EXTI0_IRQHandler
                0x08006604                I2C2_EV_IRQHandler
                0x08006604                FPU_IRQHandler
                0x08006604                FDCAN1_IT1_IRQHandler
                0x08006604                TIM1_UP_TIM16_IRQHandler
                0x08006604                ADC1_2_IRQHandler
                0x08006604                HRTIM1_TIME_IRQHandler
                0x08006604                SPI1_IRQHandler
                0x08006604                HRTIM1_TIMC_IRQHandler
                0x08006604                TIM8_UP_IRQHandler
                0x08006604                DMA2_Channel2_IRQHandler
                0x08006604                DMA1_Channel4_IRQHandler
                0x08006604                TIM20_TRG_COM_IRQHandler
                0x08006604                USART3_IRQHandler
                0x08006604                DMA1_Channel7_IRQHandler
                0x08006604                UART5_IRQHandler
                0x08006604                ADC3_IRQHandler
                0x08006604                TIM4_IRQHandler
                0x08006604                DMA2_Channel1_IRQHandler
                0x08006604                QUADSPI_IRQHandler
                0x08006604                I2C1_EV_IRQHandler
                0x08006604                DMA1_Channel6_IRQHandler
                0x08006604                UART4_IRQHandler
                0x08006604                DMA2_Channel4_IRQHandler
                0x08006604                TIM3_IRQHandler
                0x08006604                RCC_IRQHandler
                0x08006604                TIM20_UP_IRQHandler
                0x08006604                DMA1_Channel1_IRQHandler
                0x08006604                Default_Handler
                0x08006604                DMA2_Channel7_IRQHandler
                0x08006604                RTC_TAMP_LSECSS_IRQHandler
                0x08006604                FMAC_IRQHandler
                0x08006604                DMA1_Channel8_IRQHandler
                0x08006604                HRTIM1_TIMA_IRQHandler
                0x08006604                TIM7_DAC_IRQHandler
                0x08006604                FDCAN3_IT1_IRQHandler
                0x08006604                TIM5_IRQHandler
                0x08006604                UCPD1_IRQHandler
                0x08006604                I2C3_EV_IRQHandler
                0x08006604                EXTI9_5_IRQHandler
                0x08006604                RTC_WKUP_IRQHandler
                0x08006604                PVD_PVM_IRQHandler
                0x08006604                SPI2_IRQHandler
                0x08006604                ADC5_IRQHandler
                0x08006604                DMA2_Channel5_IRQHandler
                0x08006604                CRS_IRQHandler
                0x08006604                DMA1_Channel5_IRQHandler
                0x08006604                USB_LP_IRQHandler
                0x08006604                EXTI4_IRQHandler
                0x08006604                RNG_IRQHandler
                0x08006604                HRTIM1_TIMB_IRQHandler
                0x08006604                TIM1_TRG_COM_TIM17_IRQHandler
                0x08006604                FDCAN2_IT1_IRQHandler
                0x08006604                DMA1_Channel3_IRQHandler
                0x08006604                ADC4_IRQHandler
                0x08006604                WWDG_IRQHandler
                0x08006604                I2C4_EV_IRQHandler
                0x08006604                FDCAN2_IT0_IRQHandler
                0x08006604                LPUART1_IRQHandler
                0x08006604                DMA2_Channel6_IRQHandler
                0x08006604                FDCAN1_IT0_IRQHandler
                0x08006604                TIM2_IRQHandler
                0x08006604                COMP7_IRQHandler
                0x08006604                COMP1_2_3_IRQHandler
                0x08006604                EXTI1_IRQHandler
                0x08006604                COMP4_5_6_IRQHandler
                0x08006604                TIM20_BRK_IRQHandler
                0x08006604                I2C2_ER_IRQHandler
                0x08006604                DMA1_Channel2_IRQHandler
                0x08006604                TIM8_BRK_IRQHandler
                0x08006604                FLASH_IRQHandler
                0x08006604                TIM20_CC_IRQHandler
                0x08006604                USART1_IRQHandler
                0x08006604                SPI3_IRQHandler
                0x08006604                I2C1_ER_IRQHandler
                0x08006604                FMC_IRQHandler
                0x08006604                LPTIM1_IRQHandler
                0x08006604                DMAMUX_OVR_IRQHandler
                0x08006604                I2C4_ER_IRQHandler
                0x08006604                USBWakeUp_IRQHandler
                0x08006604                SAI1_IRQHandler
                0x08006604                DMA2_Channel3_IRQHandler
                0x08006604                RTC_Alarm_IRQHandler
 .text.memset   0x08006606       0x10 /Users/fernandesvincent/Library/Application Support/stm32cube/bundles/gnu-tools-for-stm32/13.3.1+st.9/bin/../lib/gcc/arm-none-eabi/13.3.1/../../../../arm-none-eabi/lib/thumb/v7e-m+fp/hard/libg_nano.a(libc_a-memset.o)
                0x08006606                memset
 *fill*         0x08006616        0x2 
 .text.__libc_init_array
                0x08006618       0x48 /Users/fernandesvincent/Library/Application Support/stm32cube/bundles/gnu-tools-for-stm32/13.3.1+st.9/bin/../lib/gcc/arm-none-eabi/13.3.1/../../../../arm-none-eabi/lib/thumb/v7e-m+fp/hard/libg_nano.a(libc_a-init.o)
                0x08006618                __libc_init_array
 *(.glue_7)
 .glue_7        0x08006660        0x0 linker stubs
 *(.glue_7t)
 .glue_7t       0x08006660        0x0 linker stubs
 *(.eh_frame)
 .eh_frame      0x08006660        0x0 /Users/fernandesvincent/Library/Application Support/stm32cube/bundles/gnu-tools-for-stm32/13.3.1+st.9/bin/../lib/gcc/arm-none-eabi/13.3.1/thumb/v7e-m+fp/hard/crtbegin.o
 *(.init)
 .init          0x08006660        0x4 /Users/fernandesvincent/Library/Application Support/stm32cube/bundles/gnu-tools-for-stm32/13.3.1+st.9/bin/../lib/gcc/arm-none-eabi/13.3.1/thumb/v7e-m+fp/hard/crti.o
                0x08006660                _init
 .init          0x08006664        0x8 /Users/fernandesvincent/Library/Application Support/stm32cube/bundles/gnu-tools-for-stm32/13.3.1+st.9/bin/../lib/gcc/arm-none-eabi/13.3.1/thumb/v7e-m+fp/hard/crtn.o
 *(.fini)
 .fini          0x0800666c        0x4 /Users/fernandesvincent/Library/Application Support/stm32cube/bundles/gnu-tools-for-stm32/13.3.1+st.9/bin/../lib/gcc/arm-none-eabi/13.3.1/thumb/v7e-m+fp/hard/crti.o
                0x0800666c                _fini
 .fini          0x08006670        0x8 /Users/fernandesvincent/Library/Application Support/stm32cube/bundles/gnu-tools-for-stm32/13.3.1+st.9/bin/../lib/gcc/arm-none-eabi/13.3.1/thumb/v7e-m+fp/hard/crtn.o
                0x08006678                        . = ALIGN (0x4)
                0x08006678                        _etext = .

.vfp11_veneer   0x08006678        0x0
 .vfp11_veneer  0x08006678        0x0 linker stubs

.v4_bx          0x08006678        0x0
 .v4_bx         0x08006678        0x0 linker stubs

.iplt           0x08006678        0x0
 .iplt          0x08006678        0x0 /Users/fernandesvincent/Library/Application Support/stm32cube/bundles/gnu-tools-for-stm32/13.3.1+st.9/bin/../lib/gcc/arm-none-eabi/13.3.1/thumb/v7e-m+fp/hard/crtbegin.o

.rodata         0x08006678       0x40
                0x08006678                        . = ALIGN (0x4)
 *(.rodata)
 *(.rodata*)
 .rodata.AHBPrescTable
                0x08006678       0x10 cmake/stm32cubemx/CMakeFiles/STM32_Drivers.dir/__/__/Core/Src/system_stm32g4xx.c.obj
                0x08006678                AHBPrescTable
 .rodata.APBPrescTable
                0x08006688        0x8 cmake/stm32cubemx/CMakeFiles/STM32_Drivers.dir/__/__/Core/Src/system_stm32g4xx.c.obj
                0x08006688                APBPrescTable
 .rodata.UARTPrescTable
                0x08006690       0x18 cmake/stm32cubemx/CMakeFiles/STM32_Drivers.dir/__/__/Drivers/STM32G4xx_HAL_Driver/Src/stm32g4xx_hal_uart.c.obj
                0x08006690                UARTPrescTable
 .rodata.numerator.1
                0x080066a8        0x8 cmake/stm32cubemx/CMakeFiles/STM32_Drivers.dir/__/__/Drivers/STM32G4xx_HAL_Driver/Src/stm32g4xx_hal_uart_ex.c.obj
 .rodata.denominator.0
                0x080066b0        0x8 cmake/stm32cubemx/CMakeFiles/STM32_Drivers.dir/__/__/Drivers/STM32G4xx_HAL_Driver/Src/stm32g4xx_hal_uart_ex.c.obj
                0x080066b8                        . = ALIGN (0x4)

.ARM.extab      0x080066b8        0x0
                0x080066b8                        . = ALIGN (0x4)
 *(.ARM.extab* .gnu.linkonce.armextab.*)
                0x080066b8                        . = ALIGN (0x4)

.ARM            0x080066b8        0x8
                0x080066b8                        . = ALIGN (0x4)
                0x080066b8                        __exidx_start = .
 *(.ARM.exidx*)
 .ARM.exidx     0x080066b8        0x8 /Users/fernandesvincent/Library/Application Support/stm32cube/bundles/gnu-tools-for-stm32/13.3.1+st.9/bin/../lib/gcc/arm-none-eabi/13.3.1/thumb/v7e-m+fp/hard/libgcc.a(_udivmoddi4.o)
                0x080066c0                        __exidx_end = .
                0x080066c0                        . = ALIGN (0x4)

.preinit_array  0x080066c0        0x0
                0x080066c0                        . = ALIGN (0x4)
                0x080066c0                        PROVIDE (__preinit_array_start = .)
 *(.preinit_array*)
                0x080066c0                        PROVIDE (__preinit_array_end = .)
                0x080066c0                        . = ALIGN (0x4)

.init_array     0x080066c0        0x4
                0x080066c0                        . = ALIGN (0x4)
                0x080066c0                        PROVIDE (__init_array_start = .)
 *(SORT_BY_NAME(.init_array.*))
 *(.init_array*)
 .init_array    0x080066c0        0x4 /Users/fernandesvincent/Library/Application Support/stm32cube/bundles/gnu-tools-for-stm32/13.3.1+st.9/bin/../lib/gcc/arm-none-eabi/13.3.1/thumb/v7e-m+fp/hard/crtbegin.o
                0x080066c4                        PROVIDE (__init_array_end = .)
                0x080066c4                        . = ALIGN (0x4)

.fini_array     0x080066c4        0x4
                0x080066c4                        . = ALIGN (0x4)
                [!provide]                        PROVIDE (__fini_array_start = .)
 *(SORT_BY_NAME(.fini_array.*))
 *(.fini_array*)
 .fini_array    0x080066c4        0x4 /Users/fernandesvincent/Library/Application Support/stm32cube/bundles/gnu-tools-for-stm32/13.3.1+st.9/bin/../lib/gcc/arm-none-eabi/13.3.1/thumb/v7e-m+fp/hard/crtbegin.o
                [!provide]                        PROVIDE (__fini_array_end = .)
                0x080066c8                        . = ALIGN (0x4)
                0x080066c8                        _sidata = LOADADDR (.data)

.rel.dyn        0x080066c8        0x0
 .rel.iplt      0x080066c8        0x0 /Users/fernandesvincent/Library/Application Support/stm32cube/bundles/gnu-tools-for-stm32/13.3.1+st.9/bin/../lib/gcc/arm-none-eabi/13.3.1/thumb/v7e-m+fp/hard/crtbegin.o

.data           0x20000000        0xc load address 0x080066c8
                0x20000000                        . = ALIGN (0x4)
                0x20000000                        _sdata = .
 *(.data)
 *(.data*)
 .data.SystemCoreClock
                0x20000000        0x4 cmake/stm32cubemx/CMakeFiles/STM32_Drivers.dir/__/__/Core/Src/system_stm32g4xx.c.obj
                0x20000000                SystemCoreClock
 .data.uwTickPrio
                0x20000004        0x4 cmake/stm32cubemx/CMakeFiles/STM32_Drivers.dir/__/__/Drivers/STM32G4xx_HAL_Driver/Src/stm32g4xx_hal.c.obj
                0x20000004                uwTickPrio
 .data.uwTickFreq
                0x20000008        0x4 cmake/stm32cubemx/CMakeFiles/STM32_Drivers.dir/__/__/Drivers/STM32G4xx_HAL_Driver/Src/stm32g4xx_hal.c.obj
                0x20000008                uwTickFreq
 *(.RamFunc)
 *(.RamFunc*)
                0x2000000c                        . = ALIGN (0x4)

.igot.plt       0x2000000c        0x0 load address 0x080066d4
 .igot.plt      0x2000000c        0x0 /Users/fernandesvincent/Library/Application Support/stm32cube/bundles/gnu-tools-for-stm32/13.3.1+st.9/bin/../lib/gcc/arm-none-eabi/13.3.1/thumb/v7e-m+fp/hard/crtbegin.o

.tdata          0x2000000c        0x0 load address 0x080066d4
 *(.tdata .tdata.* .gnu.linkonce.td.*)
                0x2000000c                        . = ALIGN (0x4)
                0x2000000c                        _edata = .
                [!provide]                        PROVIDE (__data_end = .)
                [!provide]                        PROVIDE (__tdata_end = .)
                [!provide]                        PROVIDE (__tdata_start = ADDR (.tdata))
                [!provide]                        PROVIDE (__tdata_size = (__tdata_end - __tdata_start))
                [!provide]                        PROVIDE (__data_start = ADDR (.data))
                [!provide]                        PROVIDE (__data_size = (__data_end - __data_start))
                [!provide]                        PROVIDE (__tdata_source = LOADADDR (.tdata))
                [!provide]                        PROVIDE (__tdata_source_end = (LOADADDR (.tdata) + SIZEOF (.tdata)))
                [!provide]                        PROVIDE (__tdata_source_size = (__tdata_source_end - __tdata_source))
                [!provide]                        PROVIDE (__data_source = LOADADDR (.data))
                [!provide]                        PROVIDE (__data_source_end = __tdata_source_end)
                [!provide]                        PROVIDE (__data_source_size = (__data_source_end - __data_source))

.tbss           0x2000000c        0x0 load address 0x080066d4
                0x2000000c                        _sbss = .
                0x2000000c                        __bss_start__ = _sbss
 *(.tbss .tbss.*)
                0x2000000c                        . = ALIGN (0x4)
                [!provide]                        PROVIDE (__tbss_end = .)
                [!provide]                        PROVIDE (__tbss_start = ADDR (.tbss))
                [!provide]                        PROVIDE (__tbss_size = (__tbss_end - __tbss_start))
                [!provide]                        PROVIDE (__tbss_offset = (ADDR (.tbss) - ADDR (.tdata)))
                [!provide]                        PROVIDE (__tls_base = __tdata_start)
                [!provide]                        PROVIDE (__tls_end = __tbss_end)
                [!provide]                        PROVIDE (__tls_size = (__tls_end - __tls_base))
                [!provide]                        PROVIDE (__tls_align = MAX (ALIGNOF (.tdata), ALIGNOF (.tbss)))
                [!provide]                        PROVIDE (__tls_size_align = (((__tls_size + __tls_align) - 0x1) & ~ ((__tls_align - 0x1))))
                [!provide]                        PROVIDE (__arm32_tls_tcb_offset = MAX (0x8, __tls_align))
                [!provide]                        PROVIDE (__arm64_tls_tcb_offset = MAX (0x10, __tls_align))

.bss            0x2000000c      0x308 load address 0x080066d4
 *(.bss)
 .bss           0x2000000c       0x1c /Users/fernandesvincent/Library/Application Support/stm32cube/bundles/gnu-tools-for-stm32/13.3.1+st.9/bin/../lib/gcc/arm-none-eabi/13.3.1/thumb/v7e-m+fp/hard/crtbegin.o
 *(.bss*)
 .bss.uwTick    0x20000028        0x4 cmake/stm32cubemx/CMakeFiles/STM32_Drivers.dir/__/__/Drivers/STM32G4xx_HAL_Driver/Src/stm32g4xx_hal.c.obj
                0x20000028                uwTick
 .bss.hadc1     0x2000002c       0x6c CMakeFiles/NUCLEO-G474RET6-Inverter_Base.dir/Core/Src/adc.c.obj
                0x2000002c                hadc1
 .bss.hadc2     0x20000098       0x6c CMakeFiles/NUCLEO-G474RET6-Inverter_Base.dir/Core/Src/adc.c.obj
                0x20000098                hadc2
 .bss.HAL_RCC_ADC12_CLK_ENABLED
                0x20000104        0x4 CMakeFiles/NUCLEO-G474RET6-Inverter_Base.dir/Core/Src/adc.c.obj
 .bss.htim1     0x20000108       0x4c CMakeFiles/NUCLEO-G474RET6-Inverter_Base.dir/Core/Src/tim.c.obj
                0x20000108                htim1
 .bss.htim3     0x20000154       0x4c CMakeFiles/NUCLEO-G474RET6-Inverter_Base.dir/Core/Src/tim.c.obj
                0x20000154                htim3
 .bss.huart2    0x200001a0       0x94 CMakeFiles/NUCLEO-G474RET6-Inverter_Base.dir/Core/Src/usart.c.obj
                0x200001a0                huart2
 .bss.huart3    0x20000234       0x94 CMakeFiles/NUCLEO-G474RET6-Inverter_Base.dir/Core/Src/usart.c.obj
                0x20000234                huart3
 .bss.htim6     0x200002c8       0x4c CMakeFiles/NUCLEO-G474RET6-Inverter_Base.dir/Core/Src/stm32g4xx_hal_timebase_tim.c.obj
                0x200002c8                htim6
 *(COMMON)
                0x20000314                        . = ALIGN (0x4)
                0x20000314                        _ebss = .
                0x20000314                        __bss_end__ = _ebss
                [!provide]                        PROVIDE (__bss_end = .)
                [!provide]                        PROVIDE (__non_tls_bss_start = ADDR (.bss))
                [!provide]                        PROVIDE (__bss_start = __tbss_start)
                [!provide]                        PROVIDE (__bss_size = (__bss_end - __bss_start))

._user_heap_stack
                0x20000314      0x604 load address 0x080066d4
                0x20000318                        . = ALIGN (0x8)
 *fill*         0x20000314        0x4 
                [!provide]                        PROVIDE (end = .)
                0x20000318                        PROVIDE (_end = .)
                0x20000518                        . = (. + _Min_Heap_Size)
 *fill*         0x20000318      0x200 
                0x20000918                        . = (. + _Min_Stack_Size)
 *fill*         0x20000518      0x400 
                0x20000918                        . = ALIGN (0x8)

/DISCARD/
 libc.a:*(*)
 libm.a:*(*)
 libgcc.a:*(*)
OUTPUT(NUCLEO-G474RET6-Inverter_Base.elf elf32-littlearm)
LOAD linker stubs

.ARM.attributes
                0x00000000       0x30
 .ARM.attributes
                0x00000000       0x22 /Users/fernandesvincent/Library/Application Support/stm32cube/bundles/gnu-tools-for-stm32/13.3.1+st.9/bin/../lib/gcc/arm-none-eabi/13.3.1/thumb/v7e-m+fp/hard/crti.o
 .ARM.attributes
                0x00000022       0x34 /Users/fernandesvincent/Library/Application Support/stm32cube/bundles/gnu-tools-for-stm32/13.3.1+st.9/bin/../lib/gcc/arm-none-eabi/13.3.1/thumb/v7e-m+fp/hard/crtbegin.o
 .ARM.attributes
                0x00000056       0x34 cmake/stm32cubemx/CMakeFiles/STM32_Drivers.dir/__/__/Core/Src/system_stm32g4xx.c.obj
 .ARM.attributes
                0x0000008a       0x34 cmake/stm32cubemx/CMakeFiles/STM32_Drivers.dir/__/__/Drivers/STM32G4xx_HAL_Driver/Src/stm32g4xx_hal_tim.c.obj
 .ARM.attributes
                0x000000be       0x34 cmake/stm32cubemx/CMakeFiles/STM32_Drivers.dir/__/__/Drivers/STM32G4xx_HAL_Driver/Src/stm32g4xx_hal_tim_ex.c.obj
 .ARM.attributes
                0x000000f2       0x34 cmake/stm32cubemx/CMakeFiles/STM32_Drivers.dir/__/__/Drivers/STM32G4xx_HAL_Driver/Src/stm32g4xx_hal_adc.c.obj
 .ARM.attributes
                0x00000126       0x34 cmake/stm32cubemx/CMakeFiles/STM32_Drivers.dir/__/__/Drivers/STM32G4xx_HAL_Driver/Src/stm32g4xx_hal_adc_ex.c.obj
 .ARM.attributes
                0x0000015a       0x34 cmake/stm32cubemx/CMakeFiles/STM32_Drivers.dir/__/__/Drivers/STM32G4xx_HAL_Driver/Src/stm32g4xx_hal.c.obj
 .ARM.attributes
                0x0000018e       0x34 cmake/stm32cubemx/CMakeFiles/STM32_Drivers.dir/__/__/Drivers/STM32G4xx_HAL_Driver/Src/stm32g4xx_hal_rcc.c.obj
 .ARM.attributes
                0x000001c2       0x34 cmake/stm32cubemx/CMakeFiles/STM32_Drivers.dir/__/__/Drivers/STM32G4xx_HAL_Driver/Src/stm32g4xx_hal_rcc_ex.c.obj
 .ARM.attributes
                0x000001f6       0x34 cmake/stm32cubemx/CMakeFiles/STM32_Drivers.dir/__/__/Drivers/STM32G4xx_HAL_Driver/Src/stm32g4xx_hal_gpio.c.obj
 .ARM.attributes
                0x0000022a       0x34 cmake/stm32cubemx/CMakeFiles/STM32_Drivers.dir/__/__/Drivers/STM32G4xx_HAL_Driver/Src/stm32g4xx_hal_dma.c.obj
 .ARM.attributes
                0x0000025e       0x34 cmake/stm32cubemx/CMakeFiles/STM32_Drivers.dir/__/__/Drivers/STM32G4xx_HAL_Driver/Src/stm32g4xx_hal_pwr_ex.c.obj
 .ARM.attributes
                0x00000292       0x34 cmake/stm32cubemx/CMakeFiles/STM32_Drivers.dir/__/__/Drivers/STM32G4xx_HAL_Driver/Src/stm32g4xx_hal_cortex.c.obj
 .ARM.attributes
                0x000002c6       0x34 cmake/stm32cubemx/CMakeFiles/STM32_Drivers.dir/__/__/Drivers/STM32G4xx_HAL_Driver/Src/stm32g4xx_hal_uart.c.obj
 .ARM.attributes
                0x000002fa       0x34 cmake/stm32cubemx/CMakeFiles/STM32_Drivers.dir/__/__/Drivers/STM32G4xx_HAL_Driver/Src/stm32g4xx_hal_uart_ex.c.obj
 .ARM.attributes
                0x0000032e       0x34 CMakeFiles/NUCLEO-G474RET6-Inverter_Base.dir/Core/Src/main.c.obj
 .ARM.attributes
                0x00000362       0x34 CMakeFiles/NUCLEO-G474RET6-Inverter_Base.dir/Core/Src/gpio.c.obj
 .ARM.attributes
                0x00000396       0x34 CMakeFiles/NUCLEO-G474RET6-Inverter_Base.dir/Core/Src/adc.c.obj
 .ARM.attributes
                0x000003ca       0x34 CMakeFiles/NUCLEO-G474RET6-Inverter_Base.dir/Core/Src/tim.c.obj
 .ARM.attributes
                0x000003fe       0x34 CMakeFiles/NUCLEO-G474RET6-Inverter_Base.dir/Core/Src/usart.c.obj
 .ARM.attributes
                0x00000432       0x34 CMakeFiles/NUCLEO-G474RET6-Inverter_Base.dir/Core/Src/stm32g4xx_it.c.obj
 .ARM.attributes
                0x00000466       0x34 CMakeFiles/NUCLEO-G474RET6-Inverter_Base.dir/Core/Src/stm32g4xx_hal_msp.c.obj
 .ARM.attributes
                0x0000049a       0x34 CMakeFiles/NUCLEO-G474RET6-Inverter_Base.dir/Core/Src/stm32g4xx_hal_timebase_tim.c.obj
 .ARM.attributes
                0x000004ce       0x21 CMakeFiles/NUCLEO-G474RET6-Inverter_Base.dir/startup_stm32g474xx.s.obj
 .ARM.attributes
                0x000004ef       0x22 /Users/fernandesvincent/Library/Application Support/stm32cube/bundles/gnu-tools-for-stm32/13.3.1+st.9/bin/../lib/gcc/arm-none-eabi/13.3.1/thumb/v7e-m+fp/hard/libgcc.a(_aeabi_uldivmod.o)
 .ARM.attributes
                0x00000511       0x34 /Users/fernandesvincent/Library/Application Support/stm32cube/bundles/gnu-tools-for-stm32/13.3.1+st.9/bin/../lib/gcc/arm-none-eabi/13.3.1/thumb/v7e-m+fp/hard/libgcc.a(_udivmoddi4.o)
 .ARM.attributes
                0x00000545       0x22 /Users/fernandesvincent/Library/Application Support/stm32cube/bundles/gnu-tools-for-stm32/13.3.1+st.9/bin/../lib/gcc/arm-none-eabi/13.3.1/thumb/v7e-m+fp/hard/libgcc.a(_dvmd_tls.o)
 .ARM.attributes
                0x00000567       0x34 /Users/fernandesvincent/Library/Application Support/stm32cube/bundles/gnu-tools-for-stm32/13.3.1+st.9/bin/../lib/gcc/arm-none-eabi/13.3.1/../../../../arm-none-eabi/lib/thumb/v7e-m+fp/hard/libg_nano.a(libc_a-memset.o)
 .ARM.attributes
                0x0000059b       0x34 /Users/fernandesvincent/Library/Application Support/stm32cube/bundles/gnu-tools-for-stm32/13.3.1+st.9/bin/../lib/gcc/arm-none-eabi/13.3.1/../../../../arm-none-eabi/lib/thumb/v7e-m+fp/hard/libg_nano.a(libc_a-init.o)
 .ARM.attributes
                0x000005cf       0x22 /Users/fernandesvincent/Library/Application Support/stm32cube/bundles/gnu-tools-for-stm32/13.3.1+st.9/bin/../lib/gcc/arm-none-eabi/13.3.1/thumb/v7e-m+fp/hard/crtn.o

.comment        0x00000000       0x43
 .comment       0x00000000       0x43 cmake/stm32cubemx/CMakeFiles/STM32_Drivers.dir/__/__/Core/Src/system_stm32g4xx.c.obj
                                 0x44 (size before relaxing)
 .comment       0x00000043        0x0 cmake/stm32cubemx/CMakeFiles/STM32_Drivers.dir/__/__/Drivers/STM32G4xx_HAL_Driver/Src/stm32g4xx_hal_tim.c.obj
                                 0x44 (size before relaxing)
 .comment       0x00000043        0x0 cmake/stm32cubemx/CMakeFiles/STM32_Drivers.dir/__/__/Drivers/STM32G4xx_HAL_Driver/Src/stm32g4xx_hal_tim_ex.c.obj
                                 0x44 (size before relaxing)
 .comment       0x00000043        0x0 cmake/stm32cubemx/CMakeFiles/STM32_Drivers.dir/__/__/Drivers/STM32G4xx_HAL_Driver/Src/stm32g4xx_hal_adc.c.obj
                                 0x44 (size before relaxing)
 .comment       0x00000043        0x0 cmake/stm32cubemx/CMakeFiles/STM32_Drivers.dir/__/__/Drivers/STM32G4xx_HAL_Driver/Src/stm32g4xx_hal_adc_ex.c.obj
                                 0x44 (size before relaxing)
 .comment       0x00000043        0x0 cmake/stm32cubemx/CMakeFiles/STM32_Drivers.dir/__/__/Drivers/STM32G4xx_HAL_Driver/Src/stm32g4xx_hal.c.obj
                                 0x44 (size before relaxing)
 .comment       0x00000043        0x0 cmake/stm32cubemx/CMakeFiles/STM32_Drivers.dir/__/__/Drivers/STM32G4xx_HAL_Driver/Src/stm32g4xx_hal_rcc.c.obj
                                 0x44 (size before relaxing)
 .comment       0x00000043        0x0 cmake/stm32cubemx/CMakeFiles/STM32_Drivers.dir/__/__/Drivers/STM32G4xx_HAL_Driver/Src/stm32g4xx_hal_rcc_ex.c.obj
                                 0x44 (size before relaxing)
 .comment       0x00000043        0x0 cmake/stm32cubemx/CMakeFiles/STM32_Drivers.dir/__/__/Drivers/STM32G4xx_HAL_Driver/Src/stm32g4xx_hal_gpio.c.obj
                                 0x44 (size before relaxing)
 .comment       0x00000043        0x0 cmake/stm32cubemx/CMakeFiles/STM32_Drivers.dir/__/__/Drivers/STM32G4xx_HAL_Driver/Src/stm32g4xx_hal_dma.c.obj
                                 0x44 (size before relaxing)
 .comment       0x00000043        0x0 cmake/stm32cubemx/CMakeFiles/STM32_Drivers.dir/__/__/Drivers/STM32G4xx_HAL_Driver/Src/stm32g4xx_hal_pwr_ex.c.obj
                                 0x44 (size before relaxing)
 .comment       0x00000043        0x0 cmake/stm32cubemx/CMakeFiles/STM32_Drivers.dir/__/__/Drivers/STM32G4xx_HAL_Driver/Src/stm32g4xx_hal_cortex.c.obj
                                 0x44 (size before relaxing)
 .comment       0x00000043        0x0 cmake/stm32cubemx/CMakeFiles/STM32_Drivers.dir/__/__/Drivers/STM32G4xx_HAL_Driver/Src/stm32g4xx_hal_uart.c.obj
                                 0x44 (size before relaxing)
 .comment       0x00000043        0x0 cmake/stm32cubemx/CMakeFiles/STM32_Drivers.dir/__/__/Drivers/STM32G4xx_HAL_Driver/Src/stm32g4xx_hal_uart_ex.c.obj
                                 0x44 (size before relaxing)
 .comment       0x00000043        0x0 CMakeFiles/NUCLEO-G474RET6-Inverter_Base.dir/Core/Src/main.c.obj
                                 0x44 (size before relaxing)
 .comment       0x00000043        0x0 CMakeFiles/NUCLEO-G474RET6-Inverter_Base.dir/Core/Src/gpio.c.obj
                                 0x44 (size before relaxing)
 .comment       0x00000043        0x0 CMakeFiles/NUCLEO-G474RET6-Inverter_Base.dir/Core/Src/adc.c.obj
                                 0x44 (size before relaxing)
 .comment       0x00000043        0x0 CMakeFiles/NUCLEO-G474RET6-Inverter_Base.dir/Core/Src/tim.c.obj
                                 0x44 (size before relaxing)
 .comment       0x00000043        0x0 CMakeFiles/NUCLEO-G474RET6-Inverter_Base.dir/Core/Src/usart.c.obj
                                 0x44 (size before relaxing)
 .comment       0x00000043        0x0 CMakeFiles/NUCLEO-G474RET6-Inverter_Base.dir/Core/Src/stm32g4xx_it.c.obj
                                 0x44 (size before relaxing)
 .comment       0x00000043        0x0 CMakeFiles/NUCLEO-G474RET6-Inverter_Base.dir/Core/Src/stm32g4xx_hal_msp.c.obj
                                 0x44 (size before relaxing)
 .comment       0x00000043        0x0 CMakeFiles/NUCLEO-G474RET6-Inverter_Base.dir/Core/Src/stm32g4xx_hal_timebase_tim.c.obj
                                 0x44 (size before relaxing)
 .comment       0x00000043        0x0 /Users/fernandesvincent/Library/Application Support/stm32cube/bundles/gnu-tools-for-stm32/13.3.1+st.9/bin/../lib/gcc/arm-none-eabi/13.3.1/../../../../arm-none-eabi/lib/thumb/v7e-m+fp/hard/libg_nano.a(libc_a-memset.o)
                                 0x44 (size before relaxing)
 .comment       0x00000043        0x0 /Users/fernandesvincent/Library/Application Support/stm32cube/bundles/gnu-tools-for-stm32/13.3.1+st.9/bin/../lib/gcc/arm-none-eabi/13.3.1/../../../../arm-none-eabi/lib/thumb/v7e-m+fp/hard/libg_nano.a(libc_a-init.o)
                                 0x44 (size before relaxing)

.debug_info     0x00000000    0x192e9
 .debug_info    0x00000000      0x58e cmake/stm32cubemx/CMakeFiles/STM32_Drivers.dir/__/__/Core/Src/system_stm32g4xx.c.obj
 .debug_info    0x0000058e     0x2c52 cmake/stm32cubemx/CMakeFiles/STM32_Drivers.dir/__/__/Drivers/STM32G4xx_HAL_Driver/Src/stm32g4xx_hal_tim.c.obj
 .debug_info    0x000031e0     0x1d95 cmake/stm32cubemx/CMakeFiles/STM32_Drivers.dir/__/__/Drivers/STM32G4xx_HAL_Driver/Src/stm32g4xx_hal_tim_ex.c.obj
 .debug_info    0x00004f75     0x2063 cmake/stm32cubemx/CMakeFiles/STM32_Drivers.dir/__/__/Drivers/STM32G4xx_HAL_Driver/Src/stm32g4xx_hal_adc.c.obj
 .debug_info    0x00006fd8     0x1d80 cmake/stm32cubemx/CMakeFiles/STM32_Drivers.dir/__/__/Drivers/STM32G4xx_HAL_Driver/Src/stm32g4xx_hal_adc_ex.c.obj
 .debug_info    0x00008d58      0xb95 cmake/stm32cubemx/CMakeFiles/STM32_Drivers.dir/__/__/Drivers/STM32G4xx_HAL_Driver/Src/stm32g4xx_hal.c.obj
 .debug_info    0x000098ed      0xbe0 cmake/stm32cubemx/CMakeFiles/STM32_Drivers.dir/__/__/Drivers/STM32G4xx_HAL_Driver/Src/stm32g4xx_hal_rcc.c.obj
 .debug_info    0x0000a4cd      0xc45 cmake/stm32cubemx/CMakeFiles/STM32_Drivers.dir/__/__/Drivers/STM32G4xx_HAL_Driver/Src/stm32g4xx_hal_rcc_ex.c.obj
 .debug_info    0x0000b112      0x763 cmake/stm32cubemx/CMakeFiles/STM32_Drivers.dir/__/__/Drivers/STM32G4xx_HAL_Driver/Src/stm32g4xx_hal_gpio.c.obj
 .debug_info    0x0000b875      0x85f cmake/stm32cubemx/CMakeFiles/STM32_Drivers.dir/__/__/Drivers/STM32G4xx_HAL_Driver/Src/stm32g4xx_hal_dma.c.obj
 .debug_info    0x0000c0d4      0x93f cmake/stm32cubemx/CMakeFiles/STM32_Drivers.dir/__/__/Drivers/STM32G4xx_HAL_Driver/Src/stm32g4xx_hal_pwr_ex.c.obj
 .debug_info    0x0000ca13      0xdf9 cmake/stm32cubemx/CMakeFiles/STM32_Drivers.dir/__/__/Drivers/STM32G4xx_HAL_Driver/Src/stm32g4xx_hal_cortex.c.obj
 .debug_info    0x0000d80c     0x481e cmake/stm32cubemx/CMakeFiles/STM32_Drivers.dir/__/__/Drivers/STM32G4xx_HAL_Driver/Src/stm32g4xx_hal_uart.c.obj
 .debug_info    0x0001202a      0xfdd cmake/stm32cubemx/CMakeFiles/STM32_Drivers.dir/__/__/Drivers/STM32G4xx_HAL_Driver/Src/stm32g4xx_hal_uart_ex.c.obj
 .debug_info    0x00013007      0xa57 CMakeFiles/NUCLEO-G474RET6-Inverter_Base.dir/Core/Src/main.c.obj
 .debug_info    0x00013a5e      0x77a CMakeFiles/NUCLEO-G474RET6-Inverter_Base.dir/Core/Src/gpio.c.obj
 .debug_info    0x000141d8     0x1021 CMakeFiles/NUCLEO-G474RET6-Inverter_Base.dir/Core/Src/adc.c.obj
 .debug_info    0x000151f9     0x1017 CMakeFiles/NUCLEO-G474RET6-Inverter_Base.dir/Core/Src/tim.c.obj
 .debug_info    0x00016210     0x10f4 CMakeFiles/NUCLEO-G474RET6-Inverter_Base.dir/Core/Src/usart.c.obj
 .debug_info    0x00017304      0xc78 CMakeFiles/NUCLEO-G474RET6-Inverter_Base.dir/Core/Src/stm32g4xx_it.c.obj
 .debug_info    0x00017f7c      0x2da CMakeFiles/NUCLEO-G474RET6-Inverter_Base.dir/Core/Src/stm32g4xx_hal_msp.c.obj
 .debug_info    0x00018256      0xe78 CMakeFiles/NUCLEO-G474RET6-Inverter_Base.dir/Core/Src/stm32g4xx_hal_timebase_tim.c.obj
 .debug_info    0x000190ce       0x30 CMakeFiles/NUCLEO-G474RET6-Inverter_Base.dir/startup_stm32g474xx.s.obj
 .debug_info    0x000190fe       0xe0 /Users/fernandesvincent/Library/Application Support/stm32cube/bundles/gnu-tools-for-stm32/13.3.1+st.9/bin/../lib/gcc/arm-none-eabi/13.3.1/../../../../arm-none-eabi/lib/thumb/v7e-m+fp/hard/libg_nano.a(libc_a-memset.o)
 .debug_info    0x000191de      0x10b /Users/fernandesvincent/Library/Application Support/stm32cube/bundles/gnu-tools-for-stm32/13.3.1+st.9/bin/../lib/gcc/arm-none-eabi/13.3.1/../../../../arm-none-eabi/lib/thumb/v7e-m+fp/hard/libg_nano.a(libc_a-init.o)

.debug_abbrev   0x00000000     0x3320
 .debug_abbrev  0x00000000      0x11a cmake/stm32cubemx/CMakeFiles/STM32_Drivers.dir/__/__/Core/Src/system_stm32g4xx.c.obj
 .debug_abbrev  0x0000011a      0x2a7 cmake/stm32cubemx/CMakeFiles/STM32_Drivers.dir/__/__/Drivers/STM32G4xx_HAL_Driver/Src/stm32g4xx_hal_tim.c.obj
 .debug_abbrev  0x000003c1      0x2c5 cmake/stm32cubemx/CMakeFiles/STM32_Drivers.dir/__/__/Drivers/STM32G4xx_HAL_Driver/Src/stm32g4xx_hal_tim_ex.c.obj
 .debug_abbrev  0x00000686      0x2d3 cmake/stm32cubemx/CMakeFiles/STM32_Drivers.dir/__/__/Drivers/STM32G4xx_HAL_Driver/Src/stm32g4xx_hal_adc.c.obj
 .debug_abbrev  0x00000959      0x2ee cmake/stm32cubemx/CMakeFiles/STM32_Drivers.dir/__/__/Drivers/STM32G4xx_HAL_Driver/Src/stm32g4xx_hal_adc_ex.c.obj
 .debug_abbrev  0x00000c47      0x271 cmake/stm32cubemx/CMakeFiles/STM32_Drivers.dir/__/__/Drivers/STM32G4xx_HAL_Driver/Src/stm32g4xx_hal.c.obj
 .debug_abbrev  0x00000eb8      0x2c9 cmake/stm32cubemx/CMakeFiles/STM32_Drivers.dir/__/__/Drivers/STM32G4xx_HAL_Driver/Src/stm32g4xx_hal_rcc.c.obj
 .debug_abbrev  0x00001181      0x258 cmake/stm32cubemx/CMakeFiles/STM32_Drivers.dir/__/__/Drivers/STM32G4xx_HAL_Driver/Src/stm32g4xx_hal_rcc_ex.c.obj
 .debug_abbrev  0x000013d9      0x1cb cmake/stm32cubemx/CMakeFiles/STM32_Drivers.dir/__/__/Drivers/STM32G4xx_HAL_Driver/Src/stm32g4xx_hal_gpio.c.obj
 .debug_abbrev  0x000015a4      0x1e2 cmake/stm32cubemx/CMakeFiles/STM32_Drivers.dir/__/__/Drivers/STM32G4xx_HAL_Driver/Src/stm32g4xx_hal_dma.c.obj
 .debug_abbrev  0x00001786      0x22c cmake/stm32cubemx/CMakeFiles/STM32_Drivers.dir/__/__/Drivers/STM32G4xx_HAL_Driver/Src/stm32g4xx_hal_pwr_ex.c.obj
 .debug_abbrev  0x000019b2      0x31c cmake/stm32cubemx/CMakeFiles/STM32_Drivers.dir/__/__/Drivers/STM32G4xx_HAL_Driver/Src/stm32g4xx_hal_cortex.c.obj
 .debug_abbrev  0x00001cce      0x304 cmake/stm32cubemx/CMakeFiles/STM32_Drivers.dir/__/__/Drivers/STM32G4xx_HAL_Driver/Src/stm32g4xx_hal_uart.c.obj
 .debug_abbrev  0x00001fd2      0x2d2 cmake/stm32cubemx/CMakeFiles/STM32_Drivers.dir/__/__/Drivers/STM32G4xx_HAL_Driver/Src/stm32g4xx_hal_uart_ex.c.obj
 .debug_abbrev  0x000022a4      0x24e CMakeFiles/NUCLEO-G474RET6-Inverter_Base.dir/Core/Src/main.c.obj
 .debug_abbrev  0x000024f2      0x15b CMakeFiles/NUCLEO-G474RET6-Inverter_Base.dir/Core/Src/gpio.c.obj
 .debug_abbrev  0x0000264d      0x1f5 CMakeFiles/NUCLEO-G474RET6-Inverter_Base.dir/Core/Src/adc.c.obj
 .debug_abbrev  0x00002842      0x287 CMakeFiles/NUCLEO-G474RET6-Inverter_Base.dir/Core/Src/tim.c.obj
 .debug_abbrev  0x00002ac9      0x219 CMakeFiles/NUCLEO-G474RET6-Inverter_Base.dir/Core/Src/usart.c.obj
 .debug_abbrev  0x00002ce2      0x1b7 CMakeFiles/NUCLEO-G474RET6-Inverter_Base.dir/Core/Src/stm32g4xx_it.c.obj
 .debug_abbrev  0x00002e99       0xd9 CMakeFiles/NUCLEO-G474RET6-Inverter_Base.dir/Core/Src/stm32g4xx_hal_msp.c.obj
 .debug_abbrev  0x00002f72      0x223 CMakeFiles/NUCLEO-G474RET6-Inverter_Base.dir/Core/Src/stm32g4xx_hal_timebase_tim.c.obj
 .debug_abbrev  0x00003195       0x24 CMakeFiles/NUCLEO-G474RET6-Inverter_Base.dir/startup_stm32g474xx.s.obj
 .debug_abbrev  0x000031b9       0x9e /Users/fernandesvincent/Library/Application Support/stm32cube/bundles/gnu-tools-for-stm32/13.3.1+st.9/bin/../lib/gcc/arm-none-eabi/13.3.1/../../../../arm-none-eabi/lib/thumb/v7e-m+fp/hard/libg_nano.a(libc_a-memset.o)
 .debug_abbrev  0x00003257       0xc9 /Users/fernandesvincent/Library/Application Support/stm32cube/bundles/gnu-tools-for-stm32/13.3.1+st.9/bin/../lib/gcc/arm-none-eabi/13.3.1/../../../../arm-none-eabi/lib/thumb/v7e-m+fp/hard/libg_nano.a(libc_a-init.o)

.debug_aranges  0x00000000     0x1568
 .debug_aranges
                0x00000000       0x28 cmake/stm32cubemx/CMakeFiles/STM32_Drivers.dir/__/__/Core/Src/system_stm32g4xx.c.obj
 .debug_aranges
                0x00000028      0x3e0 cmake/stm32cubemx/CMakeFiles/STM32_Drivers.dir/__/__/Drivers/STM32G4xx_HAL_Driver/Src/stm32g4xx_hal_tim.c.obj
 .debug_aranges
                0x00000408      0x240 cmake/stm32cubemx/CMakeFiles/STM32_Drivers.dir/__/__/Drivers/STM32G4xx_HAL_Driver/Src/stm32g4xx_hal_tim_ex.c.obj
 .debug_aranges
                0x00000648      0x248 cmake/stm32cubemx/CMakeFiles/STM32_Drivers.dir/__/__/Drivers/STM32G4xx_HAL_Driver/Src/stm32g4xx_hal_adc.c.obj
 .debug_aranges
                0x00000890      0x1c0 cmake/stm32cubemx/CMakeFiles/STM32_Drivers.dir/__/__/Drivers/STM32G4xx_HAL_Driver/Src/stm32g4xx_hal_adc_ex.c.obj
 .debug_aranges
                0x00000a50      0x148 cmake/stm32cubemx/CMakeFiles/STM32_Drivers.dir/__/__/Drivers/STM32G4xx_HAL_Driver/Src/stm32g4xx_hal.c.obj
 .debug_aranges
                0x00000b98       0x98 cmake/stm32cubemx/CMakeFiles/STM32_Drivers.dir/__/__/Drivers/STM32G4xx_HAL_Driver/Src/stm32g4xx_hal_rcc.c.obj
 .debug_aranges
                0x00000c30       0xb0 cmake/stm32cubemx/CMakeFiles/STM32_Drivers.dir/__/__/Drivers/STM32G4xx_HAL_Driver/Src/stm32g4xx_hal_rcc_ex.c.obj
 .debug_aranges
                0x00000ce0       0x58 cmake/stm32cubemx/CMakeFiles/STM32_Drivers.dir/__/__/Drivers/STM32G4xx_HAL_Driver/Src/stm32g4xx_hal_gpio.c.obj
 .debug_aranges
                0x00000d38       0x90 cmake/stm32cubemx/CMakeFiles/STM32_Drivers.dir/__/__/Drivers/STM32G4xx_HAL_Driver/Src/stm32g4xx_hal_dma.c.obj
 .debug_aranges
                0x00000dc8      0x140 cmake/stm32cubemx/CMakeFiles/STM32_Drivers.dir/__/__/Drivers/STM32G4xx_HAL_Driver/Src/stm32g4xx_hal_pwr_ex.c.obj
 .debug_aranges
                0x00000f08      0x128 cmake/stm32cubemx/CMakeFiles/STM32_Drivers.dir/__/__/Drivers/STM32G4xx_HAL_Driver/Src/stm32g4xx_hal_cortex.c.obj
 .debug_aranges
                0x00001030      0x248 cmake/stm32cubemx/CMakeFiles/STM32_Drivers.dir/__/__/Drivers/STM32G4xx_HAL_Driver/Src/stm32g4xx_hal_uart.c.obj
 .debug_aranges
                0x00001278       0xa8 cmake/stm32cubemx/CMakeFiles/STM32_Drivers.dir/__/__/Drivers/STM32G4xx_HAL_Driver/Src/stm32g4xx_hal_uart_ex.c.obj
 .debug_aranges
                0x00001320       0x38 CMakeFiles/NUCLEO-G474RET6-Inverter_Base.dir/Core/Src/main.c.obj
 .debug_aranges
                0x00001358       0x20 CMakeFiles/NUCLEO-G474RET6-Inverter_Base.dir/Core/Src/gpio.c.obj
 .debug_aranges
                0x00001378       0x38 CMakeFiles/NUCLEO-G474RET6-Inverter_Base.dir/Core/Src/adc.c.obj
 .debug_aranges
                0x000013b0       0x50 CMakeFiles/NUCLEO-G474RET6-Inverter_Base.dir/Core/Src/tim.c.obj
 .debug_aranges
                0x00001400       0x38 CMakeFiles/NUCLEO-G474RET6-Inverter_Base.dir/Core/Src/usart.c.obj
 .debug_aranges
                0x00001438       0x78 CMakeFiles/NUCLEO-G474RET6-Inverter_Base.dir/Core/Src/stm32g4xx_it.c.obj
 .debug_aranges
                0x000014b0       0x20 CMakeFiles/NUCLEO-G474RET6-Inverter_Base.dir/Core/Src/stm32g4xx_hal_msp.c.obj
 .debug_aranges
                0x000014d0       0x30 CMakeFiles/NUCLEO-G474RET6-Inverter_Base.dir/Core/Src/stm32g4xx_hal_timebase_tim.c.obj
 .debug_aranges
                0x00001500       0x28 CMakeFiles/NUCLEO-G474RET6-Inverter_Base.dir/startup_stm32g474xx.s.obj
 .debug_aranges
                0x00001528       0x20 /Users/fernandesvincent/Library/Application Support/stm32cube/bundles/gnu-tools-for-stm32/13.3.1+st.9/bin/../lib/gcc/arm-none-eabi/13.3.1/../../../../arm-none-eabi/lib/thumb/v7e-m+fp/hard/libg_nano.a(libc_a-memset.o)
 .debug_aranges
                0x00001548       0x20 /Users/fernandesvincent/Library/Application Support/stm32cube/bundles/gnu-tools-for-stm32/13.3.1+st.9/bin/../lib/gcc/arm-none-eabi/13.3.1/../../../../arm-none-eabi/lib/thumb/v7e-m+fp/hard/libg_nano.a(libc_a-init.o)

.debug_rnglists
                0x00000000     0x1095
 .debug_rnglists
                0x00000000       0x1a cmake/stm32cubemx/CMakeFiles/STM32_Drivers.dir/__/__/Core/Src/system_stm32g4xx.c.obj
 .debug_rnglists
                0x0000001a      0x328 cmake/stm32cubemx/CMakeFiles/STM32_Drivers.dir/__/__/Drivers/STM32G4xx_HAL_Driver/Src/stm32g4xx_hal_tim.c.obj
 .debug_rnglists
                0x00000342      0x1cc cmake/stm32cubemx/CMakeFiles/STM32_Drivers.dir/__/__/Drivers/STM32G4xx_HAL_Driver/Src/stm32g4xx_hal_tim_ex.c.obj
 .debug_rnglists
                0x0000050e      0x1c0 cmake/stm32cubemx/CMakeFiles/STM32_Drivers.dir/__/__/Drivers/STM32G4xx_HAL_Driver/Src/stm32g4xx_hal_adc.c.obj
 .debug_rnglists
                0x000006ce      0x15a cmake/stm32cubemx/CMakeFiles/STM32_Drivers.dir/__/__/Drivers/STM32G4xx_HAL_Driver/Src/stm32g4xx_hal_adc_ex.c.obj
 .debug_rnglists
                0x00000828       0xf1 cmake/stm32cubemx/CMakeFiles/STM32_Drivers.dir/__/__/Drivers/STM32G4xx_HAL_Driver/Src/stm32g4xx_hal.c.obj
 .debug_rnglists
                0x00000919       0x74 cmake/stm32cubemx/CMakeFiles/STM32_Drivers.dir/__/__/Drivers/STM32G4xx_HAL_Driver/Src/stm32g4xx_hal_rcc.c.obj
 .debug_rnglists
                0x0000098d       0x87 cmake/stm32cubemx/CMakeFiles/STM32_Drivers.dir/__/__/Drivers/STM32G4xx_HAL_Driver/Src/stm32g4xx_hal_rcc_ex.c.obj
 .debug_rnglists
                0x00000a14       0x3f cmake/stm32cubemx/CMakeFiles/STM32_Drivers.dir/__/__/Drivers/STM32G4xx_HAL_Driver/Src/stm32g4xx_hal_gpio.c.obj
 .debug_rnglists
                0x00000a53       0x71 cmake/stm32cubemx/CMakeFiles/STM32_Drivers.dir/__/__/Drivers/STM32G4xx_HAL_Driver/Src/stm32g4xx_hal_dma.c.obj
 .debug_rnglists
                0x00000ac4       0xf1 cmake/stm32cubemx/CMakeFiles/STM32_Drivers.dir/__/__/Drivers/STM32G4xx_HAL_Driver/Src/stm32g4xx_hal_pwr_ex.c.obj
 .debug_rnglists
                0x00000bb5       0xda cmake/stm32cubemx/CMakeFiles/STM32_Drivers.dir/__/__/Drivers/STM32G4xx_HAL_Driver/Src/stm32g4xx_hal_cortex.c.obj
 .debug_rnglists
                0x00000c8f      0x1fa cmake/stm32cubemx/CMakeFiles/STM32_Drivers.dir/__/__/Drivers/STM32G4xx_HAL_Driver/Src/stm32g4xx_hal_uart.c.obj
 .debug_rnglists
                0x00000e89       0x7f cmake/stm32cubemx/CMakeFiles/STM32_Drivers.dir/__/__/Drivers/STM32G4xx_HAL_Driver/Src/stm32g4xx_hal_uart_ex.c.obj
 .debug_rnglists
                0x00000f08       0x26 CMakeFiles/NUCLEO-G474RET6-Inverter_Base.dir/Core/Src/main.c.obj
 .debug_rnglists
                0x00000f2e       0x14 CMakeFiles/NUCLEO-G474RET6-Inverter_Base.dir/Core/Src/gpio.c.obj
 .debug_rnglists
                0x00000f42       0x29 CMakeFiles/NUCLEO-G474RET6-Inverter_Base.dir/Core/Src/adc.c.obj
 .debug_rnglists
                0x00000f6b       0x3b CMakeFiles/NUCLEO-G474RET6-Inverter_Base.dir/Core/Src/tim.c.obj
 .debug_rnglists
                0x00000fa6       0x28 CMakeFiles/NUCLEO-G474RET6-Inverter_Base.dir/Core/Src/usart.c.obj
 .debug_rnglists
                0x00000fce       0x55 CMakeFiles/NUCLEO-G474RET6-Inverter_Base.dir/Core/Src/stm32g4xx_it.c.obj
 .debug_rnglists
                0x00001023       0x13 CMakeFiles/NUCLEO-G474RET6-Inverter_Base.dir/Core/Src/stm32g4xx_hal_msp.c.obj
 .debug_rnglists
                0x00001036       0x20 CMakeFiles/NUCLEO-G474RET6-Inverter_Base.dir/Core/Src/stm32g4xx_hal_timebase_tim.c.obj
 .debug_rnglists
                0x00001056       0x19 CMakeFiles/NUCLEO-G474RET6-Inverter_Base.dir/startup_stm32g474xx.s.obj
 .debug_rnglists
                0x0000106f       0x13 /Users/fernandesvincent/Library/Application Support/stm32cube/bundles/gnu-tools-for-stm32/13.3.1+st.9/bin/../lib/gcc/arm-none-eabi/13.3.1/../../../../arm-none-eabi/lib/thumb/v7e-m+fp/hard/libg_nano.a(libc_a-memset.o)
 .debug_rnglists
                0x00001082       0x13 /Users/fernandesvincent/Library/Application Support/stm32cube/bundles/gnu-tools-for-stm32/13.3.1+st.9/bin/../lib/gcc/arm-none-eabi/13.3.1/../../../../arm-none-eabi/lib/thumb/v7e-m+fp/hard/libg_nano.a(libc_a-init.o)

.debug_macro    0x00000000    0x285af
 .debug_macro   0x00000000      0x1f1 cmake/stm32cubemx/CMakeFiles/STM32_Drivers.dir/__/__/Core/Src/system_stm32g4xx.c.obj
 .debug_macro   0x000001f1      0xad8 cmake/stm32cubemx/CMakeFiles/STM32_Drivers.dir/__/__/Core/Src/system_stm32g4xx.c.obj
 .debug_macro   0x00000cc9       0x2e cmake/stm32cubemx/CMakeFiles/STM32_Drivers.dir/__/__/Core/Src/system_stm32g4xx.c.obj
 .debug_macro   0x00000cf7       0x28 cmake/stm32cubemx/CMakeFiles/STM32_Drivers.dir/__/__/Core/Src/system_stm32g4xx.c.obj
 .debug_macro   0x00000d1f       0x22 cmake/stm32cubemx/CMakeFiles/STM32_Drivers.dir/__/__/Core/Src/system_stm32g4xx.c.obj
 .debug_macro   0x00000d41       0x8e cmake/stm32cubemx/CMakeFiles/STM32_Drivers.dir/__/__/Core/Src/system_stm32g4xx.c.obj
 .debug_macro   0x00000dcf       0x51 cmake/stm32cubemx/CMakeFiles/STM32_Drivers.dir/__/__/Core/Src/system_stm32g4xx.c.obj
 .debug_macro   0x00000e20      0x103 cmake/stm32cubemx/CMakeFiles/STM32_Drivers.dir/__/__/Core/Src/system_stm32g4xx.c.obj
 .debug_macro   0x00000f23       0x6a cmake/stm32cubemx/CMakeFiles/STM32_Drivers.dir/__/__/Core/Src/system_stm32g4xx.c.obj
 .debug_macro   0x00000f8d      0x1df cmake/stm32cubemx/CMakeFiles/STM32_Drivers.dir/__/__/Core/Src/system_stm32g4xx.c.obj
 .debug_macro   0x0000116c       0x1c cmake/stm32cubemx/CMakeFiles/STM32_Drivers.dir/__/__/Core/Src/system_stm32g4xx.c.obj
 .debug_macro   0x00001188       0x22 cmake/stm32cubemx/CMakeFiles/STM32_Drivers.dir/__/__/Core/Src/system_stm32g4xx.c.obj
 .debug_macro   0x000011aa       0xfb cmake/stm32cubemx/CMakeFiles/STM32_Drivers.dir/__/__/Core/Src/system_stm32g4xx.c.obj
 .debug_macro   0x000012a5     0x1011 cmake/stm32cubemx/CMakeFiles/STM32_Drivers.dir/__/__/Core/Src/system_stm32g4xx.c.obj
 .debug_macro   0x000022b6      0x11f cmake/stm32cubemx/CMakeFiles/STM32_Drivers.dir/__/__/Core/Src/system_stm32g4xx.c.obj
 .debug_macro   0x000023d5    0x18b8c cmake/stm32cubemx/CMakeFiles/STM32_Drivers.dir/__/__/Core/Src/system_stm32g4xx.c.obj
 .debug_macro   0x0001af61       0x6d cmake/stm32cubemx/CMakeFiles/STM32_Drivers.dir/__/__/Core/Src/system_stm32g4xx.c.obj
 .debug_macro   0x0001afce      0x161 cmake/stm32cubemx/CMakeFiles/STM32_Drivers.dir/__/__/Core/Src/system_stm32g4xx.c.obj
 .debug_macro   0x0001b12f     0x3558 cmake/stm32cubemx/CMakeFiles/STM32_Drivers.dir/__/__/Core/Src/system_stm32g4xx.c.obj
 .debug_macro   0x0001e687      0x190 cmake/stm32cubemx/CMakeFiles/STM32_Drivers.dir/__/__/Core/Src/system_stm32g4xx.c.obj
 .debug_macro   0x0001e817       0x5c cmake/stm32cubemx/CMakeFiles/STM32_Drivers.dir/__/__/Core/Src/system_stm32g4xx.c.obj
 .debug_macro   0x0001e873     0x171f cmake/stm32cubemx/CMakeFiles/STM32_Drivers.dir/__/__/Core/Src/system_stm32g4xx.c.obj
 .debug_macro   0x0001ff92      0x600 cmake/stm32cubemx/CMakeFiles/STM32_Drivers.dir/__/__/Core/Src/system_stm32g4xx.c.obj
 .debug_macro   0x00020592      0x1b6 cmake/stm32cubemx/CMakeFiles/STM32_Drivers.dir/__/__/Core/Src/system_stm32g4xx.c.obj
 .debug_macro   0x00020748      0x34a cmake/stm32cubemx/CMakeFiles/STM32_Drivers.dir/__/__/Core/Src/system_stm32g4xx.c.obj
 .debug_macro   0x00020a92      0x53c cmake/stm32cubemx/CMakeFiles/STM32_Drivers.dir/__/__/Core/Src/system_stm32g4xx.c.obj
 .debug_macro   0x00020fce      0x18b cmake/stm32cubemx/CMakeFiles/STM32_Drivers.dir/__/__/Core/Src/system_stm32g4xx.c.obj
 .debug_macro   0x00021159       0x43 cmake/stm32cubemx/CMakeFiles/STM32_Drivers.dir/__/__/Core/Src/system_stm32g4xx.c.obj
 .debug_macro   0x0002119c      0x23d cmake/stm32cubemx/CMakeFiles/STM32_Drivers.dir/__/__/Core/Src/system_stm32g4xx.c.obj
 .debug_macro   0x000213d9     0x1112 cmake/stm32cubemx/CMakeFiles/STM32_Drivers.dir/__/__/Core/Src/system_stm32g4xx.c.obj
 .debug_macro   0x000224eb      0x72e cmake/stm32cubemx/CMakeFiles/STM32_Drivers.dir/__/__/Core/Src/system_stm32g4xx.c.obj
 .debug_macro   0x00022c19      0x391 cmake/stm32cubemx/CMakeFiles/STM32_Drivers.dir/__/__/Core/Src/system_stm32g4xx.c.obj
 .debug_macro   0x00022faa      0x211 cmake/stm32cubemx/CMakeFiles/STM32_Drivers.dir/__/__/Core/Src/system_stm32g4xx.c.obj
 .debug_macro   0x000231bb      0x45c cmake/stm32cubemx/CMakeFiles/STM32_Drivers.dir/__/__/Core/Src/system_stm32g4xx.c.obj
 .debug_macro   0x00023617      0x11c cmake/stm32cubemx/CMakeFiles/STM32_Drivers.dir/__/__/Core/Src/system_stm32g4xx.c.obj
 .debug_macro   0x00023733      0x122 cmake/stm32cubemx/CMakeFiles/STM32_Drivers.dir/__/__/Core/Src/system_stm32g4xx.c.obj
 .debug_macro   0x00023855      0x3d1 cmake/stm32cubemx/CMakeFiles/STM32_Drivers.dir/__/__/Core/Src/system_stm32g4xx.c.obj
 .debug_macro   0x00023c26      0xc0b cmake/stm32cubemx/CMakeFiles/STM32_Drivers.dir/__/__/Core/Src/system_stm32g4xx.c.obj
 .debug_macro   0x00024831      0x718 cmake/stm32cubemx/CMakeFiles/STM32_Drivers.dir/__/__/Core/Src/system_stm32g4xx.c.obj
 .debug_macro   0x00024f49      0x693 cmake/stm32cubemx/CMakeFiles/STM32_Drivers.dir/__/__/Core/Src/system_stm32g4xx.c.obj
 .debug_macro   0x000255dc       0xa6 cmake/stm32cubemx/CMakeFiles/STM32_Drivers.dir/__/__/Core/Src/system_stm32g4xx.c.obj
 .debug_macro   0x00025682      0x358 cmake/stm32cubemx/CMakeFiles/STM32_Drivers.dir/__/__/Core/Src/system_stm32g4xx.c.obj
 .debug_macro   0x000259da      0x1f9 cmake/stm32cubemx/CMakeFiles/STM32_Drivers.dir/__/__/Drivers/STM32G4xx_HAL_Driver/Src/stm32g4xx_hal_tim.c.obj
 .debug_macro   0x00025bd3      0x1f7 cmake/stm32cubemx/CMakeFiles/STM32_Drivers.dir/__/__/Drivers/STM32G4xx_HAL_Driver/Src/stm32g4xx_hal_tim_ex.c.obj
 .debug_macro   0x00025dca      0x20e cmake/stm32cubemx/CMakeFiles/STM32_Drivers.dir/__/__/Drivers/STM32G4xx_HAL_Driver/Src/stm32g4xx_hal_adc.c.obj
 .debug_macro   0x00025fd8      0x1fd cmake/stm32cubemx/CMakeFiles/STM32_Drivers.dir/__/__/Drivers/STM32G4xx_HAL_Driver/Src/stm32g4xx_hal_adc_ex.c.obj
 .debug_macro   0x000261d5      0x23f cmake/stm32cubemx/CMakeFiles/STM32_Drivers.dir/__/__/Drivers/STM32G4xx_HAL_Driver/Src/stm32g4xx_hal.c.obj
 .debug_macro   0x00026414      0x233 cmake/stm32cubemx/CMakeFiles/STM32_Drivers.dir/__/__/Drivers/STM32G4xx_HAL_Driver/Src/stm32g4xx_hal_rcc.c.obj
 .debug_macro   0x00026647      0x21b cmake/stm32cubemx/CMakeFiles/STM32_Drivers.dir/__/__/Drivers/STM32G4xx_HAL_Driver/Src/stm32g4xx_hal_rcc_ex.c.obj
 .debug_macro   0x00026862      0x1f8 cmake/stm32cubemx/CMakeFiles/STM32_Drivers.dir/__/__/Drivers/STM32G4xx_HAL_Driver/Src/stm32g4xx_hal_gpio.c.obj
 .debug_macro   0x00026a5a      0x1f1 cmake/stm32cubemx/CMakeFiles/STM32_Drivers.dir/__/__/Drivers/STM32G4xx_HAL_Driver/Src/stm32g4xx_hal_dma.c.obj
 .debug_macro   0x00026c4b      0x21b cmake/stm32cubemx/CMakeFiles/STM32_Drivers.dir/__/__/Drivers/STM32G4xx_HAL_Driver/Src/stm32g4xx_hal_pwr_ex.c.obj
 .debug_macro   0x00026e66      0x1f1 cmake/stm32cubemx/CMakeFiles/STM32_Drivers.dir/__/__/Drivers/STM32G4xx_HAL_Driver/Src/stm32g4xx_hal_cortex.c.obj
 .debug_macro   0x00027057      0x21c cmake/stm32cubemx/CMakeFiles/STM32_Drivers.dir/__/__/Drivers/STM32G4xx_HAL_Driver/Src/stm32g4xx_hal_uart.c.obj
 .debug_macro   0x00027273      0x1fd cmake/stm32cubemx/CMakeFiles/STM32_Drivers.dir/__/__/Drivers/STM32G4xx_HAL_Driver/Src/stm32g4xx_hal_uart_ex.c.obj
 .debug_macro   0x00027470      0x23a CMakeFiles/NUCLEO-G474RET6-Inverter_Base.dir/Core/Src/main.c.obj
 .debug_macro   0x000276aa       0xe2 CMakeFiles/NUCLEO-G474RET6-Inverter_Base.dir/Core/Src/main.c.obj
 .debug_macro   0x0002778c      0x20a CMakeFiles/NUCLEO-G474RET6-Inverter_Base.dir/Core/Src/gpio.c.obj
 .debug_macro   0x00027996      0x20a CMakeFiles/NUCLEO-G474RET6-Inverter_Base.dir/Core/Src/adc.c.obj
 .debug_macro   0x00027ba0      0x20a CMakeFiles/NUCLEO-G474RET6-Inverter_Base.dir/Core/Src/tim.c.obj
 .debug_macro   0x00027daa      0x20a CMakeFiles/NUCLEO-G474RET6-Inverter_Base.dir/Core/Src/usart.c.obj
 .debug_macro   0x00027fb4      0x20a CMakeFiles/NUCLEO-G474RET6-Inverter_Base.dir/Core/Src/stm32g4xx_it.c.obj
 .debug_macro   0x000281be      0x200 CMakeFiles/NUCLEO-G474RET6-Inverter_Base.dir/Core/Src/stm32g4xx_hal_msp.c.obj
 .debug_macro   0x000283be      0x1f1 CMakeFiles/NUCLEO-G474RET6-Inverter_Base.dir/Core/Src/stm32g4xx_hal_timebase_tim.c.obj

.debug_line     0x00000000    0x1b92d
 .debug_line    0x00000000      0x9ac cmake/stm32cubemx/CMakeFiles/STM32_Drivers.dir/__/__/Core/Src/system_stm32g4xx.c.obj
 .debug_line    0x000009ac     0x4211 cmake/stm32cubemx/CMakeFiles/STM32_Drivers.dir/__/__/Drivers/STM32G4xx_HAL_Driver/Src/stm32g4xx_hal_tim.c.obj
 .debug_line    0x00004bbd     0x227f cmake/stm32cubemx/CMakeFiles/STM32_Drivers.dir/__/__/Drivers/STM32G4xx_HAL_Driver/Src/stm32g4xx_hal_tim_ex.c.obj
 .debug_line    0x00006e3c     0x2447 cmake/stm32cubemx/CMakeFiles/STM32_Drivers.dir/__/__/Drivers/STM32G4xx_HAL_Driver/Src/stm32g4xx_hal_adc.c.obj
 .debug_line    0x00009283     0x1d9f cmake/stm32cubemx/CMakeFiles/STM32_Drivers.dir/__/__/Drivers/STM32G4xx_HAL_Driver/Src/stm32g4xx_hal_adc_ex.c.obj
 .debug_line    0x0000b022      0xd78 cmake/stm32cubemx/CMakeFiles/STM32_Drivers.dir/__/__/Drivers/STM32G4xx_HAL_Driver/Src/stm32g4xx_hal.c.obj
 .debug_line    0x0000bd9a     0x11fb cmake/stm32cubemx/CMakeFiles/STM32_Drivers.dir/__/__/Drivers/STM32G4xx_HAL_Driver/Src/stm32g4xx_hal_rcc.c.obj
 .debug_line    0x0000cf95     0x1470 cmake/stm32cubemx/CMakeFiles/STM32_Drivers.dir/__/__/Drivers/STM32G4xx_HAL_Driver/Src/stm32g4xx_hal_rcc_ex.c.obj
 .debug_line    0x0000e405      0xd51 cmake/stm32cubemx/CMakeFiles/STM32_Drivers.dir/__/__/Drivers/STM32G4xx_HAL_Driver/Src/stm32g4xx_hal_gpio.c.obj
 .debug_line    0x0000f156     0x1077 cmake/stm32cubemx/CMakeFiles/STM32_Drivers.dir/__/__/Drivers/STM32G4xx_HAL_Driver/Src/stm32g4xx_hal_dma.c.obj
 .debug_line    0x000101cd      0xed7 cmake/stm32cubemx/CMakeFiles/STM32_Drivers.dir/__/__/Drivers/STM32G4xx_HAL_Driver/Src/stm32g4xx_hal_pwr_ex.c.obj
 .debug_line    0x000110a4      0xedd cmake/stm32cubemx/CMakeFiles/STM32_Drivers.dir/__/__/Drivers/STM32G4xx_HAL_Driver/Src/stm32g4xx_hal_cortex.c.obj
 .debug_line    0x00011f81     0x37c6 cmake/stm32cubemx/CMakeFiles/STM32_Drivers.dir/__/__/Drivers/STM32G4xx_HAL_Driver/Src/stm32g4xx_hal_uart.c.obj
 .debug_line    0x00015747      0xead cmake/stm32cubemx/CMakeFiles/STM32_Drivers.dir/__/__/Drivers/STM32G4xx_HAL_Driver/Src/stm32g4xx_hal_uart_ex.c.obj
 .debug_line    0x000165f4      0x9d3 CMakeFiles/NUCLEO-G474RET6-Inverter_Base.dir/Core/Src/main.c.obj
 .debug_line    0x00016fc7      0x93a CMakeFiles/NUCLEO-G474RET6-Inverter_Base.dir/Core/Src/gpio.c.obj
 .debug_line    0x00017901      0xad4 CMakeFiles/NUCLEO-G474RET6-Inverter_Base.dir/Core/Src/adc.c.obj
 .debug_line    0x000183d5      0xaf4 CMakeFiles/NUCLEO-G474RET6-Inverter_Base.dir/Core/Src/tim.c.obj
 .debug_line    0x00018ec9      0xa72 CMakeFiles/NUCLEO-G474RET6-Inverter_Base.dir/Core/Src/usart.c.obj
 .debug_line    0x0001993b      0xa01 CMakeFiles/NUCLEO-G474RET6-Inverter_Base.dir/Core/Src/stm32g4xx_it.c.obj
 .debug_line    0x0001a33c      0x910 CMakeFiles/NUCLEO-G474RET6-Inverter_Base.dir/Core/Src/stm32g4xx_hal_msp.c.obj
 .debug_line    0x0001ac4c      0x978 CMakeFiles/NUCLEO-G474RET6-Inverter_Base.dir/Core/Src/stm32g4xx_hal_timebase_tim.c.obj
 .debug_line    0x0001b5c4       0x7b CMakeFiles/NUCLEO-G474RET6-Inverter_Base.dir/startup_stm32g474xx.s.obj
 .debug_line    0x0001b63f      0x17e /Users/fernandesvincent/Library/Application Support/stm32cube/bundles/gnu-tools-for-stm32/13.3.1+st.9/bin/../lib/gcc/arm-none-eabi/13.3.1/../../../../arm-none-eabi/lib/thumb/v7e-m+fp/hard/libg_nano.a(libc_a-memset.o)
 .debug_line    0x0001b7bd      0x170 /Users/fernandesvincent/Library/Application Support/stm32cube/bundles/gnu-tools-for-stm32/13.3.1+st.9/bin/../lib/gcc/arm-none-eabi/13.3.1/../../../../arm-none-eabi/lib/thumb/v7e-m+fp/hard/libg_nano.a(libc_a-init.o)

.debug_str      0x00000000   0x10fbb7
 .debug_str     0x00000000   0x10fbb7 cmake/stm32cubemx/CMakeFiles/STM32_Drivers.dir/__/__/Core/Src/system_stm32g4xx.c.obj
                             0x10878d (size before relaxing)
 .debug_str     0x0010fbb7        0x0 cmake/stm32cubemx/CMakeFiles/STM32_Drivers.dir/__/__/Drivers/STM32G4xx_HAL_Driver/Src/stm32g4xx_hal_tim.c.obj
                             0x109c8b (size before relaxing)
 .debug_str     0x0010fbb7        0x0 cmake/stm32cubemx/CMakeFiles/STM32_Drivers.dir/__/__/Drivers/STM32G4xx_HAL_Driver/Src/stm32g4xx_hal_tim_ex.c.obj
                             0x1098ff (size before relaxing)
 .debug_str     0x0010fbb7        0x0 cmake/stm32cubemx/CMakeFiles/STM32_Drivers.dir/__/__/Drivers/STM32G4xx_HAL_Driver/Src/stm32g4xx_hal_adc.c.obj
                             0x1097ba (size before relaxing)
 .debug_str     0x0010fbb7        0x0 cmake/stm32cubemx/CMakeFiles/STM32_Drivers.dir/__/__/Drivers/STM32G4xx_HAL_Driver/Src/stm32g4xx_hal_adc_ex.c.obj
                             0x109760 (size before relaxing)
 .debug_str     0x0010fbb7        0x0 cmake/stm32cubemx/CMakeFiles/STM32_Drivers.dir/__/__/Drivers/STM32G4xx_HAL_Driver/Src/stm32g4xx_hal.c.obj
                             0x10949f (size before relaxing)
 .debug_str     0x0010fbb7        0x0 cmake/stm32cubemx/CMakeFiles/STM32_Drivers.dir/__/__/Drivers/STM32G4xx_HAL_Driver/Src/stm32g4xx_hal_rcc.c.obj
                             0x108eac (size before relaxing)
 .debug_str     0x0010fbb7        0x0 cmake/stm32cubemx/CMakeFiles/STM32_Drivers.dir/__/__/Drivers/STM32G4xx_HAL_Driver/Src/stm32g4xx_hal_rcc_ex.c.obj
                             0x108ed6 (size before relaxing)
 .debug_str     0x0010fbb7        0x0 cmake/stm32cubemx/CMakeFiles/STM32_Drivers.dir/__/__/Drivers/STM32G4xx_HAL_Driver/Src/stm32g4xx_hal_gpio.c.obj
                             0x108918 (size before relaxing)
 .debug_str     0x0010fbb7        0x0 cmake/stm32cubemx/CMakeFiles/STM32_Drivers.dir/__/__/Drivers/STM32G4xx_HAL_Driver/Src/stm32g4xx_hal_dma.c.obj
                             0x108b67 (size before relaxing)
 .debug_str     0x0010fbb7        0x0 cmake/stm32cubemx/CMakeFiles/STM32_Drivers.dir/__/__/Drivers/STM32G4xx_HAL_Driver/Src/stm32g4xx_hal_pwr_ex.c.obj
                             0x108c7b (size before relaxing)