Archive member included to satisfy reference by file (symbol)

/Users/fernandesvincent/Library/Application Support/stm32cube/bundles/gnu-tools-for-stm32/13.3.1+st.9/bin/../lib/gcc/arm-none-eabi/13.3.1/thumb/v7e-m+fp/hard/libgcc.a(_aeabi_uldivmod.o)
                              CMakeFiles/Test_VSCODE_2.dir/Drivers/STM32G4xx_HAL_Driver/Src/stm32g4xx_hal_uart.c.obj (__aeabi_uldivmod)
/Users/fernandesvincent/Library/Application Support/stm32cube/bundles/gnu-tools-for-stm32/13.3.1+st.9/bin/../lib/gcc/arm-none-eabi/13.3.1/thumb/v7e-m+fp/hard/libgcc.a(_udivmoddi4.o)
                              /Users/fernandesvincent/Library/Application Support/stm32cube/bundles/gnu-tools-for-stm32/13.3.1+st.9/bin/../lib/gcc/arm-none-eabi/13.3.1/thumb/v7e-m+fp/hard/libgcc.a(_aeabi_uldivmod.o) (__udivmoddi4)
/Users/fernandesvincent/Library/Application Support/stm32cube/bundles/gnu-tools-for-stm32/13.3.1+st.9/bin/../lib/gcc/arm-none-eabi/13.3.1/thumb/v7e-m+fp/hard/libgcc.a(_dvmd_tls.o)
                              /Users/fernandesvincent/Library/Application Support/stm32cube/bundles/gnu-tools-for-stm32/13.3.1+st.9/bin/../lib/gcc/arm-none-eabi/13.3.1/thumb/v7e-m+fp/hard/libgcc.a(_aeabi_uldivmod.o) (__aeabi_ldiv0)
/Users/fernandesvincent/Library/Application Support/stm32cube/bundles/gnu-tools-for-stm32/13.3.1+st.9/bin/../lib/gcc/arm-none-eabi/13.3.1/../../../../arm-none-eabi/lib/thumb/v7e-m+fp/hard/libg.a(libc_a-exit.o)
                              /Users/fernandesvincent/Library/Application Support/stm32cube/bundles/gnu-tools-for-stm32/13.3.1+st.9/bin/../lib/gcc/arm-none-eabi/13.3.1/../../../../arm-none-eabi/lib/thumb/v7e-m+fp/hard/crt0.o (exit)
/Users/fernandesvincent/Library/Application Support/stm32cube/bundles/gnu-tools-for-stm32/13.3.1+st.9/bin/../lib/gcc/arm-none-eabi/13.3.1/../../../../arm-none-eabi/lib/thumb/v7e-m+fp/hard/libg.a(libc_a-snprintf.o)
                              CMakeFiles/Test_VSCODE_2.dir/Core/Src/user_interface/led.c.obj (snprintf)
/Users/fernandesvincent/Library/Application Support/stm32cube/bundles/gnu-tools-for-stm32/13.3.1+st.9/bin/../lib/gcc/arm-none-eabi/13.3.1/../../../../arm-none-eabi/lib/thumb/v7e-m+fp/hard/libg.a(libc_a-findfp.o)
                              /Users/fernandesvincent/Library/Application Support/stm32cube/bundles/gnu-tools-for-stm32/13.3.1+st.9/bin/../lib/gcc/arm-none-eabi/13.3.1/../../../../arm-none-eabi/lib/thumb/v7e-m+fp/hard/libg.a(libc_a-exit.o) (__stdio_exit_handler)
/Users/fernandesvincent/Library/Application Support/stm32cube/bundles/gnu-tools-for-stm32/13.3.1+st.9/bin/../lib/gcc/arm-none-eabi/13.3.1/../../../../arm-none-eabi/lib/thumb/v7e-m+fp/hard/libg.a(libc_a-memset.o)
                              /Users/fernandesvincent/Library/Application Support/stm32cube/bundles/gnu-tools-for-stm32/13.3.1+st.9/bin/../lib/gcc/arm-none-eabi/13.3.1/../../../../arm-none-eabi/lib/thumb/v7e-m+fp/hard/crt0.o (memset)
/Users/fernandesvincent/Library/Application Support/stm32cube/bundles/gnu-tools-for-stm32/13.3.1+st.9/bin/../lib/gcc/arm-none-eabi/13.3.1/../../../../arm-none-eabi/lib/thumb/v7e-m+fp/hard/libg.a(libc_a-impure.o)
                              /Users/fernandesvincent/Library/Application Support/stm32cube/bundles/gnu-tools-for-stm32/13.3.1+st.9/bin/../lib/gcc/arm-none-eabi/13.3.1/../../../../arm-none-eabi/lib/thumb/v7e-m+fp/hard/libg.a(libc_a-snprintf.o) (_impure_ptr)
/Users/fernandesvincent/Library/Application Support/stm32cube/bundles/gnu-tools-for-stm32/13.3.1+st.9/bin/../lib/gcc/arm-none-eabi/13.3.1/../../../../arm-none-eabi/lib/thumb/v7e-m+fp/hard/libg.a(libc_a-errno.o)
                              CMakeFiles/Test_VSCODE_2.dir/Core/Src/syscalls.c.obj (__errno)
/Users/fernandesvincent/Library/Application Support/stm32cube/bundles/gnu-tools-for-stm32/13.3.1+st.9/bin/../lib/gcc/arm-none-eabi/13.3.1/../../../../arm-none-eabi/lib/thumb/v7e-m+fp/hard/libg.a(libc_a-strcmp.o)
                              CMakeFiles/Test_VSCODE_2.dir/Core/Src/user_interface/led.c.obj (strcmp)
/Users/fernandesvincent/Library/Application Support/stm32cube/bundles/gnu-tools-for-stm32/13.3.1+st.9/bin/../lib/gcc/arm-none-eabi/13.3.1/../../../../arm-none-eabi/lib/thumb/v7e-m+fp/hard/libg.a(libc_a-init.o)
                              /Users/fernandesvincent/Library/Application Support/stm32cube/bundles/gnu-tools-for-stm32/13.3.1+st.9/bin/../lib/gcc/arm-none-eabi/13.3.1/../../../../arm-none-eabi/lib/thumb/v7e-m+fp/hard/crt0.o (__libc_init_array)
/Users/fernandesvincent/Library/Application Support/stm32cube/bundles/gnu-tools-for-stm32/13.3.1+st.9/bin/../lib/gcc/arm-none-eabi/13.3.1/../../../../arm-none-eabi/lib/thumb/v7e-m+fp/hard/libg.a(libc_a-lock.o)
                              /Users/fernandesvincent/Library/Application Support/stm32cube/bundles/gnu-tools-for-stm32/13.3.1+st.9/bin/../lib/gcc/arm-none-eabi/13.3.1/../../../../arm-none-eabi/lib/thumb/v7e-m+fp/hard/libg.a(libc_a-findfp.o) (__retarget_lock_init_recursive)
[...]
Memory Configuration

Name             Origin             Length             Attributes
RAM              0x20000000         0x00020000         xrw
FLASH            0x08000000         0x00080000         xr
*default*        0x00000000         0xffffffff

Linker script and memory map

LOAD /Users/fernandesvincent/Library/Application Support/stm32cube/bundles/gnu-tools-for-stm32/13.3.1+st.9/bin/../lib/gcc/arm-none-eabi/13.3.1/thumb/v7e-m+fp/hard/crti.o
LOAD /Users/fernandesvincent/Library/Application Support/stm32cube/bundles/gnu-tools-for-stm32/13.3.1+st.9/bin/../lib/gcc/arm-none-eabi/13.3.1/thumb/v7e-m+fp/hard/crtbegin.o
LOAD /Users/fernandesvincent/Library/Application Support/stm32cube/bundles/gnu-tools-for-stm32/13.3.1+st.9/bin/../lib/gcc/arm-none-eabi/13.3.1/../../../../arm-none-eabi/lib/thumb/v7e-m+fp/hard/crt0.o
LOAD CMakeFiles/Test_VSCODE_2.dir/Core/Src/acquisition/input_analog.c.obj
LOAD CMakeFiles/Test_VSCODE_2.dir/Core/Src/acquisition/input_encoder.c.obj
LOAD CMakeFiles/Test_VSCODE_2.dir/Core/Src/adc.c.obj
LOAD CMakeFiles/Test_VSCODE_2.dir/Core/Src/app.c.obj
LOAD CMakeFiles/Test_VSCODE_2.dir/Core/Src/gpio.c.obj
LOAD CMakeFiles/Test_VSCODE_2.dir/Core/Src/main.c.obj
LOAD CMakeFiles/Test_VSCODE_2.dir/Core/Src/motor_control/asserv.c.obj
LOAD CMakeFiles/Test_VSCODE_2.dir/Core/Src/motor_control/motor.c.obj
LOAD CMakeFiles/Test_VSCODE_2.dir/Core/Src/stm32g4xx_hal_msp.c.obj
LOAD CMakeFiles/Test_VSCODE_2.dir/Core/Src/stm32g4xx_hal_timebase_tim.c.obj
LOAD CMakeFiles/Test_VSCODE_2.dir/Core/Src/stm32g4xx_it.c.obj
LOAD CMakeFiles/Test_VSCODE_2.dir/Core/Src/syscalls.c.obj
LOAD CMakeFiles/Test_VSCODE_2.dir/Core/Src/sysmem.c.obj
LOAD CMakeFiles/Test_VSCODE_2.dir/Core/Src/system_stm32g4xx.c.obj
LOAD CMakeFiles/Test_VSCODE_2.dir/Core/Src/tim.c.obj
LOAD CMakeFiles/Test_VSCODE_2.dir/Core/Src/usart.c.obj
LOAD CMakeFiles/Test_VSCODE_2.dir/Core/Src/user_interface/button.c.obj
LOAD CMakeFiles/Test_VSCODE_2.dir/Core/Src/user_interface/led.c.obj
LOAD CMakeFiles/Test_VSCODE_2.dir/Core/Src/user_interface/shell.c.obj
LOAD CMakeFiles/Test_VSCODE_2.dir/Core/Startup/startup_stm32g474retx.s.obj
LOAD CMakeFiles/Test_VSCODE_2.dir/Drivers/STM32G4xx_HAL_Driver/Src/stm32g4xx_hal.c.obj
LOAD CMakeFiles/Test_VSCODE_2.dir/Drivers/STM32G4xx_HAL_Driver/Src/stm32g4xx_hal_adc.c.obj
LOAD CMakeFiles/Test_VSCODE_2.dir/Drivers/STM32G4xx_HAL_Driver/Src/stm32g4xx_hal_adc_ex.c.obj
LOAD CMakeFiles/Test_VSCODE_2.dir/Drivers/STM32G4xx_HAL_Driver/Src/stm32g4xx_hal_cortex.c.obj
LOAD CMakeFiles/Test_VSCODE_2.dir/Drivers/STM32G4xx_HAL_Driver/Src/stm32g4xx_hal_dma.c.obj
LOAD CMakeFiles/Test_VSCODE_2.dir/Drivers/STM32G4xx_HAL_Driver/Src/stm32g4xx_hal_dma_ex.c.obj
LOAD CMakeFiles/Test_VSCODE_2.dir/Drivers/STM32G4xx_HAL_Driver/Src/stm32g4xx_hal_exti.c.obj
LOAD CMakeFiles/Test_VSCODE_2.dir/Drivers/STM32G4xx_HAL_Driver/Src/stm32g4xx_hal_flash.c.obj
LOAD CMakeFiles/Test_VSCODE_2.dir/Drivers/STM32G4xx_HAL_Driver/Src/stm32g4xx_hal_flash_ex.c.obj
LOAD CMakeFiles/Test_VSCODE_2.dir/Drivers/STM32G4xx_HAL_Driver/Src/stm32g4xx_hal_flash_ramfunc.c.obj
LOAD CMakeFiles/Test_VSCODE_2.dir/Drivers/STM32G4xx_HAL_Driver/Src/stm32g4xx_hal_gpio.c.obj
LOAD CMakeFiles/Test_VSCODE_2.dir/Drivers/STM32G4xx_HAL_Driver/Src/stm32g4xx_hal_pwr.c.obj
LOAD CMakeFiles/Test_VSCODE_2.dir/Drivers/STM32G4xx_HAL_Driver/Src/stm32g4xx_hal_pwr_ex.c.obj
LOAD CMakeFiles/Test_VSCODE_2.dir/Drivers/STM32G4xx_HAL_Driver/Src/stm32g4xx_hal_rcc.c.obj
LOAD CMakeFiles/Test_VSCODE_2.dir/Drivers/STM32G4xx_HAL_Driver/Src/stm32g4xx_hal_rcc_ex.c.obj
LOAD CMakeFiles/Test_VSCODE_2.dir/Drivers/STM32G4xx_HAL_Driver/Src/stm32g4xx_hal_tim.c.obj
LOAD CMakeFiles/Test_VSCODE_2.dir/Drivers/STM32G4xx_HAL_Driver/Src/stm32g4xx_hal_tim_ex.c.obj
LOAD CMakeFiles/Test_VSCODE_2.dir/Drivers/STM32G4xx_HAL_Driver/Src/stm32g4xx_hal_uart.c.obj
LOAD CMakeFiles/Test_VSCODE_2.dir/Drivers/STM32G4xx_HAL_Driver/Src/stm32g4xx_hal_uart_ex.c.obj
LOAD CMakeFiles/Test_VSCODE_2.dir/Drivers/STM32G4xx_HAL_Driver/Src/stm32g4xx_ll_adc.c.obj
START GROUP
LOAD /Users/fernandesvincent/Library/Application Support/stm32cube/bundles/gnu-tools-for-stm32/13.3.1+st.9/bin/../lib/gcc/arm-none-eabi/13.3.1/thumb/v7e-m+fp/hard/libgcc.a
LOAD /Users/fernandesvincent/Library/Application Support/stm32cube/bundles/gnu-tools-for-stm32/13.3.1+st.9/bin/../lib/gcc/arm-none-eabi/13.3.1/../../../../arm-none-eabi/lib/thumb/v7e-m+fp/hard/libg.a
LOAD /Users/fernandesvincent/Library/Application Support/stm32cube/bundles/gnu-tools-for-stm32/13.3.1+st.9/bin/../lib/gcc/arm-none-eabi/13.3.1/../../../../arm-none-eabi/lib/thumb/v7e-m+fp/hard/libc.a
END GROUP
LOAD /Users/fernandesvincent/Library/Application Support/stm32cube/bundles/gnu-tools-for-stm32/13.3.1+st.9/bin/../lib/gcc/arm-none-eabi/13.3.1/thumb/v7e-m+fp/hard/crtend.o
LOAD /Users/fernandesvincent/Library/Application Support/stm32cube/bundles/gnu-tools-for-stm32/13.3.1+st.9/bin/../lib/gcc/arm-none-eabi/13.3.1/thumb/v7e-m+fp/hard/crtn.o
                0x20020000                        _estack = (ORIGIN (RAM) + LENGTH (RAM))
                0x00000200                        _Min_Heap_Size = 0x200
                0x00000400                        _Min_Stack_Size = 0x400

.isr_vector     0x08000000      0x1d8
                0x08000000                        . = ALIGN (0x4)
 *(.isr_vector)
 .isr_vector    0x08000000      0x1d8 CMakeFiles/Test_VSCODE_2.dir/Core/Startup/startup_stm32g474retx.s.obj
                0x08000000                g_pfnVectors
                0x080001d8                        . = ALIGN (0x4)

.text           0x080001e0     0xcde8
                0x080001e0                        . = ALIGN (0x4)
 *(.text)
 .text          0x080001e0       0x40 /Users/fernandesvincent/Library/Application Support/stm32cube/bundles/gnu-tools-for-stm32/13.3.1+st.9/bin/../lib/gcc/arm-none-eabi/13.3.1/thumb/v7e-m+fp/hard/crtbegin.o
 .text          0x08000220       0x30 /Users/fernandesvincent/Library/Application Support/stm32cube/bundles/gnu-tools-for-stm32/13.3.1+st.9/bin/../lib/gcc/arm-none-eabi/13.3.1/thumb/v7e-m+fp/hard/libgcc.a(_aeabi_uldivmod.o)
                0x08000220                __aeabi_uldivmod
 .text          0x08000250      0x2f8 /Users/fernandesvincent/Library/Application Support/stm32cube/bundles/gnu-tools-for-stm32/13.3.1+st.9/bin/../lib/gcc/arm-none-eabi/13.3.1/thumb/v7e-m+fp/hard/libgcc.a(_udivmoddi4.o)
                0x08000250                __udivmoddi4
 .text          0x08000548        0x4 /Users/fernandesvincent/Library/Application Support/stm32cube/bundles/gnu-tools-for-stm32/13.3.1+st.9/bin/../lib/gcc/arm-none-eabi/13.3.1/thumb/v7e-m+fp/hard/libgcc.a(_dvmd_tls.o)
                0x08000548                __aeabi_ldiv0
                0x08000548                __aeabi_idiv0
 .text          0x0800054c       0x14 /Users/fernandesvincent/Library/Application Support/stm32cube/bundles/gnu-tools-for-stm32/13.3.1+st.9/bin/../lib/gcc/arm-none-eabi/13.3.1/../../../../arm-none-eabi/lib/thumb/v7e-m+fp/hard/libg.a(libc_a-strcmp.o)
                0x0800054c                strcmp
 .text          0x08000560       0xa0 /Users/fernandesvincent/Library/Application Support/stm32cube/bundles/gnu-tools-for-stm32/13.3.1+st.9/bin/../lib/gcc/arm-none-eabi/13.3.1/../../../../arm-none-eabi/lib/thumb/v7e-m+fp/hard/libg.a(libc_a-memchr.o)
                0x08000560                memchr
 .text          0x08000600       0x10 /Users/fernandesvincent/Library/Application Support/stm32cube/bundles/gnu-tools-for-stm32/13.3.1+st.9/bin/../lib/gcc/arm-none-eabi/13.3.1/../../../../arm-none-eabi/lib/thumb/v7e-m+fp/hard/libg.a(libc_a-strlen.o)
                0x08000600                strlen
 .text          0x08000610      0x378 /Users/fernandesvincent/Library/Application Support/stm32cube/bundles/gnu-tools-for-stm32/13.3.1+st.9/bin/../lib/gcc/arm-none-eabi/13.3.1/thumb/v7e-m+fp/hard/libgcc.a(_arm_addsubdf3.o)
                0x08000610                __aeabi_drsub
                0x08000618                __subdf3
                0x08000618                __aeabi_dsub
                0x0800061c                __aeabi_dadd
                0x0800061c                __adddf3
                0x08000894                __aeabi_ui2d
                0x08000894                __floatunsidf
                0x080008b4                __floatsidf
                0x080008b4                __aeabi_i2d
                0x080008d8                __extendsfdf2
                0x080008d8                __aeabi_f2d
                0x0800091c                __aeabi_ul2d
                0x0800091c                __floatundidf
                0x0800092c                __aeabi_l2d
                0x0800092c                __floatdidf
 .text          0x08000988      0x424 /Users/fernandesvincent/Library/Application Support/stm32cube/bundles/gnu-tools-for-stm32/13.3.1+st.9/bin/../lib/gcc/arm-none-eabi/13.3.1/thumb/v7e-m+fp/hard/libgcc.a(_arm_muldivdf3.o)
                0x08000988                __aeabi_dmul
                0x08000988                __muldf3
                0x08000bdc                __aeabi_ddiv
                0x08000bdc                __divdf3
 .text          0x08000dac      0x110 /Users/fernandesvincent/Library/Application Support/stm32cube/bundles/gnu-tools-for-stm32/13.3.1+st.9/bin/../lib/gcc/arm-none-eabi/13.3.1/thumb/v7e-m+fp/hard/libgcc.a(_arm_cmpdf2.o)
                0x08000dac                __gedf2
                0x08000dac                __gtdf2
                0x08000db4                __ledf2
                0x08000db4                __ltdf2
                0x08000dbc                __cmpdf2
                0x08000dbc                __eqdf2
                0x08000dbc                __nedf2
                0x08000e38                __aeabi_cdrcmple
                0x08000e48                __aeabi_cdcmple
                0x08000e48                __aeabi_cdcmpeq
                0x08000e58                __aeabi_dcmpeq
                0x08000e6c                __aeabi_dcmplt
                0x08000e80                __aeabi_dcmple
                0x08000e94                __aeabi_dcmpge
                0x08000ea8                __aeabi_dcmpgt
 .text          0x08000ebc       0x2c /Users/fernandesvincent/Library/Application Support/stm32cube/bundles/gnu-tools-for-stm32/13.3.1+st.9/bin/../lib/gcc/arm-none-eabi/13.3.1/thumb/v7e-m+fp/hard/libgcc.a(_arm_unorddf2.o)
                0x08000ebc                __aeabi_dcmpun
                0x08000ebc                __unorddf2
 .text          0x08000ee8       0x50 /Users/fernandesvincent/Library/Application Support/stm32cube/bundles/gnu-tools-for-stm32/13.3.1+st.9/bin/../lib/gcc/arm-none-eabi/13.3.1/thumb/v7e-m+fp/hard/libgcc.a(_arm_fixdfsi.o)
                0x08000ee8                __fixdfsi
                0x08000ee8                __aeabi_d2iz
 *(.text*)
 .text.MX_ADC1_Init
                0x08000f38       0xf0 CMakeFiles/Test_VSCODE_2.dir/Core/Src/adc.c.obj
                0x08000f38                MX_ADC1_Init
 .text.MX_ADC2_Init
                0x08001028       0xcc CMakeFiles/Test_VSCODE_2.dir/Core/Src/adc.c.obj
                0x08001028                MX_ADC2_Init
 .text.HAL_ADC_MspInit
                0x080010f4      0x1f4 CMakeFiles/Test_VSCODE_2.dir/Core/Src/adc.c.obj
                0x080010f4                HAL_ADC_MspInit
 .text.init_device
                0x080012e8       0x40 CMakeFiles/Test_VSCODE_2.dir/Core/Src/app.c.obj
                0x080012e8                init_device
 .text.shell_uart2_transmit
                0x08001328       0x2c CMakeFiles/Test_VSCODE_2.dir/Core/Src/app.c.obj
                0x08001328                shell_uart2_transmit
 .text.shell_uart2_receive
                0x08001354       0x28 CMakeFiles/Test_VSCODE_2.dir/Core/Src/app.c.obj
                0x08001354                shell_uart2_receive
 .text.HAL_UART_RxCpltCallback
                0x0800137c       0x3c CMakeFiles/Test_VSCODE_2.dir/Core/Src/app.c.obj
                0x0800137c                HAL_UART_RxCpltCallback
 .text.loop     0x080013b8        0xe CMakeFiles/Test_VSCODE_2.dir/Core/Src/app.c.obj
                0x080013b8                loop
 *fill*         0x080013c6        0x2 
 .text.MX_GPIO_Init
                0x080013c8      0x120 CMakeFiles/Test_VSCODE_2.dir/Core/Src/gpio.c.obj
                0x080013c8                MX_GPIO_Init
 .text.main     0x080014e8       0x32 CMakeFiles/Test_VSCODE_2.dir/Core/Src/main.c.obj
                0x080014e8                main
 .text.SystemClock_Config
                0x0800151a       0x92 CMakeFiles/Test_VSCODE_2.dir/Core/Src/main.c.obj
                0x0800151a                SystemClock_Config
 .text.HAL_TIM_PeriodElapsedCallback
                0x080015ac       0x24 CMakeFiles/Test_VSCODE_2.dir/Core/Src/main.c.obj
                0x080015ac                HAL_TIM_PeriodElapsedCallback
 .text.Error_Handler
                0x080015d0        0xc CMakeFiles/Test_VSCODE_2.dir/Core/Src/main.c.obj
                0x080015d0                Error_Handler
 .text.HAL_MspInit
                0x080015dc       0x48 CMakeFiles/Test_VSCODE_2.dir/Core/Src/stm32g4xx_hal_msp.c.obj
                0x080015dc                HAL_MspInit
 .text.HAL_InitTick
                0x08001624       0xd8 CMakeFiles/Test_VSCODE_2.dir/Core/Src/stm32g4xx_hal_timebase_tim.c.obj
                0x08001624                HAL_InitTick
 .text.NMI_Handler
                0x080016fc        0x8 CMakeFiles/Test_VSCODE_2.dir/Core/Src/stm32g4xx_it.c.obj
                0x080016fc                NMI_Handler
 .text.HardFault_Handler
                0x08001704        0x8 CMakeFiles/Test_VSCODE_2.dir/Core/Src/stm32g4xx_it.c.obj
                0x08001704                HardFault_Handler
 .text.MemManage_Handler
                0x0800170c        0x8 CMakeFiles/Test_VSCODE_2.dir/Core/Src/stm32g4xx_it.c.obj
                0x0800170c                MemManage_Handler
 .text.BusFault_Handler
                0x08001714        0x8 CMakeFiles/Test_VSCODE_2.dir/Core/Src/stm32g4xx_it.c.obj
                0x08001714                BusFault_Handler
 .text.UsageFault_Handler
                0x0800171c        0x8 CMakeFiles/Test_VSCODE_2.dir/Core/Src/stm32g4xx_it.c.obj
                0x0800171c                UsageFault_Handler
 .text.SVC_Handler
                0x08001724        0xe CMakeFiles/Test_VSCODE_2.dir/Core/Src/stm32g4xx_it.c.obj
                0x08001724                SVC_Handler
 .text.DebugMon_Handler
                0x08001732        0xe CMakeFiles/Test_VSCODE_2.dir/Core/Src/stm32g4xx_it.c.obj
                0x08001732                DebugMon_Handler
 .text.PendSV_Handler
                0x08001740        0xe CMakeFiles/Test_VSCODE_2.dir/Core/Src/stm32g4xx_it.c.obj
                0x08001740                PendSV_Handler
 .text.SysTick_Handler
                0x0800174e        0xe CMakeFiles/Test_VSCODE_2.dir/Core/Src/stm32g4xx_it.c.obj
                0x0800174e                SysTick_Handler
 .text.USART2_IRQHandler
                0x0800175c       0x14 CMakeFiles/Test_VSCODE_2.dir/Core/Src/stm32g4xx_it.c.obj
                0x0800175c                USART2_IRQHandler
 .text.EXTI15_10_IRQHandler
                0x08001770       0x10 CMakeFiles/Test_VSCODE_2.dir/Core/Src/stm32g4xx_it.c.obj
                0x08001770                EXTI15_10_IRQHandler
 .text.TIM6_DAC_IRQHandler
                0x08001780       0x14 CMakeFiles/Test_VSCODE_2.dir/Core/Src/stm32g4xx_it.c.obj
                0x08001780                TIM6_DAC_IRQHandler
 .text._getpid  0x08001794       0x10 CMakeFiles/Test_VSCODE_2.dir/Core/Src/syscalls.c.obj
                0x08001794                _getpid
 .text._kill    0x080017a4       0x20 CMakeFiles/Test_VSCODE_2.dir/Core/Src/syscalls.c.obj
                0x080017a4                _kill
 .text._exit    0x080017c4       0x16 CMakeFiles/Test_VSCODE_2.dir/Core/Src/syscalls.c.obj
                0x080017c4                _exit
 .text._read    0x080017da       0x3a CMakeFiles/Test_VSCODE_2.dir/Core/Src/syscalls.c.obj
                0x080017da                _read
 .text._write   0x08001814       0x38 CMakeFiles/Test_VSCODE_2.dir/Core/Src/syscalls.c.obj
                0x08001814                _write
 .text._close   0x0800184c       0x18 CMakeFiles/Test_VSCODE_2.dir/Core/Src/syscalls.c.obj
                0x0800184c                _close
 .text._fstat   0x08001864       0x20 CMakeFiles/Test_VSCODE_2.dir/Core/Src/syscalls.c.obj
                0x08001864                _fstat
 .text._isatty  0x08001884       0x16 CMakeFiles/Test_VSCODE_2.dir/Core/Src/syscalls.c.obj
                0x08001884                _isatty
 .text._lseek   0x0800189a       0x1a CMakeFiles/Test_VSCODE_2.dir/Core/Src/syscalls.c.obj
                0x0800189a                _lseek
 .text._sbrk    0x080018b4       0x6c CMakeFiles/Test_VSCODE_2.dir/Core/Src/sysmem.c.obj
                0x080018b4                _sbrk
 .text.SystemInit
                0x08001920       0x24 CMakeFiles/Test_VSCODE_2.dir/Core/Src/system_stm32g4xx.c.obj
                0x08001920                SystemInit
 .text.MX_TIM1_Init
                0x08001944      0x158 CMakeFiles/Test_VSCODE_2.dir/Core/Src/tim.c.obj
                0x08001944                MX_TIM1_Init
 .text.MX_TIM3_Init
                0x08001a9c       0x98 CMakeFiles/Test_VSCODE_2.dir/Core/Src/tim.c.obj
                0x08001a9c                MX_TIM3_Init
 .text.HAL_TIM_PWM_MspInit
                0x08001b34       0x40 CMakeFiles/Test_VSCODE_2.dir/Core/Src/tim.c.obj
                0x08001b34                HAL_TIM_PWM_MspInit
 .text.HAL_TIMEx_HallSensor_MspInit
                0x08001b74       0xc4 CMakeFiles/Test_VSCODE_2.dir/Core/Src/tim.c.obj
                0x08001b74                HAL_TIMEx_HallSensor_MspInit
 .text.HAL_TIM_MspPostInit
                0x08001c38       0xd0 CMakeFiles/Test_VSCODE_2.dir/Core/Src/tim.c.obj
                0x08001c38                HAL_TIM_MspPostInit
 .text.MX_USART2_UART_Init
                0x08001d08       0x98 CMakeFiles/Test_VSCODE_2.dir/Core/Src/usart.c.obj
                0x08001d08                MX_USART2_UART_Init
 .text.MX_USART3_UART_Init
                0x08001da0       0x98 CMakeFiles/Test_VSCODE_2.dir/Core/Src/usart.c.obj
                0x08001da0                MX_USART3_UART_Init
 .text.HAL_UART_MspInit
                0x08001e38      0x140 CMakeFiles/Test_VSCODE_2.dir/Core/Src/usart.c.obj
                0x08001e38                HAL_UART_MspInit
 .text.led_init
                0x08001f78       0x28 CMakeFiles/Test_VSCODE_2.dir/Core/Src/user_interface/led.c.obj
                0x08001f78                led_init
 .text.led_control
                0x08001fa0      0x164 CMakeFiles/Test_VSCODE_2.dir/Core/Src/user_interface/led.c.obj
                0x08001fa0                led_control
 .text.is_character_valid
                0x08002104       0x4c CMakeFiles/Test_VSCODE_2.dir/Core/Src/user_interface/shell.c.obj
 .text.is_string_valid
                0x08002150       0x56 CMakeFiles/Test_VSCODE_2.dir/Core/Src/user_interface/shell.c.obj
 *fill*         0x080021a6        0x2 
 .text.sh_help  0x080021a8       0xd0 CMakeFiles/Test_VSCODE_2.dir/Core/Src/user_interface/shell.c.obj
 .text.sh_test_list
                0x08002278       0x60 CMakeFiles/Test_VSCODE_2.dir/Core/Src/user_interface/shell.c.obj
 .text.shell_init
                0x080022d8       0x84 CMakeFiles/Test_VSCODE_2.dir/Core/Src/user_interface/shell.c.obj
                0x080022d8                shell_init
 .text.shell_add
                0x0800235c       0x7e CMakeFiles/Test_VSCODE_2.dir/Core/Src/user_interface/shell.c.obj
                0x0800235c                shell_add
 *fill*         0x080023da        0x2 
 .text.shell_exec
                0x080023dc       0xdc CMakeFiles/Test_VSCODE_2.dir/Core/Src/user_interface/shell.c.obj
 .text.shell_run
                0x080024b8      0x108 CMakeFiles/Test_VSCODE_2.dir/Core/Src/user_interface/shell.c.obj
                0x080024b8                shell_run
 .text.Reset_Handler
                0x080025c0       0x50 CMakeFiles/Test_VSCODE_2.dir/Core/Startup/startup_stm32g474retx.s.obj
                0x080025c0                Reset_Handler
 .text.Default_Handler
                0x08002610        0x2 CMakeFiles/Test_VSCODE_2.dir/Core/Startup/startup_stm32g474retx.s.obj
                0x08002610                TIM1_BRK_TIM15_IRQHandler
                0x08002610                EXTI2_IRQHandler
                0x08002610                TIM8_TRG_COM_IRQHandler
                0x08002610                TIM8_CC_IRQHandler
                0x08002610                HRTIM1_Master_IRQHandler
                0x08002610                SPI4_IRQHandler
                0x08002610                FDCAN3_IT0_IRQHandler
                0x08002610                TIM1_CC_IRQHandler
                0x08002610                HRTIM1_FLT_IRQHandler
                0x08002610                HRTIM1_TIMF_IRQHandler
                0x08002610                USB_HP_IRQHandler
                0x08002610                CORDIC_IRQHandler
                0x08002610                HRTIM1_TIMD_IRQHandler
                0x08002610                DMA2_Channel8_IRQHandler
                0x08002610                EXTI3_IRQHandler
                0x08002610                I2C3_ER_IRQHandler
                0x08002610                EXTI0_IRQHandler
                0x08002610                I2C2_EV_IRQHandler
                0x08002610                FPU_IRQHandler
                0x08002610                FDCAN1_IT1_IRQHandler
                0x08002610                TIM1_UP_TIM16_IRQHandler
                0x08002610                ADC1_2_IRQHandler
                0x08002610                HRTIM1_TIME_IRQHandler
                0x08002610                SPI1_IRQHandler
                0x08002610                HRTIM1_TIMC_IRQHandler
                0x08002610                TIM8_UP_IRQHandler
                0x08002610                DMA2_Channel2_IRQHandler
                0x08002610                DMA1_Channel4_IRQHandler
                0x08002610                TIM20_TRG_COM_IRQHandler
                0x08002610                USART3_IRQHandler
                0x08002610                DMA1_Channel7_IRQHandler
                0x08002610                UART5_IRQHandler
                0x08002610                ADC3_IRQHandler
                0x08002610                TIM4_IRQHandler
                0x08002610                DMA2_Channel1_IRQHandler
                0x08002610                QUADSPI_IRQHandler
                0x08002610                I2C1_EV_IRQHandler
                0x08002610                DMA1_Channel6_IRQHandler
                0x08002610                UART4_IRQHandler
                0x08002610                DMA2_Channel4_IRQHandler
                0x08002610                TIM3_IRQHandler
                0x08002610                RCC_IRQHandler
                0x08002610                TIM20_UP_IRQHandler
                0x08002610                DMA1_Channel1_IRQHandler
                0x08002610                Default_Handler
                0x08002610                DMA2_Channel7_IRQHandler
                0x08002610                RTC_TAMP_LSECSS_IRQHandler
                0x08002610                FMAC_IRQHandler
                0x08002610                DMA1_Channel8_IRQHandler
                0x08002610                HRTIM1_TIMA_IRQHandler
                0x08002610                TIM7_DAC_IRQHandler
                0x08002610                FDCAN3_IT1_IRQHandler
                0x08002610                TIM5_IRQHandler
                0x08002610                UCPD1_IRQHandler
                0x08002610                I2C3_EV_IRQHandler
                0x08002610                EXTI9_5_IRQHandler
                0x08002610                RTC_WKUP_IRQHandler
                0x08002610                PVD_PVM_IRQHandler
                0x08002610                SPI2_IRQHandler
                0x08002610                ADC5_IRQHandler
                0x08002610                DMA2_Channel5_IRQHandler
                0x08002610                CRS_IRQHandler
                0x08002610                DMA1_Channel5_IRQHandler
                0x08002610                USB_LP_IRQHandler
                0x08002610                EXTI4_IRQHandler
                0x08002610                RNG_IRQHandler
                0x08002610                HRTIM1_TIMB_IRQHandler
                0x08002610                TIM1_TRG_COM_TIM17_IRQHandler
                0x08002610                FDCAN2_IT1_IRQHandler
                0x08002610                DMA1_Channel3_IRQHandler
                0x08002610                ADC4_IRQHandler
                0x08002610                WWDG_IRQHandler
                0x08002610                I2C4_EV_IRQHandler
                0x08002610                FDCAN2_IT0_IRQHandler
                0x08002610                LPUART1_IRQHandler
                0x08002610                DMA2_Channel6_IRQHandler
                0x08002610                FDCAN1_IT0_IRQHandler
                0x08002610                TIM2_IRQHandler
                0x08002610                COMP7_IRQHandler
                0x08002610                COMP1_2_3_IRQHandler
                0x08002610                EXTI1_IRQHandler
                0x08002610                COMP4_5_6_IRQHandler
                0x08002610                TIM20_BRK_IRQHandler
                0x08002610                I2C2_ER_IRQHandler
                0x08002610                DMA1_Channel2_IRQHandler
                0x08002610                TIM8_BRK_IRQHandler
                0x08002610                FLASH_IRQHandler
                0x08002610                TIM20_CC_IRQHandler
                0x08002610                USART1_IRQHandler
                0x08002610                SPI3_IRQHandler
                0x08002610                I2C1_ER_IRQHandler
                0x08002610                FMC_IRQHandler
                0x08002610                LPTIM1_IRQHandler
                0x08002610                DMAMUX_OVR_IRQHandler
                0x08002610                I2C4_ER_IRQHandler
                0x08002610                USBWakeUp_IRQHandler
                0x08002610                SAI1_IRQHandler
                0x08002610                DMA2_Channel3_IRQHandler
                0x08002610                RTC_Alarm_IRQHandler
 .text.HAL_Init
                0x08002612       0x30 CMakeFiles/Test_VSCODE_2.dir/Drivers/STM32G4xx_HAL_Driver/Src/stm32g4xx_hal.c.obj
                0x08002612                HAL_Init
 *fill*         0x08002642        0x2 
 .text.HAL_IncTick
                0x08002644       0x24 CMakeFiles/Test_VSCODE_2.dir/Drivers/STM32G4xx_HAL_Driver/Src/stm32g4xx_hal.c.obj
                0x08002644                HAL_IncTick
 .text.HAL_GetTick
                0x08002668       0x18 CMakeFiles/Test_VSCODE_2.dir/Drivers/STM32G4xx_HAL_Driver/Src/stm32g4xx_hal.c.obj
                0x08002668                HAL_GetTick
 .text.LL_ADC_SetCommonClock
                0x08002680       0x26 CMakeFiles/Test_VSCODE_2.dir/Drivers/STM32G4xx_HAL_Driver/Src/stm32g4xx_hal_adc.c.obj
 .text.LL_ADC_SetCommonPathInternalCh
                0x080026a6       0x26 CMakeFiles/Test_VSCODE_2.dir/Drivers/STM32G4xx_HAL_Driver/Src/stm32g4xx_hal_adc.c.obj
 .text.LL_ADC_GetCommonPathInternalCh
                0x080026cc       0x1c CMakeFiles/Test_VSCODE_2.dir/Drivers/STM32G4xx_HAL_Driver/Src/stm32g4xx_hal_adc.c.obj
 .text.LL_ADC_SetOffset
                0x080026e8       0x48 CMakeFiles/Test_VSCODE_2.dir/Drivers/STM32G4xx_HAL_Driver/Src/stm32g4xx_hal_adc.c.obj
 .text.LL_ADC_GetOffsetChannel
                0x08002730       0x2c CMakeFiles/Test_VSCODE_2.dir/Drivers/STM32G4xx_HAL_Driver/Src/stm32g4xx_hal_adc.c.obj
 .text.LL_ADC_SetOffsetState
                0x0800275c       0x36 CMakeFiles/Test_VSCODE_2.dir/Drivers/STM32G4xx_HAL_Driver/Src/stm32g4xx_hal_adc.c.obj
 .text.LL_ADC_SetOffsetSign
                0x08002792       0x36 CMakeFiles/Test_VSCODE_2.dir/Drivers/STM32G4xx_HAL_Driver/Src/stm32g4xx_hal_adc.c.obj
 .text.LL_ADC_SetOffsetSaturation
                0x080027c8       0x36 CMakeFiles/Test_VSCODE_2.dir/Drivers/STM32G4xx_HAL_Driver/Src/stm32g4xx_hal_adc.c.obj
 .text.LL_ADC_SetSamplingTimeCommonConfig
                0x080027fe       0x26 CMakeFiles/Test_VSCODE_2.dir/Drivers/STM32G4xx_HAL_Driver/Src/stm32g4xx_hal_adc.c.obj
 .text.LL_ADC_REG_SetSequencerRanks
                0x08002824       0x58 CMakeFiles/Test_VSCODE_2.dir/Drivers/STM32G4xx_HAL_Driver/Src/stm32g4xx_hal_adc.c.obj
 .text.LL_ADC_SetChannelSamplingTime
                0x0800287c       0x56 CMakeFiles/Test_VSCODE_2.dir/Drivers/STM32G4xx_HAL_Driver/Src/stm32g4xx_hal_adc.c.obj
 *fill*         0x080028d2        0x2 
 .text.LL_ADC_SetChannelSingleDiff
                0x080028d4       0x48 CMakeFiles/Test_VSCODE_2.dir/Drivers/STM32G4xx_HAL_Driver/Src/stm32g4xx_hal_adc.c.obj
 .text.LL_ADC_DisableDeepPowerDown
                0x0800291c       0x24 CMakeFiles/Test_VSCODE_2.dir/Drivers/STM32G4xx_HAL_Driver/Src/stm32g4xx_hal_adc.c.obj
 .text.LL_ADC_IsDeepPowerDownEnabled
                0x08002940       0x28 CMakeFiles/Test_VSCODE_2.dir/Drivers/STM32G4xx_HAL_Driver/Src/stm32g4xx_hal_adc.c.obj
 .text.LL_ADC_EnableInternalRegulator
                0x08002968       0x28 CMakeFiles/Test_VSCODE_2.dir/Drivers/STM32G4xx_HAL_Driver/Src/stm32g4xx_hal_adc.c.obj
 .text.LL_ADC_IsInternalRegulatorEnabled
                0x08002990       0x28 CMakeFiles/Test_VSCODE_2.dir/Drivers/STM32G4xx_HAL_Driver/Src/stm32g4xx_hal_adc.c.obj
 .text.LL_ADC_IsEnabled
                0x080029b8       0x26 CMakeFiles/Test_VSCODE_2.dir/Drivers/STM32G4xx_HAL_Driver/Src/stm32g4xx_hal_adc.c.obj
 .text.LL_ADC_REG_IsConversionOngoing
                0x080029de       0x26 CMakeFiles/Test_VSCODE_2.dir/Drivers/STM32G4xx_HAL_Driver/Src/stm32g4xx_hal_adc.c.obj
 .text.LL_ADC_INJ_IsConversionOngoing
                0x08002a04       0x26 CMakeFiles/Test_VSCODE_2.dir/Drivers/STM32G4xx_HAL_Driver/Src/stm32g4xx_hal_adc.c.obj
 *fill*         0x08002a2a        0x2 
 .text.HAL_ADC_Init
                0x08002a2c      0x378 CMakeFiles/Test_VSCODE_2.dir/Drivers/STM32G4xx_HAL_Driver/Src/stm32g4xx_hal_adc.c.obj
                0x08002a2c                HAL_ADC_Init
 .text.HAL_ADC_ConfigChannel
                0x08002da4      0x880 CMakeFiles/Test_VSCODE_2.dir/Drivers/STM32G4xx_HAL_Driver/Src/stm32g4xx_hal_adc.c.obj
                0x08002da4                HAL_ADC_ConfigChannel
 .text.LL_ADC_IsEnabled
                0x08003624       0x26 CMakeFiles/Test_VSCODE_2.dir/Drivers/STM32G4xx_HAL_Driver/Src/stm32g4xx_hal_adc_ex.c.obj
 .text.LL_ADC_REG_IsConversionOngoing
                0x0800364a       0x26 CMakeFiles/Test_VSCODE_2.dir/Drivers/STM32G4xx_HAL_Driver/Src/stm32g4xx_hal_adc_ex.c.obj
 .text.HAL_ADCEx_MultiModeConfigChannel
                0x08003670      0x210 CMakeFiles/Test_VSCODE_2.dir/Drivers/STM32G4xx_HAL_Driver/Src/stm32g4xx_hal_adc_ex.c.obj
                0x08003670                HAL_ADCEx_MultiModeConfigChannel
 .text.__NVIC_SetPriorityGrouping
                0x08003880       0x48 CMakeFiles/Test_VSCODE_2.dir/Drivers/STM32G4xx_HAL_Driver/Src/stm32g4xx_hal_cortex.c.obj
 .text.__NVIC_GetPriorityGrouping
                0x080038c8       0x1c CMakeFiles/Test_VSCODE_2.dir/Drivers/STM32G4xx_HAL_Driver/Src/stm32g4xx_hal_cortex.c.obj
 .text.__NVIC_EnableIRQ
                0x080038e4       0x3c CMakeFiles/Test_VSCODE_2.dir/Drivers/STM32G4xx_HAL_Driver/Src/stm32g4xx_hal_cortex.c.obj
 .text.__NVIC_SetPriority
                0x08003920       0x54 CMakeFiles/Test_VSCODE_2.dir/Drivers/STM32G4xx_HAL_Driver/Src/stm32g4xx_hal_cortex.c.obj
 .text.NVIC_EncodePriority
                0x08003974       0x66 CMakeFiles/Test_VSCODE_2.dir/Drivers/STM32G4xx_HAL_Driver/Src/stm32g4xx_hal_cortex.c.obj
 .text.HAL_NVIC_SetPriorityGrouping
                0x080039da       0x16 CMakeFiles/Test_VSCODE_2.dir/Drivers/STM32G4xx_HAL_Driver/Src/stm32g4xx_hal_cortex.c.obj
                0x080039da                HAL_NVIC_SetPriorityGrouping
 .text.HAL_NVIC_SetPriority
                0x080039f0       0x34 CMakeFiles/Test_VSCODE_2.dir/Drivers/STM32G4xx_HAL_Driver/Src/stm32g4xx_hal_cortex.c.obj
                0x080039f0                HAL_NVIC_SetPriority
 .text.HAL_NVIC_EnableIRQ
                0x08003a24       0x1c CMakeFiles/Test_VSCODE_2.dir/Drivers/STM32G4xx_HAL_Driver/Src/stm32g4xx_hal_cortex.c.obj
                0x08003a24                HAL_NVIC_EnableIRQ
 .text.HAL_DMA_Abort
                0x08003a40       0xb2 CMakeFiles/Test_VSCODE_2.dir/Drivers/STM32G4xx_HAL_Driver/Src/stm32g4xx_hal_dma.c.obj
                0x08003a40                HAL_DMA_Abort
 .text.HAL_DMA_Abort_IT
                0x08003af2       0xce CMakeFiles/Test_VSCODE_2.dir/Drivers/STM32G4xx_HAL_Driver/Src/stm32g4xx_hal_dma.c.obj
                0x08003af2                HAL_DMA_Abort_IT
 .text.HAL_GPIO_Init
                0x08003bc0      0x304 CMakeFiles/Test_VSCODE_2.dir/Drivers/STM32G4xx_HAL_Driver/Src/stm32g4xx_hal_gpio.c.obj
                0x08003bc0                HAL_GPIO_Init
 .text.HAL_GPIO_WritePin
                0x08003ec4       0x30 CMakeFiles/Test_VSCODE_2.dir/Drivers/STM32G4xx_HAL_Driver/Src/stm32g4xx_hal_gpio.c.obj
                0x08003ec4                HAL_GPIO_WritePin
 .text.HAL_GPIO_TogglePin
                0x08003ef4       0x34 CMakeFiles/Test_VSCODE_2.dir/Drivers/STM32G4xx_HAL_Driver/Src/stm32g4xx_hal_gpio.c.obj
                0x08003ef4                HAL_GPIO_TogglePin
 .text.HAL_GPIO_EXTI_IRQHandler
                0x08003f28       0x30 CMakeFiles/Test_VSCODE_2.dir/Drivers/STM32G4xx_HAL_Driver/Src/stm32g4xx_hal_gpio.c.obj
                0x08003f28                HAL_GPIO_EXTI_IRQHandler
 .text.HAL_GPIO_EXTI_Callback
                0x08003f58       0x16 CMakeFiles/Test_VSCODE_2.dir/Drivers/STM32G4xx_HAL_Driver/Src/stm32g4xx_hal_gpio.c.obj
                0x08003f58                HAL_GPIO_EXTI_Callback
 *fill*         0x08003f6e        0x2 
 .text.HAL_PWREx_ControlVoltageScaling
                0x08003f70      0x148 CMakeFiles/Test_VSCODE_2.dir/Drivers/STM32G4xx_HAL_Driver/Src/stm32g4xx_hal_pwr_ex.c.obj
                0x08003f70                HAL_PWREx_ControlVoltageScaling
 .text.HAL_PWREx_DisableUCPDDeadBattery
                0x080040b8       0x20 CMakeFiles/Test_VSCODE_2.dir/Drivers/STM32G4xx_HAL_Driver/Src/stm32g4xx_hal_pwr_ex.c.obj
                0x080040b8                HAL_PWREx_DisableUCPDDeadBattery
 .text.HAL_RCC_OscConfig
                0x080040d8      0x624 CMakeFiles/Test_VSCODE_2.dir/Drivers/STM32G4xx_HAL_Driver/Src/stm32g4xx_hal_rcc.c.obj
                0x080040d8                HAL_RCC_OscConfig
 .text.HAL_RCC_ClockConfig
                0x080046fc      0x278 CMakeFiles/Test_VSCODE_2.dir/Drivers/STM32G4xx_HAL_Driver/Src/stm32g4xx_hal_rcc.c.obj
                0x080046fc                HAL_RCC_ClockConfig
 .text.HAL_RCC_GetSysClockFreq
                0x08004974       0xc4 CMakeFiles/Test_VSCODE_2.dir/Drivers/STM32G4xx_HAL_Driver/Src/stm32g4xx_hal_rcc.c.obj
                0x08004974                HAL_RCC_GetSysClockFreq
 .text.HAL_RCC_GetHCLKFreq
                0x08004a38       0x18 CMakeFiles/Test_VSCODE_2.dir/Drivers/STM32G4xx_HAL_Driver/Src/stm32g4xx_hal_rcc.c.obj
                0x08004a38                HAL_RCC_GetHCLKFreq
 .text.HAL_RCC_GetPCLK1Freq
                0x08004a50       0x2c CMakeFiles/Test_VSCODE_2.dir/Drivers/STM32G4xx_HAL_Driver/Src/stm32g4xx_hal_rcc.c.obj
                0x08004a50                HAL_RCC_GetPCLK1Freq
 .text.HAL_RCC_GetPCLK2Freq
                0x08004a7c       0x2c CMakeFiles/Test_VSCODE_2.dir/Drivers/STM32G4xx_HAL_Driver/Src/stm32g4xx_hal_rcc.c.obj
                0x08004a7c                HAL_RCC_GetPCLK2Freq
 .text.HAL_RCC_GetClockConfig
                0x08004aa8       0x64 CMakeFiles/Test_VSCODE_2.dir/Drivers/STM32G4xx_HAL_Driver/Src/stm32g4xx_hal_rcc.c.obj
                0x08004aa8                HAL_RCC_GetClockConfig
 .text.RCC_GetSysClockFreqFromPLLSource
                0x08004b0c       0x8c CMakeFiles/Test_VSCODE_2.dir/Drivers/STM32G4xx_HAL_Driver/Src/stm32g4xx_hal_rcc.c.obj
 .text.HAL_RCCEx_PeriphCLKConfig
                0x08004b98      0x49c CMakeFiles/Test_VSCODE_2.dir/Drivers/STM32G4xx_HAL_Driver/Src/stm32g4xx_hal_rcc_ex.c.obj
                0x08004b98                HAL_RCCEx_PeriphCLKConfig
 .text.HAL_TIM_Base_Init
                0x08005034       0xae CMakeFiles/Test_VSCODE_2.dir/Drivers/STM32G4xx_HAL_Driver/Src/stm32g4xx_hal_tim.c.obj
                0x08005034                HAL_TIM_Base_Init
 .text.HAL_TIM_Base_MspInit
                0x080050e2       0x14 CMakeFiles/Test_VSCODE_2.dir/Drivers/STM32G4xx_HAL_Driver/Src/stm32g4xx_hal_tim.c.obj
                0x080050e2                HAL_TIM_Base_MspInit
 *fill*         0x080050f6        0x2 
 .text.HAL_TIM_Base_Start_IT
                0x080050f8       0xf0 CMakeFiles/Test_VSCODE_2.dir/Drivers/STM32G4xx_HAL_Driver/Src/stm32g4xx_hal_tim.c.obj
                0x080050f8                HAL_TIM_Base_Start_IT
 .text.HAL_TIM_PWM_Init
                0x080051e8       0xae CMakeFiles/Test_VSCODE_2.dir/Drivers/STM32G4xx_HAL_Driver/Src/stm32g4xx_hal_tim.c.obj
                0x080051e8                HAL_TIM_PWM_Init
 .text.HAL_TIM_IRQHandler
                0x08005296      0x29e CMakeFiles/Test_VSCODE_2.dir/Drivers/STM32G4xx_HAL_Driver/Src/stm32g4xx_hal_tim.c.obj
                0x08005296                HAL_TIM_IRQHandler
 .text.HAL_TIM_PWM_ConfigChannel
                0x08005534      0x228 CMakeFiles/Test_VSCODE_2.dir/Drivers/STM32G4xx_HAL_Driver/Src/stm32g4xx_hal_tim.c.obj
                0x08005534                HAL_TIM_PWM_ConfigChannel
 .text.HAL_TIM_OC_DelayElapsedCallback
                0x0800575c       0x14 CMakeFiles/Test_VSCODE_2.dir/Drivers/STM32G4xx_HAL_Driver/Src/stm32g4xx_hal_tim.c.obj
                0x0800575c                HAL_TIM_OC_DelayElapsedCallback
 .text.HAL_TIM_IC_CaptureCallback
                0x08005770       0x14 CMakeFiles/Test_VSCODE_2.dir/Drivers/STM32G4xx_HAL_Driver/Src/stm32g4xx_hal_tim.c.obj
                0x08005770                HAL_TIM_IC_CaptureCallback
 .text.HAL_TIM_PWM_PulseFinishedCallback
                0x08005784       0x14 CMakeFiles/Test_VSCODE_2.dir/Drivers/STM32G4xx_HAL_Driver/Src/stm32g4xx_hal_tim.c.obj
                0x08005784                HAL_TIM_PWM_PulseFinishedCallback
 .text.HAL_TIM_TriggerCallback
                0x08005798       0x14 CMakeFiles/Test_VSCODE_2.dir/Drivers/STM32G4xx_HAL_Driver/Src/stm32g4xx_hal_tim.c.obj
                0x08005798                HAL_TIM_TriggerCallback
 .text.TIM_Base_SetConfig
                0x080057ac      0x168 CMakeFiles/Test_VSCODE_2.dir/Drivers/STM32G4xx_HAL_Driver/Src/stm32g4xx_hal_tim.c.obj
                0x080057ac                TIM_Base_SetConfig
 .text.TIM_OC1_SetConfig
                0x08005914      0x134 CMakeFiles/Test_VSCODE_2.dir/Drivers/STM32G4xx_HAL_Driver/Src/stm32g4xx_hal_tim.c.obj
 .text.TIM_OC2_SetConfig
                0x08005a48      0x128 CMakeFiles/Test_VSCODE_2.dir/Drivers/STM32G4xx_HAL_Driver/Src/stm32g4xx_hal_tim.c.obj
                0x08005a48                TIM_OC2_SetConfig
 .text.TIM_OC3_SetConfig
                0x08005b70      0x124 CMakeFiles/Test_VSCODE_2.dir/Drivers/STM32G4xx_HAL_Driver/Src/stm32g4xx_hal_tim.c.obj
 .text.TIM_OC4_SetConfig
                0x08005c94      0x128 CMakeFiles/Test_VSCODE_2.dir/Drivers/STM32G4xx_HAL_Driver/Src/stm32g4xx_hal_tim.c.obj
 .text.TIM_OC5_SetConfig
                0x08005dbc       0xd4 CMakeFiles/Test_VSCODE_2.dir/Drivers/STM32G4xx_HAL_Driver/Src/stm32g4xx_hal_tim.c.obj
 .text.TIM_OC6_SetConfig
                0x08005e90       0xd8 CMakeFiles/Test_VSCODE_2.dir/Drivers/STM32G4xx_HAL_Driver/Src/stm32g4xx_hal_tim.c.obj
 .text.TIM_TI1_SetConfig
                0x08005f68       0xe8 CMakeFiles/Test_VSCODE_2.dir/Drivers/STM32G4xx_HAL_Driver/Src/stm32g4xx_hal_tim.c.obj
                0x08005f68                TIM_TI1_SetConfig
 .text.HAL_TIMEx_HallSensor_Init
                0x08006050      0x15e CMakeFiles/Test_VSCODE_2.dir/Drivers/STM32G4xx_HAL_Driver/Src/stm32g4xx_hal_tim_ex.c.obj
                0x08006050                HAL_TIMEx_HallSensor_Init
 *fill*         0x080061ae        0x2 
 .text.HAL_TIMEx_MasterConfigSynchronization
                0x080061b0      0x12c CMakeFiles/Test_VSCODE_2.dir/Drivers/STM32G4xx_HAL_Driver/Src/stm32g4xx_hal_tim_ex.c.obj
                0x080061b0                HAL_TIMEx_MasterConfigSynchronization
 .text.HAL_TIMEx_ConfigBreakDeadTime
                0x080062dc      0x128 CMakeFiles/Test_VSCODE_2.dir/Drivers/STM32G4xx_HAL_Driver/Src/stm32g4xx_hal_tim_ex.c.obj
                0x080062dc                HAL_TIMEx_ConfigBreakDeadTime
 .text.HAL_TIMEx_CommutCallback
                0x08006404       0x14 CMakeFiles/Test_VSCODE_2.dir/Drivers/STM32G4xx_HAL_Driver/Src/stm32g4xx_hal_tim_ex.c.obj
                0x08006404                HAL_TIMEx_CommutCallback
 .text.HAL_TIMEx_BreakCallback
                0x08006418       0x14 CMakeFiles/Test_VSCODE_2.dir/Drivers/STM32G4xx_HAL_Driver/Src/stm32g4xx_hal_tim_ex.c.obj
                0x08006418                HAL_TIMEx_BreakCallback
 .text.HAL_TIMEx_Break2Callback
                0x0800642c       0x14 CMakeFiles/Test_VSCODE_2.dir/Drivers/STM32G4xx_HAL_Driver/Src/stm32g4xx_hal_tim_ex.c.obj
                0x0800642c                HAL_TIMEx_Break2Callback
 .text.HAL_TIMEx_EncoderIndexCallback
                0x08006440       0x14 CMakeFiles/Test_VSCODE_2.dir/Drivers/STM32G4xx_HAL_Driver/Src/stm32g4xx_hal_tim_ex.c.obj
                0x08006440                HAL_TIMEx_EncoderIndexCallback
 .text.HAL_TIMEx_DirectionChangeCallback
                0x08006454       0x14 CMakeFiles/Test_VSCODE_2.dir/Drivers/STM32G4xx_HAL_Driver/Src/stm32g4xx_hal_tim_ex.c.obj
                0x08006454                HAL_TIMEx_DirectionChangeCallback
 .text.HAL_TIMEx_IndexErrorCallback
                0x08006468       0x14 CMakeFiles/Test_VSCODE_2.dir/Drivers/STM32G4xx_HAL_Driver/Src/stm32g4xx_hal_tim_ex.c.obj
                0x08006468                HAL_TIMEx_IndexErrorCallback
 .text.HAL_TIMEx_TransitionErrorCallback
                0x0800647c       0x14 CMakeFiles/Test_VSCODE_2.dir/Drivers/STM32G4xx_HAL_Driver/Src/stm32g4xx_hal_tim_ex.c.obj
                0x0800647c                HAL_TIMEx_TransitionErrorCallback
 .text.HAL_UART_Init
                0x08006490       0xa0 CMakeFiles/Test_VSCODE_2.dir/Drivers/STM32G4xx_HAL_Driver/Src/stm32g4xx_hal_uart.c.obj
                0x08006490                HAL_UART_Init
 .text.HAL_UART_Transmit
                0x08006530      0x11c CMakeFiles/Test_VSCODE_2.dir/Drivers/STM32G4xx_HAL_Driver/Src/stm32g4xx_hal_uart.c.obj
                0x08006530                HAL_UART_Transmit
 .text.HAL_UART_Receive_IT
                0x0800664c       0x98 CMakeFiles/Test_VSCODE_2.dir/Drivers/STM32G4xx_HAL_Driver/Src/stm32g4xx_hal_uart.c.obj
                0x0800664c                HAL_UART_Receive_IT
 .text.HAL_UART_IRQHandler
                0x080066e4      0x684 CMakeFiles/Test_VSCODE_2.dir/Drivers/STM32G4xx_HAL_Driver/Src/stm32g4xx_hal_uart.c.obj
                0x080066e4                HAL_UART_IRQHandler
 .text.HAL_UART_TxCpltCallback
                0x08006d68       0x14 CMakeFiles/Test_VSCODE_2.dir/Drivers/STM32G4xx_HAL_Driver/Src/stm32g4xx_hal_uart.c.obj
                0x08006d68                HAL_UART_TxCpltCallback
 .text.HAL_UART_ErrorCallback
                0x08006d7c       0x14 CMakeFiles/Test_VSCODE_2.dir/Drivers/STM32G4xx_HAL_Driver/Src/stm32g4xx_hal_uart.c.obj
                0x08006d7c                HAL_UART_ErrorCallback
 .text.HAL_UARTEx_RxEventCallback
                0x08006d90       0x18 CMakeFiles/Test_VSCODE_2.dir/Drivers/STM32G4xx_HAL_Driver/Src/stm32g4xx_hal_uart.c.obj
                0x08006d90                HAL_UARTEx_RxEventCallback
 .text.UART_SetConfig
                0x08006da8      0x5f8 CMakeFiles/Test_VSCODE_2.dir/Drivers/STM32G4xx_HAL_Driver/Src/stm32g4xx_hal_uart.c.obj
                0x08006da8                UART_SetConfig
 .text.UART_AdvFeatureConfig
                0x080073a0      0x144 CMakeFiles/Test_VSCODE_2.dir/Drivers/STM32G4xx_HAL_Driver/Src/stm32g4xx_hal_uart.c.obj
                0x080073a0                UART_AdvFeatureConfig
 .text.UART_CheckIdleState
                0x080074e4      0x154 CMakeFiles/Test_VSCODE_2.dir/Drivers/STM32G4xx_HAL_Driver/Src/stm32g4xx_hal_uart.c.obj
                0x080074e4                UART_CheckIdleState
 .text.UART_WaitOnFlagUntilTimeout
                0x08007638       0xda CMakeFiles/Test_VSCODE_2.dir/Drivers/STM32G4xx_HAL_Driver/Src/stm32g4xx_hal_uart.c.obj
                0x08007638                UART_WaitOnFlagUntilTimeout
 *fill*         0x08007712        0x2 
 .text.UART_Start_Receive_IT
                0x08007714      0x244 CMakeFiles/Test_VSCODE_2.dir/Drivers/STM32G4xx_HAL_Driver/Src/stm32g4xx_hal_uart.c.obj
                0x08007714                UART_Start_Receive_IT
 .text.UART_EndRxTransfer
                0x08007958       0xcc CMakeFiles/Test_VSCODE_2.dir/Drivers/STM32G4xx_HAL_Driver/Src/stm32g4xx_hal_uart.c.obj
 .text.UART_DMAAbortOnError
                0x08007a24       0x24 CMakeFiles/Test_VSCODE_2.dir/Drivers/STM32G4xx_HAL_Driver/Src/stm32g4xx_hal_uart.c.obj
 .text.UART_EndTransmit_IT
                0x08007a48       0x56 CMakeFiles/Test_VSCODE_2.dir/Drivers/STM32G4xx_HAL_Driver/Src/stm32g4xx_hal_uart.c.obj
 *fill*         0x08007a9e        0x2 
 .text.UART_RxISR_8BIT
                0x08007aa0      0x1b8 CMakeFiles/Test_VSCODE_2.dir/Drivers/STM32G4xx_HAL_Driver/Src/stm32g4xx_hal_uart.c.obj
 .text.UART_RxISR_16BIT
                0x08007c58      0x1b8 CMakeFiles/Test_VSCODE_2.dir/Drivers/STM32G4xx_HAL_Driver/Src/stm32g4xx_hal_uart.c.obj
 .text.UART_RxISR_8BIT_FIFOEN
                0x08007e10      0x364 CMakeFiles/Test_VSCODE_2.dir/Drivers/STM32G4xx_HAL_Driver/Src/stm32g4xx_hal_uart.c.obj
 .text.UART_RxISR_16BIT_FIFOEN
                0x08008174      0x36c CMakeFiles/Test_VSCODE_2.dir/Drivers/STM32G4xx_HAL_Driver/Src/stm32g4xx_hal_uart.c.obj
 .text.HAL_UARTEx_WakeupCallback
                0x080084e0       0x14 CMakeFiles/Test_VSCODE_2.dir/Drivers/STM32G4xx_HAL_Driver/Src/stm32g4xx_hal_uart_ex.c.obj
                0x080084e0                HAL_UARTEx_WakeupCallback
 .text.HAL_UARTEx_RxFifoFullCallback
                0x080084f4       0x14 CMakeFiles/Test_VSCODE_2.dir/Drivers/STM32G4xx_HAL_Driver/Src/stm32g4xx_hal_uart_ex.c.obj
                0x080084f4                HAL_UARTEx_RxFifoFullCallback
 .text.HAL_UARTEx_TxFifoEmptyCallback
                0x08008508       0x14 CMakeFiles/Test_VSCODE_2.dir/Drivers/STM32G4xx_HAL_Driver/Src/stm32g4xx_hal_uart_ex.c.obj
                0x08008508                HAL_UARTEx_TxFifoEmptyCallback
 .text.HAL_UARTEx_DisableFifoMode
                0x0800851c       0x72 CMakeFiles/Test_VSCODE_2.dir/Drivers/STM32G4xx_HAL_Driver/Src/stm32g4xx_hal_uart_ex.c.obj
                0x0800851c                HAL_UARTEx_DisableFifoMode
 .text.HAL_UARTEx_SetTxFifoThreshold
                0x0800858e       0x7c CMakeFiles/Test_VSCODE_2.dir/Drivers/STM32G4xx_HAL_Driver/Src/stm32g4xx_hal_uart_ex.c.obj
                0x0800858e                HAL_UARTEx_SetTxFifoThreshold
 .text.HAL_UARTEx_SetRxFifoThreshold
                0x0800860a       0x7c CMakeFiles/Test_VSCODE_2.dir/Drivers/STM32G4xx_HAL_Driver/Src/stm32g4xx_hal_uart_ex.c.obj
                0x0800860a                HAL_UARTEx_SetRxFifoThreshold
 *fill*         0x08008686        0x2 
 .text.UARTEx_SetNbDataToProcess
                0x08008688       0x9c CMakeFiles/Test_VSCODE_2.dir/Drivers/STM32G4xx_HAL_Driver/Src/stm32g4xx_hal_uart_ex.c.obj
 .text.snprintf
                0x08008724       0x6c /Users/fernandesvincent/Library/Application Support/stm32cube/bundles/gnu-tools-for-stm32/13.3.1+st.9/bin/../lib/gcc/arm-none-eabi/13.3.1/../../../../arm-none-eabi/lib/thumb/v7e-m+fp/hard/libg.a(libc_a-snprintf.o)
                0x08008724                snprintf
 .text.std      0x08008790       0x6c /Users/fernandesvincent/Library/Application Support/stm32cube/bundles/gnu-tools-for-stm32/13.3.1+st.9/bin/../lib/gcc/arm-none-eabi/13.3.1/../../../../arm-none-eabi/lib/thumb/v7e-m+fp/hard/libg.a(libc_a-findfp.o)
 .text.stdio_exit_handler
                0x080087fc       0x18 /Users/fernandesvincent/Library/Application Support/stm32cube/bundles/gnu-tools-for-stm32/13.3.1+st.9/bin/../lib/gcc/arm-none-eabi/13.3.1/../../../../arm-none-eabi/lib/thumb/v7e-m+fp/hard/libg.a(libc_a-findfp.o)
 .text.cleanup_stdio
                0x08008814       0x40 /Users/fernandesvincent/Library/Application Support/stm32cube/bundles/gnu-tools-for-stm32/13.3.1+st.9/bin/../lib/gcc/arm-none-eabi/13.3.1/../../../../arm-none-eabi/lib/thumb/v7e-m+fp/hard/libg.a(libc_a-findfp.o)
 .text.global_stdio_init.part.0
                0x08008854       0x3c /Users/fernandesvincent/Library/Application Support/stm32cube/bundles/gnu-tools-for-stm32/13.3.1+st.9/bin/../lib/gcc/arm-none-eabi/13.3.1/../../../../arm-none-eabi/lib/thumb/v7e-m+fp/hard/libg.a(libc_a-findfp.o)
 .text.__sfp_lock_acquire
                0x08008890        0xc /Users/fernandesvincent/Library/Application Support/stm32cube/bundles/gnu-tools-for-stm32/13.3.1+st.9/bin/../lib/gcc/arm-none-eabi/13.3.1/../../../../arm-none-eabi/lib/thumb/v7e-m+fp/hard/libg.a(libc_a-findfp.o)
                0x08008890                __sfp_lock_acquire
 .text.__sfp_lock_release
                0x0800889c        0xc /Users/fernandesvincent/Library/Application Support/stm32cube/bundles/gnu-tools-for-stm32/13.3.1+st.9/bin/../lib/gcc/arm-none-eabi/13.3.1/../../../../arm-none-eabi/lib/thumb/v7e-m+fp/hard/libg.a(libc_a-findfp.o)
                0x0800889c                __sfp_lock_release
 .text.__sinit  0x080088a8       0x30 /Users/fernandesvincent/Library/Application Support/stm32cube/bundles/gnu-tools-for-stm32/13.3.1+st.9/bin/../lib/gcc/arm-none-eabi/13.3.1/../../../../arm-none-eabi/lib/thumb/v7e-m+fp/hard/libg.a(libc_a-findfp.o)
                0x080088a8                __sinit
 .text.memset   0x080088d8       0x10 /Users/fernandesvincent/Library/Application Support/stm32cube/bundles/gnu-tools-for-stm32/13.3.1+st.9/bin/../lib/gcc/arm-none-eabi/13.3.1/../../../../arm-none-eabi/lib/thumb/v7e-m+fp/hard/libg.a(libc_a-memset.o)
                0x080088d8                memset
 .text.__errno  0x080088e8        0xc /Users/fernandesvincent/Library/Application Support/stm32cube/bundles/gnu-tools-for-stm32/13.3.1+st.9/bin/../lib/gcc/arm-none-eabi/13.3.1/../../../../arm-none-eabi/lib/thumb/v7e-m+fp/hard/libg.a(libc_a-errno.o)
                0x080088e8                __errno
 .text.__libc_init_array
                0x080088f4       0x48 /Users/fernandesvincent/Library/Application Support/stm32cube/bundles/gnu-tools-for-stm32/13.3.1+st.9/bin/../lib/gcc/arm-none-eabi/13.3.1/../../../../arm-none-eabi/lib/thumb/v7e-m+fp/hard/libg.a(libc_a-init.o)
                0x080088f4                __libc_init_array
 .text.__retarget_lock_init_recursive
                0x0800893c        0x2 /Users/fernandesvincent/Library/Application Support/stm32cube/bundles/gnu-tools-for-stm32/13.3.1+st.9/bin/../lib/gcc/arm-none-eabi/13.3.1/../../../../arm-none-eabi/lib/thumb/v7e-m+fp/hard/libg.a(libc_a-lock.o)
                0x0800893c                __retarget_lock_init_recursive
 .text.__retarget_lock_close_recursive
                0x0800893e        0x2 /Users/fernandesvincent/Library/Application Support/stm32cube/bundles/gnu-tools-for-stm32/13.3.1+st.9/bin/../lib/gcc/arm-none-eabi/13.3.1/../../../../arm-none-eabi/lib/thumb/v7e-m+fp/hard/libg.a(libc_a-lock.o)
                0x0800893e                __retarget_lock_close_recursive
 .text.__retarget_lock_acquire_recursive
                0x08008940        0x2 /Users/fernandesvincent/Library/Application Support/stm32cube/bundles/gnu-tools-for-stm32/13.3.1+st.9/bin/../lib/gcc/arm-none-eabi/13.3.1/../../../../arm-none-eabi/lib/thumb/v7e-m+fp/hard/libg.a(libc_a-lock.o)
                0x08008940                __retarget_lock_acquire_recursive
 .text.__retarget_lock_release_recursive
                0x08008942        0x2 /Users/fernandesvincent/Library/Application Support/stm32cube/bundles/gnu-tools-for-stm32/13.3.1+st.9/bin/../lib/gcc/arm-none-eabi/13.3.1/../../../../arm-none-eabi/lib/thumb/v7e-m+fp/hard/libg.a(libc_a-lock.o)
                0x08008942                __retarget_lock_release_recursive
 .text.startup.register_fini
                0x08008944       0x14 /Users/fernandesvincent/Library/Application Support/stm32cube/bundles/gnu-tools-for-stm32/13.3.1+st.9/bin/../lib/gcc/arm-none-eabi/13.3.1/../../../../arm-none-eabi/lib/thumb/v7e-m+fp/hard/libg.a(libc_a-__call_atexit.o)
 .text.atexit   0x08008958        0xc /Users/fernandesvincent/Library/Application Support/stm32cube/bundles/gnu-tools-for-stm32/13.3.1+st.9/bin/../lib/gcc/arm-none-eabi/13.3.1/../../../../arm-none-eabi/lib/thumb/v7e-m+fp/hard/libg.a(libc_a-atexit.o)
                0x08008958                atexit
 .text._malloc_r
                0x08008964      0x474 /Users/fernandesvincent/Library/Application Support/stm32cube/bundles/gnu-tools-for-stm32/13.3.1+st.9/bin/../lib/gcc/arm-none-eabi/13.3.1/../../../../arm-none-eabi/lib/thumb/v7e-m+fp/hard/libg.a(libc_a-mallocr.o)
                0x08008964                _malloc_r
 .text._svfprintf_r
                0x08008dd8     0x13ac /Users/fernandesvincent/Library/Application Support/stm32cube/bundles/gnu-tools-for-stm32/13.3.1+st.9/bin/../lib/gcc/arm-none-eabi/13.3.1/../../../../arm-none-eabi/lib/thumb/v7e-m+fp/hard/libg.a(libc_a-svfprintf.o)
                0x08008dd8                _svfprintf_r
 .text.__malloc_lock
                0x0800a184        0xc /Users/fernandesvincent/Library/Application Support/stm32cube/bundles/gnu-tools-for-stm32/13.3.1+st.9/bin/../lib/gcc/arm-none-eabi/13.3.1/../../../../arm-none-eabi/lib/thumb/v7e-m+fp/hard/libg.a(libc_a-mlock.o)
                0x0800a184                __malloc_lock
 .text.__malloc_unlock
                0x0800a190        0xc /Users/fernandesvincent/Library/Application Support/stm32cube/bundles/gnu-tools-for-stm32/13.3.1+st.9/bin/../lib/gcc/arm-none-eabi/13.3.1/../../../../arm-none-eabi/lib/thumb/v7e-m+fp/hard/libg.a(libc_a-mlock.o)
                0x0800a190                __malloc_unlock
 .text._fwalk_sglue
                0x0800a19c       0x3c /Users/fernandesvincent/Library/Application Support/stm32cube/bundles/gnu-tools-for-stm32/13.3.1+st.9/bin/../lib/gcc/arm-none-eabi/13.3.1/../../../../arm-none-eabi/lib/thumb/v7e-m+fp/hard/libg.a(libc_a-fwalk.o)
                0x0800a19c                _fwalk_sglue
 .text.__ssprint_r
                0x0800a1d8       0x4e /Users/fernandesvincent/Library/Application Support/stm32cube/bundles/gnu-tools-for-stm32/13.3.1+st.9/bin/../lib/gcc/arm-none-eabi/13.3.1/../../../../arm-none-eabi/lib/thumb/v7e-m+fp/hard/libg.a(libc_a-ssprint_r.o)
                0x0800a1d8                __ssprint_r
 .text._fclose_r
                0x0800a226       0xac /Users/fernandesvincent/Library/Application Support/stm32cube/bundles/gnu-tools-for-stm32/13.3.1+st.9/bin/../lib/gcc/arm-none-eabi/13.3.1/../../../../arm-none-eabi/lib/thumb/v7e-m+fp/hard/libg.a(libc_a-fclose.o)
                0x0800a226                _fclose_r
 *fill*         0x0800a2d2        0x2 
 .text.__sflush_r
                0x0800a2d4      0x110 /Users/fernandesvincent/Library/Application Support/stm32cube/bundles/gnu-tools-for-stm32/13.3.1+st.9/bin/../lib/gcc/arm-none-eabi/13.3.1/../../../../arm-none-eabi/lib/thumb/v7e-m+fp/hard/libg.a(libc_a-fflush.o)
                0x0800a2d4                __sflush_r
 .text._fflush_r
                0x0800a3e4       0x4a /Users/fernandesvincent/Library/Application Support/stm32cube/bundles/gnu-tools-for-stm32/13.3.1+st.9/bin/../lib/gcc/arm-none-eabi/13.3.1/../../../../arm-none-eabi/lib/thumb/v7e-m+fp/hard/libg.a(libc_a-fflush.o)
                0x0800a3e4                _fflush_r
 .text.__sread  0x0800a42e       0x22 /Users/fernandesvincent/Library/Application Support/stm32cube/bundles/gnu-tools-for-stm32/13.3.1+st.9/bin/../lib/gcc/arm-none-eabi/13.3.1/../../../../arm-none-eabi/lib/thumb/v7e-m+fp/hard/libg.a(libc_a-stdio.o)
                0x0800a42e                __sread
 .text.__swrite
                0x0800a450       0x38 /Users/fernandesvincent/Library/Application Support/stm32cube/bundles/gnu-tools-for-stm32/13.3.1+st.9/bin/../lib/gcc/arm-none-eabi/13.3.1/../../../../arm-none-eabi/lib/thumb/v7e-m+fp/hard/libg.a(libc_a-stdio.o)
                0x0800a450                __swrite
 .text.__sseek  0x0800a488       0x24 /Users/fernandesvincent/Library/Application Support/stm32cube/bundles/gnu-tools-for-stm32/13.3.1+st.9/bin/../lib/gcc/arm-none-eabi/13.3.1/../../../../arm-none-eabi/lib/thumb/v7e-m+fp/hard/libg.a(libc_a-stdio.o)
                0x0800a488                __sseek
 .text.__sclose
                0x0800a4ac        0x8 /Users/fernandesvincent/Library/Application Support/stm32cube/bundles/gnu-tools-for-stm32/13.3.1+st.9/bin/../lib/gcc/arm-none-eabi/13.3.1/../../../../arm-none-eabi/lib/thumb/v7e-m+fp/hard/libg.a(libc_a-stdio.o)
                0x0800a4ac                __sclose
 .text.strncpy  0x0800a4b4       0x26 /Users/fernandesvincent/Library/Application Support/stm32cube/bundles/gnu-tools-for-stm32/13.3.1+st.9/bin/../lib/gcc/arm-none-eabi/13.3.1/../../../../arm-none-eabi/lib/thumb/v7e-m+fp/hard/libg.a(libc_a-strncpy.o)
                0x0800a4b4                strncpy
 *fill*         0x0800a4da        0x2 
 .text._localeconv_r
                0x0800a4dc        0x8 /Users/fernandesvincent/Library/Application Support/stm32cube/bundles/gnu-tools-for-stm32/13.3.1+st.9/bin/../lib/gcc/arm-none-eabi/13.3.1/../../../../arm-none-eabi/lib/thumb/v7e-m+fp/hard/libg.a(libc_a-localeconv.o)
                0x0800a4dc                _localeconv_r
 .text._close_r
                0x0800a4e4       0x20 /Users/fernandesvincent/Library/Application Support/stm32cube/bundles/gnu-tools-for-stm32/13.3.1+st.9/bin/../lib/gcc/arm-none-eabi/13.3.1/../../../../arm-none-eabi/lib/thumb/v7e-m+fp/hard/libg.a(libc_a-closer.o)
                0x0800a4e4                _close_r
 .text._lseek_r
                0x0800a504       0x24 /Users/fernandesvincent/Library/Application Support/stm32cube/bundles/gnu-tools-for-stm32/13.3.1+st.9/bin/../lib/gcc/arm-none-eabi/13.3.1/../../../../arm-none-eabi/lib/thumb/v7e-m+fp/hard/libg.a(libc_a-lseekr.o)
                0x0800a504                _lseek_r
 .text._read_r  0x0800a528       0x24 /Users/fernandesvincent/Library/Application Support/stm32cube/bundles/gnu-tools-for-stm32/13.3.1+st.9/bin/../lib/gcc/arm-none-eabi/13.3.1/../../../../arm-none-eabi/lib/thumb/v7e-m+fp/hard/libg.a(libc_a-readr.o)
                0x0800a528                _read_r
 .text._sbrk_r  0x0800a54c       0x20 /Users/fernandesvincent/Library/Application Support/stm32cube/bundles/gnu-tools-for-stm32/13.3.1+st.9/bin/../lib/gcc/arm-none-eabi/13.3.1/../../../../arm-none-eabi/lib/thumb/v7e-m+fp/hard/libg.a(libc_a-sbrkr.o)
                0x0800a54c                _sbrk_r
 .text._write_r
                0x0800a56c       0x24 /Users/fernandesvincent/Library/Application Support/stm32cube/bundles/gnu-tools-for-stm32/13.3.1+st.9/bin/../lib/gcc/arm-none-eabi/13.3.1/../../../../arm-none-eabi/lib/thumb/v7e-m+fp/hard/libg.a(libc_a-writer.o)
                0x0800a56c                _write_r
 .text.sysconf  0x0800a590       0x18 /Users/fernandesvincent/Library/Application Support/stm32cube/bundles/gnu-tools-for-stm32/13.3.1+st.9/bin/../lib/gcc/arm-none-eabi/13.3.1/../../../../arm-none-eabi/lib/thumb/v7e-m+fp/hard/libg.a(libc_a-sysconf.o)
                0x0800a590                sysconf
 .text.__libc_fini_array
                0x0800a5a8       0x28 /Users/fernandesvincent/Library/Application Support/stm32cube/bundles/gnu-tools-for-stm32/13.3.1+st.9/bin/../lib/gcc/arm-none-eabi/13.3.1/../../../../arm-none-eabi/lib/thumb/v7e-m+fp/hard/libg.a(libc_a-fini.o)
                0x0800a5a8                __libc_fini_array
 .text.__register_exitproc
                0x0800a5d0       0x80 /Users/fernandesvincent/Library/Application Support/stm32cube/bundles/gnu-tools-for-stm32/13.3.1+st.9/bin/../lib/gcc/arm-none-eabi/13.3.1/../../../../arm-none-eabi/lib/thumb/v7e-m+fp/hard/libg.a(libc_a-__atexit.o)
                0x0800a5d0                __register_exitproc
 .text.frexp    0x0800a650       0x68 /Users/fernandesvincent/Library/Application Support/stm32cube/bundles/gnu-tools-for-stm32/13.3.1+st.9/bin/../lib/gcc/arm-none-eabi/13.3.1/../../../../arm-none-eabi/lib/thumb/v7e-m+fp/hard/libg.a(libm_a-s_frexp.o)
                0x0800a650                frexp
 .text.quorem   0x0800a6b8      0x110 /Users/fernandesvincent/Library/Application Support/stm32cube/bundles/gnu-tools-for-stm32/13.3.1+st.9/bin/../lib/gcc/arm-none-eabi/13.3.1/../../../../arm-none-eabi/lib/thumb/v7e-m+fp/hard/libg.a(libc_a-dtoa.o)
 .text._dtoa_r  0x0800a7c8      0xb6c /Users/fernandesvincent/Library/Application Support/stm32cube/bundles/gnu-tools-for-stm32/13.3.1+st.9/bin/../lib/gcc/arm-none-eabi/13.3.1/../../../../arm-none-eabi/lib/thumb/v7e-m+fp/hard/libg.a(libc_a-dtoa.o)
                0x0800a7c8                _dtoa_r
 .text._malloc_trim_r
                0x0800b334       0xac /Users/fernandesvincent/Library/Application Support/stm32cube/bundles/gnu-tools-for-stm32/13.3.1+st.9/bin/../lib/gcc/arm-none-eabi/13.3.1/../../../../arm-none-eabi/lib/thumb/v7e-m+fp/hard/libg.a(libc_a-freer.o)
                0x0800b334                _malloc_trim_r
 .text._free_r  0x0800b3e0      0x180 /Users/fernandesvincent/Library/Application Support/stm32cube/bundles/gnu-tools-for-stm32/13.3.1+st.9/bin/../lib/gcc/arm-none-eabi/13.3.1/../../../../arm-none-eabi/lib/thumb/v7e-m+fp/hard/libg.a(libc_a-freer.o)
                0x0800b3e0                _free_r
 .text._Balloc  0x0800b560       0x4a /Users/fernandesvincent/Library/Application Support/stm32cube/bundles/gnu-tools-for-stm32/13.3.1+st.9/bin/../lib/gcc/arm-none-eabi/13.3.1/../../../../arm-none-eabi/lib/thumb/v7e-m+fp/hard/libg.a(libc_a-mprec.o)
                0x0800b560                _Balloc
 .text._Bfree   0x0800b5aa       0x12 /Users/fernandesvincent/Library/Application Support/stm32cube/bundles/gnu-tools-for-stm32/13.3.1+st.9/bin/../lib/gcc/arm-none-eabi/13.3.1/../../../../arm-none-eabi/lib/thumb/v7e-m+fp/hard/libg.a(libc_a-mprec.o)
                0x0800b5aa                _Bfree
 .text.__multadd
                0x0800b5bc       0x8c /Users/fernandesvincent/Library/Application Support/stm32cube/bundles/gnu-tools-for-stm32/13.3.1+st.9/bin/../lib/gcc/arm-none-eabi/13.3.1/../../../../arm-none-eabi/lib/thumb/v7e-m+fp/hard/libg.a(libc_a-mprec.o)
                0x0800b5bc                __multadd
 .text.__hi0bits
                0x0800b648       0x3e /Users/fernandesvincent/Library/Application Support/stm32cube/bundles/gnu-tools-for-stm32/13.3.1+st.9/bin/../lib/gcc/arm-none-eabi/13.3.1/../../../../arm-none-eabi/lib/thumb/v7e-m+fp/hard/libg.a(libc_a-mprec.o)
                0x0800b648                __hi0bits
 .text.__lo0bits
                0x0800b686       0x5a /Users/fernandesvincent/Library/Application Support/stm32cube/bundles/gnu-tools-for-stm32/13.3.1+st.9/bin/../lib/gcc/arm-none-eabi/13.3.1/../../../../arm-none-eabi/lib/thumb/v7e-m+fp/hard/libg.a(libc_a-mprec.o)
                0x0800b686                __lo0bits
 .text.__i2b    0x0800b6e0       0x2c /Users/fernandesvincent/Library/Application Support/stm32cube/bundles/gnu-tools-for-stm32/13.3.1+st.9/bin/../lib/gcc/arm-none-eabi/13.3.1/../../../../arm-none-eabi/lib/thumb/v7e-m+fp/hard/libg.a(libc_a-mprec.o)
                0x0800b6e0                __i2b
 .text.__multiply
                0x0800b70c      0x144 /Users/fernandesvincent/Library/Application Support/stm32cube/bundles/gnu-tools-for-stm32/13.3.1+st.9/bin/../lib/gcc/arm-none-eabi/13.3.1/../../../../arm-none-eabi/lib/thumb/v7e-m+fp/hard/libg.a(libc_a-mprec.o)
                0x0800b70c                __multiply
 .text.__pow5mult
                0x0800b850       0x80 /Users/fernandesvincent/Library/Application Support/stm32cube/bundles/gnu-tools-for-stm32/13.3.1+st.9/bin/../lib/gcc/arm-none-eabi/13.3.1/../../../../arm-none-eabi/lib/thumb/v7e-m+fp/hard/libg.a(libc_a-mprec.o)
                0x0800b850                __pow5mult
 .text.__lshift
                0x0800b8d0       0xd8 /Users/fernandesvincent/Library/Application Support/stm32cube/bundles/gnu-tools-for-stm32/13.3.1+st.9/bin/../lib/gcc/arm-none-eabi/13.3.1/../../../../arm-none-eabi/lib/thumb/v7e-m+fp/hard/libg.a(libc_a-mprec.o)
                0x0800b8d0                __lshift
 .text.__mcmp   0x0800b9a8       0x36 /Users/fernandesvincent/Library/Application Support/stm32cube/bundles/gnu-tools-for-stm32/13.3.1+st.9/bin/../lib/gcc/arm-none-eabi/13.3.1/../../../../arm-none-eabi/lib/thumb/v7e-m+fp/hard/libg.a(libc_a-mprec.o)
                0x0800b9a8                __mcmp
 *fill*         0x0800b9de        0x2 
 .text.__mdiff  0x0800b9e0      0x128 /Users/fernandesvincent/Library/Application Support/stm32cube/bundles/gnu-tools-for-stm32/13.3.1+st.9/bin/../lib/gcc/arm-none-eabi/13.3.1/../../../../arm-none-eabi/lib/thumb/v7e-m+fp/hard/libg.a(libc_a-mprec.o)
                0x0800b9e0                __mdiff
 .text.__d2b    0x0800bb08       0xb0 /Users/fernandesvincent/Library/Application Support/stm32cube/bundles/gnu-tools-for-stm32/13.3.1+st.9/bin/../lib/gcc/arm-none-eabi/13.3.1/../../../../arm-none-eabi/lib/thumb/v7e-m+fp/hard/libg.a(libc_a-mprec.o)
                0x0800bb08                __d2b
 .text.__ssputs_r
                0x0800bbb8       0xb6 /Users/fernandesvincent/Library/Application Support/stm32cube/bundles/gnu-tools-for-stm32/13.3.1+st.9/bin/../lib/gcc/arm-none-eabi/13.3.1/../../../../arm-none-eabi/lib/thumb/v7e-m+fp/hard/libg.a(libc_a-ssputs_r.o)
                0x0800bbb8                __ssputs_r
 .text.memmove  0x0800bc6e       0x34 /Users/fernandesvincent/Library/Application Support/stm32cube/bundles/gnu-tools-for-stm32/13.3.1+st.9/bin/../lib/gcc/arm-none-eabi/13.3.1/../../../../arm-none-eabi/lib/thumb/v7e-m+fp/hard/libg.a(libc_a-memmove.o)
                0x0800bc6e                memmove
 .text.memcpy   0x0800bca2       0x1c /Users/fernandesvincent/Library/Application Support/stm32cube/bundles/gnu-tools-for-stm32/13.3.1+st.9/bin/../lib/gcc/arm-none-eabi/13.3.1/../../../../arm-none-eabi/lib/thumb/v7e-m+fp/hard/libg.a(libc_a-memcpy-stub.o)
                0x0800bca2                memcpy
 *fill*         0x0800bcbe        0x2 
 .text.__assert_func
                0x0800bcc0       0x3c /Users/fernandesvincent/Library/Application Support/stm32cube/bundles/gnu-tools-for-stm32/13.3.1+st.9/bin/../lib/gcc/arm-none-eabi/13.3.1/../../../../arm-none-eabi/lib/thumb/v7e-m+fp/hard/libg.a(libc_a-assert.o)
                0x0800bcc0                __assert_func
 .text._calloc_r
                0x0800bcfc       0x6a /Users/fernandesvincent/Library/Application Support/stm32cube/bundles/gnu-tools-for-stm32/13.3.1+st.9/bin/../lib/gcc/arm-none-eabi/13.3.1/../../../../arm-none-eabi/lib/thumb/v7e-m+fp/hard/libg.a(libc_a-callocr.o)
                0x0800bcfc                _calloc_r
 *fill*         0x0800bd66        0x2 
 .text.fiprintf
                0x0800bd68       0x24 /Users/fernandesvincent/Library/Application Support/stm32cube/bundles/gnu-tools-for-stm32/13.3.1+st.9/bin/../lib/gcc/arm-none-eabi/13.3.1/../../../../arm-none-eabi/lib/thumb/v7e-m+fp/hard/libg.a(libc_a-fiprintf.o)
                0x0800bd68                fiprintf
 .text.__ascii_mbtowc
                0x0800bd8c       0x24 /Users/fernandesvincent/Library/Application Support/stm32cube/bundles/gnu-tools-for-stm32/13.3.1+st.9/bin/../lib/gcc/arm-none-eabi/13.3.1/../../../../arm-none-eabi/lib/thumb/v7e-m+fp/hard/libg.a(libc_a-mbtowc_r.o)
                0x0800bd8c                __ascii_mbtowc
 .text._vfiprintf_r
                0x0800bdb0      0x910 /Users/fernandesvincent/Library/Application Support/stm32cube/bundles/gnu-tools-for-stm32/13.3.1+st.9/bin/../lib/gcc/arm-none-eabi/13.3.1/../../../../arm-none-eabi/lib/thumb/v7e-m+fp/hard/libg.a(libc_a-vfiprintf.o)
                0x0800bdb0                _vfiprintf_r
 .text.__sbprintf
                0x0800c6c0       0x80 /Users/fernandesvincent/Library/Application Support/stm32cube/bundles/gnu-tools-for-stm32/13.3.1+st.9/bin/../lib/gcc/arm-none-eabi/13.3.1/../../../../arm-none-eabi/lib/thumb/v7e-m+fp/hard/libg.a(libc_a-vfiprintf.o)
 .text._realloc_r
                0x0800c740      0x350 /Users/fernandesvincent/Library/Application Support/stm32cube/bundles/gnu-tools-for-stm32/13.3.1+st.9/bin/../lib/gcc/arm-none-eabi/13.3.1/../../../../arm-none-eabi/lib/thumb/v7e-m+fp/hard/libg.a(libc_a-reallocr.o)
                0x0800c740                _realloc_r
 .text.__sprint_r
                0x0800ca90       0x1a /Users/fernandesvincent/Library/Application Support/stm32cube/bundles/gnu-tools-for-stm32/13.3.1+st.9/bin/../lib/gcc/arm-none-eabi/13.3.1/../../../../arm-none-eabi/lib/thumb/v7e-m+fp/hard/libg.a(libc_a-sprint_r.o)
                0x0800ca90                __sprint_r
 .text.__ascii_wctomb
                0x0800caaa       0x1a /Users/fernandesvincent/Library/Application Support/stm32cube/bundles/gnu-tools-for-stm32/13.3.1+st.9/bin/../lib/gcc/arm-none-eabi/13.3.1/../../../../arm-none-eabi/lib/thumb/v7e-m+fp/hard/libg.a(libc_a-wctomb_r.o)
                0x0800caaa                __ascii_wctomb
 .text.__swsetup_r
                0x0800cac4       0xac /Users/fernandesvincent/Library/Application Support/stm32cube/bundles/gnu-tools-for-stm32/13.3.1+st.9/bin/../lib/gcc/arm-none-eabi/13.3.1/../../../../arm-none-eabi/lib/thumb/v7e-m+fp/hard/libg.a(libc_a-wsetup.o)
                0x0800cac4                __swsetup_r
 .text.abort    0x0800cb70        0xe /Users/fernandesvincent/Library/Application Support/stm32cube/bundles/gnu-tools-for-stm32/13.3.1+st.9/bin/../lib/gcc/arm-none-eabi/13.3.1/../../../../arm-none-eabi/lib/thumb/v7e-m+fp/hard/libg.a(libc_a-abort.o)
                0x0800cb70                abort
 *fill*         0x0800cb7e        0x2 
 .text.__sfvwrite_r
                0x0800cb80      0x298 /Users/fernandesvincent/Library/Application Support/stm32cube/bundles/gnu-tools-for-stm32/13.3.1+st.9/bin/../lib/gcc/arm-none-eabi/13.3.1/../../../../arm-none-eabi/lib/thumb/v7e-m+fp/hard/libg.a(libc_a-fvwrite.o)
                0x0800cb80                __sfvwrite_r
 .text.__swhatbuf_r
                0x0800ce18       0x50 /Users/fernandesvincent/Library/Application Support/stm32cube/bundles/gnu-tools-for-stm32/13.3.1+st.9/bin/../lib/gcc/arm-none-eabi/13.3.1/../../../../arm-none-eabi/lib/thumb/v7e-m+fp/hard/libg.a(libc_a-makebuf.o)
                0x0800ce18                __swhatbuf_r
 .text.__smakebuf_r
                0x0800ce68       0x78 /Users/fernandesvincent/Library/Application Support/stm32cube/bundles/gnu-tools-for-stm32/13.3.1+st.9/bin/../lib/gcc/arm-none-eabi/13.3.1/../../../../arm-none-eabi/lib/thumb/v7e-m+fp/hard/libg.a(libc_a-makebuf.o)
                0x0800ce68                __smakebuf_r
 .text._raise_r
                0x0800cee0       0x52 /Users/fernandesvincent/Library/Application Support/stm32cube/bundles/gnu-tools-for-stm32/13.3.1+st.9/bin/../lib/gcc/arm-none-eabi/13.3.1/../../../../arm-none-eabi/lib/thumb/v7e-m+fp/hard/libg.a(libc_a-signal.o)
                0x0800cee0                _raise_r
 *fill*         0x0800cf32        0x2 
 .text.raise    0x0800cf34       0x10 /Users/fernandesvincent/Library/Application Support/stm32cube/bundles/gnu-tools-for-stm32/13.3.1+st.9/bin/../lib/gcc/arm-none-eabi/13.3.1/../../../../arm-none-eabi/lib/thumb/v7e-m+fp/hard/libg.a(libc_a-signal.o)
                0x0800cf34                raise
 .text._fstat_r
                0x0800cf44       0x24 /Users/fernandesvincent/Library/Application Support/stm32cube/bundles/gnu-tools-for-stm32/13.3.1+st.9/bin/../lib/gcc/arm-none-eabi/13.3.1/../../../../arm-none-eabi/lib/thumb/v7e-m+fp/hard/libg.a(libc_a-fstatr.o)
                0x0800cf44                _fstat_r
 .text._isatty_r
                0x0800cf68       0x20 /Users/fernandesvincent/Library/Application Support/stm32cube/bundles/gnu-tools-for-stm32/13.3.1+st.9/bin/../lib/gcc/arm-none-eabi/13.3.1/../../../../arm-none-eabi/lib/thumb/v7e-m+fp/hard/libg.a(libc_a-isattyr.o)
                0x0800cf68                _isatty_r
 .text._kill_r  0x0800cf88       0x24 /Users/fernandesvincent/Library/Application Support/stm32cube/bundles/gnu-tools-for-stm32/13.3.1+st.9/bin/../lib/gcc/arm-none-eabi/13.3.1/../../../../arm-none-eabi/lib/thumb/v7e-m+fp/hard/libg.a(libc_a-signalr.o)
                0x0800cf88                _kill_r
 .text._getpid_r
                0x0800cfac        0x4 /Users/fernandesvincent/Library/Application Support/stm32cube/bundles/gnu-tools-for-stm32/13.3.1+st.9/bin/../lib/gcc/arm-none-eabi/13.3.1/../../../../arm-none-eabi/lib/thumb/v7e-m+fp/hard/libg.a(libc_a-signalr.o)
                0x0800cfac                _getpid_r
 *(.glue_7)
 .glue_7        0x0800cfb0        0x0 linker stubs
 *(.glue_7t)
 .glue_7t       0x0800cfb0        0x0 linker stubs
 *(.eh_frame)
 .eh_frame      0x0800cfb0        0x0 /Users/fernandesvincent/Library/Application Support/stm32cube/bundles/gnu-tools-for-stm32/13.3.1+st.9/bin/../lib/gcc/arm-none-eabi/13.3.1/thumb/v7e-m+fp/hard/crtbegin.o
 *(.init)
 .init          0x0800cfb0        0x4 /Users/fernandesvincent/Library/Application Support/stm32cube/bundles/gnu-tools-for-stm32/13.3.1+st.9/bin/../lib/gcc/arm-none-eabi/13.3.1/thumb/v7e-m+fp/hard/crti.o
                0x0800cfb0                _init
 .init          0x0800cfb4        0x8 /Users/fernandesvincent/Library/Application Support/stm32cube/bundles/gnu-tools-for-stm32/13.3.1+st.9/bin/../lib/gcc/arm-none-eabi/13.3.1/thumb/v7e-m+fp/hard/crtn.o
 *(.fini)
 .fini          0x0800cfbc        0x4 /Users/fernandesvincent/Library/Application Support/stm32cube/bundles/gnu-tools-for-stm32/13.3.1+st.9/bin/../lib/gcc/arm-none-eabi/13.3.1/thumb/v7e-m+fp/hard/crti.o
                0x0800cfbc                _fini
 .fini          0x0800cfc0        0x8 /Users/fernandesvincent/Library/Application Support/stm32cube/bundles/gnu-tools-for-stm32/13.3.1+st.9/bin/../lib/gcc/arm-none-eabi/13.3.1/thumb/v7e-m+fp/hard/crtn.o
                0x0800cfc8                        . = ALIGN (0x4)
                0x0800cfc8                        _etext = .

.vfp11_veneer   0x0800cfc8        0x0
 .vfp11_veneer  0x0800cfc8        0x0 linker stubs

.v4_bx          0x0800cfc8        0x0
 .v4_bx         0x0800cfc8        0x0 linker stubs

.iplt           0x0800cfc8        0x0
 .iplt          0x0800cfc8        0x0 /Users/fernandesvincent/Library/Application Support/stm32cube/bundles/gnu-tools-for-stm32/13.3.1+st.9/bin/../lib/gcc/arm-none-eabi/13.3.1/thumb/v7e-m+fp/hard/crtbegin.o

.rodata         0x0800cfc8      0x514
                0x0800cfc8                        . = ALIGN (0x4)
 *(.rodata)
 .rodata        0x0800cfc8       0x6d CMakeFiles/Test_VSCODE_2.dir/Core/Src/user_interface/led.c.obj
 *fill*         0x0800d035        0x3 
 .rodata        0x0800d038       0xd8 CMakeFiles/Test_VSCODE_2.dir/Core/Src/user_interface/shell.c.obj
 *(.rodata*)
 .rodata.AHBPrescTable
                0x0800d110       0x10 CMakeFiles/Test_VSCODE_2.dir/Core/Src/system_stm32g4xx.c.obj
                0x0800d110                AHBPrescTable
 .rodata.APBPrescTable
                0x0800d120        0x8 CMakeFiles/Test_VSCODE_2.dir/Core/Src/system_stm32g4xx.c.obj
                0x0800d120                APBPrescTable
 .rodata.UARTPrescTable
                0x0800d128       0x18 CMakeFiles/Test_VSCODE_2.dir/Drivers/STM32G4xx_HAL_Driver/Src/stm32g4xx_hal_uart.c.obj
                0x0800d128                UARTPrescTable
 .rodata.numerator.1
                0x0800d140        0x8 CMakeFiles/Test_VSCODE_2.dir/Drivers/STM32G4xx_HAL_Driver/Src/stm32g4xx_hal_uart_ex.c.obj
 .rodata.denominator.0
                0x0800d148        0x8 CMakeFiles/Test_VSCODE_2.dir/Drivers/STM32G4xx_HAL_Driver/Src/stm32g4xx_hal_uart_ex.c.obj
 .rodata._svfprintf_r.str1.1
                0x0800d150      0x149 /Users/fernandesvincent/Library/Application Support/stm32cube/bundles/gnu-tools-for-stm32/13.3.1+st.9/bin/../lib/gcc/arm-none-eabi/13.3.1/../../../../arm-none-eabi/lib/thumb/v7e-m+fp/hard/libg.a(libc_a-svfprintf.o)
                                 0x34 (size before relaxing)
 .rodata.zeroes.0
                0x0800d299       0x10 /Users/fernandesvincent/Library/Application Support/stm32cube/bundles/gnu-tools-for-stm32/13.3.1+st.9/bin/../lib/gcc/arm-none-eabi/13.3.1/../../../../arm-none-eabi/lib/thumb/v7e-m+fp/hard/libg.a(libc_a-svfprintf.o)
 .rodata.blanks.1
                0x0800d2a9       0x10 /Users/fernandesvincent/Library/Application Support/stm32cube/bundles/gnu-tools-for-stm32/13.3.1+st.9/bin/../lib/gcc/arm-none-eabi/13.3.1/../../../../arm-none-eabi/lib/thumb/v7e-m+fp/hard/libg.a(libc_a-svfprintf.o)
 .rodata._dtoa_r.str1.1
                0x0800d2b9        0x0 /Users/fernandesvincent/Library/Application Support/stm32cube/bundles/gnu-tools-for-stm32/13.3.1+st.9/bin/../lib/gcc/arm-none-eabi/13.3.1/../../../../arm-none-eabi/lib/thumb/v7e-m+fp/hard/libg.a(libc_a-dtoa.o)
                                 0x78 (size before relaxing)
 .rodata.__multadd.str1.1
                0x0800d2b9        0x0 /Users/fernandesvincent/Library/Application Support/stm32cube/bundles/gnu-tools-for-stm32/13.3.1+st.9/bin/../lib/gcc/arm-none-eabi/13.3.1/../../../../arm-none-eabi/lib/thumb/v7e-m+fp/hard/libg.a(libc_a-mprec.o)
                                 0x6a (size before relaxing)
 *fill*         0x0800d2b9        0x3 
 .rodata.p05.0  0x0800d2bc        0xc /Users/fernandesvincent/Library/Application Support/stm32cube/bundles/gnu-tools-for-stm32/13.3.1+st.9/bin/../lib/gcc/arm-none-eabi/13.3.1/../../../../arm-none-eabi/lib/thumb/v7e-m+fp/hard/libg.a(libc_a-mprec.o)
 .rodata.__mprec_bigtens
                0x0800d2c8       0x28 /Users/fernandesvincent/Library/Application Support/stm32cube/bundles/gnu-tools-for-stm32/13.3.1+st.9/bin/../lib/gcc/arm-none-eabi/13.3.1/../../../../arm-none-eabi/lib/thumb/v7e-m+fp/hard/libg.a(libc_a-mprec.o)
                0x0800d2c8                __mprec_bigtens
 .rodata.__mprec_tens
                0x0800d2f0       0xc8 /Users/fernandesvincent/Library/Application Support/stm32cube/bundles/gnu-tools-for-stm32/13.3.1+st.9/bin/../lib/gcc/arm-none-eabi/13.3.1/../../../../arm-none-eabi/lib/thumb/v7e-m+fp/hard/libg.a(libc_a-mprec.o)
                0x0800d2f0                __mprec_tens
 .rodata._setlocale_r.str1.1
                0x0800d3b8        0x0 /Users/fernandesvincent/Library/Application Support/stm32cube/bundles/gnu-tools-for-stm32/13.3.1+st.9/bin/../lib/gcc/arm-none-eabi/13.3.1/../../../../arm-none-eabi/lib/thumb/v7e-m+fp/hard/libg.a(libc_a-locale.o)
                                  0x9 (size before relaxing)
 .rodata.str1.1
                0x0800d3b8        0x0 /Users/fernandesvincent/Library/Application Support/stm32cube/bundles/gnu-tools-for-stm32/13.3.1+st.9/bin/../lib/gcc/arm-none-eabi/13.3.1/../../../../arm-none-eabi/lib/thumb/v7e-m+fp/hard/libg.a(libc_a-locale.o)
                                  0x2 (size before relaxing)
 .rodata._ctype_
                0x0800d3b8      0x101 /Users/fernandesvincent/Library/Application Support/stm32cube/bundles/gnu-tools-for-stm32/13.3.1+st.9/bin/../lib/gcc/arm-none-eabi/13.3.1/../../../../arm-none-eabi/lib/thumb/v7e-m+fp/hard/libg.a(libc_a-ctype_.o)
                0x0800d3b8                _ctype_
 .rodata.__assert_func.str1.1
                0x0800d4b9        0x0 /Users/fernandesvincent/Library/Application Support/stm32cube/bundles/gnu-tools-for-stm32/13.3.1+st.9/bin/../lib/gcc/arm-none-eabi/13.3.1/../../../../arm-none-eabi/lib/thumb/v7e-m+fp/hard/libg.a(libc_a-assert.o)
                                 0x3d (size before relaxing)
 .rodata._vfiprintf_r.str1.1
                0x0800d4b9        0x0 /Users/fernandesvincent/Library/Application Support/stm32cube/bundles/gnu-tools-for-stm32/13.3.1+st.9/bin/../lib/gcc/arm-none-eabi/13.3.1/../../../../arm-none-eabi/lib/thumb/v7e-m+fp/hard/libg.a(libc_a-vfiprintf.o)
                                 0x22 (size before relaxing)
 .rodata.zeroes.0
                0x0800d4b9       0x10 /Users/fernandesvincent/Library/Application Support/stm32cube/bundles/gnu-tools-for-stm32/13.3.1+st.9/bin/../lib/gcc/arm-none-eabi/13.3.1/../../../../arm-none-eabi/lib/thumb/v7e-m+fp/hard/libg.a(libc_a-vfiprintf.o)
 .rodata.blanks.1
                0x0800d4c9       0x10 /Users/fernandesvincent/Library/Application Support/stm32cube/bundles/gnu-tools-for-stm32/13.3.1+st.9/bin/../lib/gcc/arm-none-eabi/13.3.1/../../../../arm-none-eabi/lib/thumb/v7e-m+fp/hard/libg.a(libc_a-vfiprintf.o)
                0x0800d4dc                        . = ALIGN (0x4)
 *fill*         0x0800d4d9        0x3 

.ARM.extab      0x0800d4dc        0x0
                0x0800d4dc                        . = ALIGN (0x4)
 *(.ARM.extab* .gnu.linkonce.armextab.*)
                0x0800d4dc                        . = ALIGN (0x4)

.ARM            0x0800d4dc        0x8
                0x0800d4dc                        . = ALIGN (0x4)
                0x0800d4dc                        __exidx_start = .
 *(.ARM.exidx*)
 .ARM.exidx     0x0800d4dc        0x8 /Users/fernandesvincent/Library/Application Support/stm32cube/bundles/gnu-tools-for-stm32/13.3.1+st.9/bin/../lib/gcc/arm-none-eabi/13.3.1/thumb/v7e-m+fp/hard/libgcc.a(_udivmoddi4.o)
 .ARM.exidx     0x0800d4e4        0x0 /Users/fernandesvincent/Library/Application Support/stm32cube/bundles/gnu-tools-for-stm32/13.3.1+st.9/bin/../lib/gcc/arm-none-eabi/13.3.1/../../../../arm-none-eabi/lib/thumb/v7e-m+fp/hard/libg.a(libc_a-strcmp.o)
                                  0x8 (size before relaxing)
 .ARM.exidx     0x0800d4e4        0x0 /Users/fernandesvincent/Library/Application Support/stm32cube/bundles/gnu-tools-for-stm32/13.3.1+st.9/bin/../lib/gcc/arm-none-eabi/13.3.1/../../../../arm-none-eabi/lib/thumb/v7e-m+fp/hard/libg.a(libc_a-memchr.o)
                                  0x8 (size before relaxing)
 .ARM.exidx     0x0800d4e4        0x0 /Users/fernandesvincent/Library/Application Support/stm32cube/bundles/gnu-tools-for-stm32/13.3.1+st.9/bin/../lib/gcc/arm-none-eabi/13.3.1/../../../../arm-none-eabi/lib/thumb/v7e-m+fp/hard/libg.a(libc_a-strlen.o)
                                  0x8 (size before relaxing)
                0x0800d4e4                        __exidx_end = .
                0x0800d4e4                        . = ALIGN (0x4)

.preinit_array  0x0800d4e4        0x0
                0x0800d4e4                        . = ALIGN (0x4)
                0x0800d4e4                        PROVIDE (__preinit_array_start = .)
 *(.preinit_array*)
                0x0800d4e4                        PROVIDE (__preinit_array_end = .)
                0x0800d4e4                        . = ALIGN (0x4)

.init_array     0x0800d4e4        0x8
                0x0800d4e4                        . = ALIGN (0x4)
                0x0800d4e4                        PROVIDE (__init_array_start = .)
 *(SORT_BY_NAME(.init_array.*))
 .init_array.00000
                0x0800d4e4        0x4 /Users/fernandesvincent/Library/Application Support/stm32cube/bundles/gnu-tools-for-stm32/13.3.1+st.9/bin/../lib/gcc/arm-none-eabi/13.3.1/../../../../arm-none-eabi/lib/thumb/v7e-m+fp/hard/libg.a(libc_a-__call_atexit.o)
 *(.init_array*)
 .init_array    0x0800d4e8        0x4 /Users/fernandesvincent/Library/Application Support/stm32cube/bundles/gnu-tools-for-stm32/13.3.1+st.9/bin/../lib/gcc/arm-none-eabi/13.3.1/thumb/v7e-m+fp/hard/crtbegin.o
                0x0800d4ec                        PROVIDE (__init_array_end = .)
                0x0800d4ec                        . = ALIGN (0x4)

.fini_array     0x0800d4ec        0x4
                0x0800d4ec                        . = ALIGN (0x4)
                0x0800d4ec                        PROVIDE (__fini_array_start = .)
 *(SORT_BY_NAME(.fini_array.*))
 *(.fini_array*)
 .fini_array    0x0800d4ec        0x4 /Users/fernandesvincent/Library/Application Support/stm32cube/bundles/gnu-tools-for-stm32/13.3.1+st.9/bin/../lib/gcc/arm-none-eabi/13.3.1/thumb/v7e-m+fp/hard/crtbegin.o
                0x0800d4f0                        PROVIDE (__fini_array_end = .)
                0x0800d4f0                        . = ALIGN (0x4)
                0x0800d4f0                        _sidata = LOADADDR (.data)

.rel.dyn        0x0800d4f0        0x0
 .rel.iplt      0x0800d4f0        0x0 /Users/fernandesvincent/Library/Application Support/stm32cube/bundles/gnu-tools-for-stm32/13.3.1+st.9/bin/../lib/gcc/arm-none-eabi/13.3.1/thumb/v7e-m+fp/hard/crtbegin.o

.data           0x20000000      0x6e0 load address 0x0800d4f0
                0x20000000                        . = ALIGN (0x4)
                0x20000000                        _sdata = .
 *(.data)
 *(.data*)
 .data.SystemCoreClock
                0x20000000        0x4 CMakeFiles/Test_VSCODE_2.dir/Core/Src/system_stm32g4xx.c.obj
                0x20000000                SystemCoreClock
 .data.uwTickPrio
                0x20000004        0x4 CMakeFiles/Test_VSCODE_2.dir/Drivers/STM32G4xx_HAL_Driver/Src/stm32g4xx_hal.c.obj
                0x20000004                uwTickPrio
 .data.uwTickFreq
                0x20000008        0x4 CMakeFiles/Test_VSCODE_2.dir/Drivers/STM32G4xx_HAL_Driver/Src/stm32g4xx_hal.c.obj
                0x20000008                uwTickFreq
 .data.__sglue  0x2000000c        0xc /Users/fernandesvincent/Library/Application Support/stm32cube/bundles/gnu-tools-for-stm32/13.3.1+st.9/bin/../lib/gcc/arm-none-eabi/13.3.1/../../../../arm-none-eabi/lib/thumb/v7e-m+fp/hard/libg.a(libc_a-findfp.o)
                0x2000000c                __sglue
 .data._impure_ptr
                0x20000018        0x4 /Users/fernandesvincent/Library/Application Support/stm32cube/bundles/gnu-tools-for-stm32/13.3.1+st.9/bin/../lib/gcc/arm-none-eabi/13.3.1/../../../../arm-none-eabi/lib/thumb/v7e-m+fp/hard/libg.a(libc_a-impure.o)
                0x20000018                _impure_ptr
 *fill*         0x2000001c        0x4 
 .data._impure_data
                0x20000020      0x140 /Users/fernandesvincent/Library/Application Support/stm32cube/bundles/gnu-tools-for-stm32/13.3.1+st.9/bin/../lib/gcc/arm-none-eabi/13.3.1/../../../../arm-none-eabi/lib/thumb/v7e-m+fp/hard/libg.a(libc_a-impure.o)
                0x20000020                _impure_data
 .data.__atexit_recursive_mutex
                0x20000160        0x4 /Users/fernandesvincent/Library/Application Support/stm32cube/bundles/gnu-tools-for-stm32/13.3.1+st.9/bin/../lib/gcc/arm-none-eabi/13.3.1/../../../../arm-none-eabi/lib/thumb/v7e-m+fp/hard/libg.a(libc_a-__call_atexit.o)
                0x20000160                __atexit_recursive_mutex
 .data.__malloc_sbrk_base
                0x20000164        0x4 /Users/fernandesvincent/Library/Application Support/stm32cube/bundles/gnu-tools-for-stm32/13.3.1+st.9/bin/../lib/gcc/arm-none-eabi/13.3.1/../../../../arm-none-eabi/lib/thumb/v7e-m+fp/hard/libg.a(libc_a-mallocr.o)
                0x20000164                __malloc_sbrk_base
 .data.__malloc_trim_threshold
                0x20000168        0x4 /Users/fernandesvincent/Library/Application Support/stm32cube/bundles/gnu-tools-for-stm32/13.3.1+st.9/bin/../lib/gcc/arm-none-eabi/13.3.1/../../../../arm-none-eabi/lib/thumb/v7e-m+fp/hard/libg.a(libc_a-mallocr.o)
                0x20000168                __malloc_trim_threshold
 .data.__malloc_av_
                0x2000016c      0x408 /Users/fernandesvincent/Library/Application Support/stm32cube/bundles/gnu-tools-for-stm32/13.3.1+st.9/bin/../lib/gcc/arm-none-eabi/13.3.1/../../../../arm-none-eabi/lib/thumb/v7e-m+fp/hard/libg.a(libc_a-mallocr.o)
                0x2000016c                __malloc_av_
 .data.__global_locale
                0x20000574      0x16c /Users/fernandesvincent/Library/Application Support/stm32cube/bundles/gnu-tools-for-stm32/13.3.1+st.9/bin/../lib/gcc/arm-none-eabi/13.3.1/../../../../arm-none-eabi/lib/thumb/v7e-m+fp/hard/libg.a(libc_a-locale.o)
                0x20000574                __global_locale
 *(.RamFunc)
 *(.RamFunc*)
                0x200006e0                        . = ALIGN (0x4)
                0x200006e0                        _edata = .

.igot.plt       0x200006e0        0x0 load address 0x0800dbd0
 .igot.plt      0x200006e0        0x0 /Users/fernandesvincent/Library/Application Support/stm32cube/bundles/gnu-tools-for-stm32/13.3.1+st.9/bin/../lib/gcc/arm-none-eabi/13.3.1/thumb/v7e-m+fp/hard/crtbegin.o
                0x200006e0                        . = ALIGN (0x4)

.bss            0x200006e0      0x9ac load address 0x0800dbd0
                0x200006e0                        _sbss = .
                0x200006e0                        __bss_start__ = _sbss
 *(.bss)
 .bss           0x200006e0       0x1c /Users/fernandesvincent/Library/Application Support/stm32cube/bundles/gnu-tools-for-stm32/13.3.1+st.9/bin/../lib/gcc/arm-none-eabi/13.3.1/thumb/v7e-m+fp/hard/crtbegin.o
 *(.bss*)
 .bss.hadc1     0x200006fc       0x6c CMakeFiles/Test_VSCODE_2.dir/Core/Src/adc.c.obj
                0x200006fc                hadc1
 .bss.hadc2     0x20000768       0x6c CMakeFiles/Test_VSCODE_2.dir/Core/Src/adc.c.obj
                0x20000768                hadc2
 .bss.HAL_RCC_ADC12_CLK_ENABLED
                0x200007d4        0x4 CMakeFiles/Test_VSCODE_2.dir/Core/Src/adc.c.obj
 .bss.shell_uart2_received_char
                0x200007d8        0x1 CMakeFiles/Test_VSCODE_2.dir/Core/Src/app.c.obj
 *fill*         0x200007d9        0x3 
 .bss.htim6     0x200007dc       0x4c CMakeFiles/Test_VSCODE_2.dir/Core/Src/stm32g4xx_hal_timebase_tim.c.obj
                0x200007dc                htim6
 .bss.__sbrk_heap_end
                0x20000828        0x4 CMakeFiles/Test_VSCODE_2.dir/Core/Src/sysmem.c.obj
 .bss.htim1     0x2000082c       0x4c CMakeFiles/Test_VSCODE_2.dir/Core/Src/tim.c.obj
                0x2000082c                htim1
 .bss.htim3     0x20000878       0x4c CMakeFiles/Test_VSCODE_2.dir/Core/Src/tim.c.obj
                0x20000878                htim3
 .bss.huart2    0x200008c4       0x94 CMakeFiles/Test_VSCODE_2.dir/Core/Src/usart.c.obj
                0x200008c4                huart2
 .bss.huart3    0x20000958       0x94 CMakeFiles/Test_VSCODE_2.dir/Core/Src/usart.c.obj
                0x20000958                huart3
 .bss.hshell1   0x200009ec      0x38c CMakeFiles/Test_VSCODE_2.dir/Core/Src/user_interface/shell.c.obj
                0x200009ec                hshell1
 .bss.cmd_buffer_index.0
                0x20000d78        0x4 CMakeFiles/Test_VSCODE_2.dir/Core/Src/user_interface/shell.c.obj
 .bss.uwTick    0x20000d7c        0x4 CMakeFiles/Test_VSCODE_2.dir/Drivers/STM32G4xx_HAL_Driver/Src/stm32g4xx_hal.c.obj
                0x20000d7c                uwTick
 .bss.__sf      0x20000d80      0x138 /Users/fernandesvincent/Library/Application Support/stm32cube/bundles/gnu-tools-for-stm32/13.3.1+st.9/bin/../lib/gcc/arm-none-eabi/13.3.1/../../../../arm-none-eabi/lib/thumb/v7e-m+fp/hard/libg.a(libc_a-findfp.o)
                0x20000d80                __sf
 .bss.__stdio_exit_handler
                0x20000eb8        0x4 /Users/fernandesvincent/Library/Application Support/stm32cube/bundles/gnu-tools-for-stm32/13.3.1+st.9/bin/../lib/gcc/arm-none-eabi/13.3.1/../../../../arm-none-eabi/lib/thumb/v7e-m+fp/hard/libg.a(libc_a-findfp.o)
                0x20000eb8                __stdio_exit_handler
 .bss.__lock___malloc_recursive_mutex
                0x20000ebc        0x1 /Users/fernandesvincent/Library/Application Support/stm32cube/bundles/gnu-tools-for-stm32/13.3.1+st.9/bin/../lib/gcc/arm-none-eabi/13.3.1/../../../../arm-none-eabi/lib/thumb/v7e-m+fp/hard/libg.a(libc_a-lock.o)
                0x20000ebc                __lock___malloc_recursive_mutex
 .bss.__lock___atexit_recursive_mutex
                0x20000ebd        0x1 /Users/fernandesvincent/Library/Application Support/stm32cube/bundles/gnu-tools-for-stm32/13.3.1+st.9/bin/../lib/gcc/arm-none-eabi/13.3.1/../../../../arm-none-eabi/lib/thumb/v7e-m+fp/hard/libg.a(libc_a-lock.o)
                0x20000ebd                __lock___atexit_recursive_mutex
 .bss.__lock___sfp_recursive_mutex
                0x20000ebe        0x1 /Users/fernandesvincent/Library/Application Support/stm32cube/bundles/gnu-tools-for-stm32/13.3.1+st.9/bin/../lib/gcc/arm-none-eabi/13.3.1/../../../../arm-none-eabi/lib/thumb/v7e-m+fp/hard/libg.a(libc_a-lock.o)
                0x20000ebe                __lock___sfp_recursive_mutex
 *fill*         0x20000ebf        0x1 
 .bss.__atexit  0x20000ec0        0x4 /Users/fernandesvincent/Library/Application Support/stm32cube/bundles/gnu-tools-for-stm32/13.3.1+st.9/bin/../lib/gcc/arm-none-eabi/13.3.1/../../../../arm-none-eabi/lib/thumb/v7e-m+fp/hard/libg.a(libc_a-__call_atexit.o)
                0x20000ec0                __atexit
 .bss.__malloc_current_mallinfo
                0x20000ec4       0x28 /Users/fernandesvincent/Library/Application Support/stm32cube/bundles/gnu-tools-for-stm32/13.3.1+st.9/bin/../lib/gcc/arm-none-eabi/13.3.1/../../../../arm-none-eabi/lib/thumb/v7e-m+fp/hard/libg.a(libc_a-mallocr.o)
                0x20000ec4                __malloc_current_mallinfo
 .bss.__malloc_max_total_mem
                0x20000eec        0x4 /Users/fernandesvincent/Library/Application Support/stm32cube/bundles/gnu-tools-for-stm32/13.3.1+st.9/bin/../lib/gcc/arm-none-eabi/13.3.1/../../../../arm-none-eabi/lib/thumb/v7e-m+fp/hard/libg.a(libc_a-mallocr.o)
                0x20000eec                __malloc_max_total_mem
 .bss.__malloc_max_sbrked_mem
                0x20000ef0        0x4 /Users/fernandesvincent/Library/Application Support/stm32cube/bundles/gnu-tools-for-stm32/13.3.1+st.9/bin/../lib/gcc/arm-none-eabi/13.3.1/../../../../arm-none-eabi/lib/thumb/v7e-m+fp/hard/libg.a(libc_a-mallocr.o)
                0x20000ef0                __malloc_max_sbrked_mem
 .bss.__malloc_top_pad
                0x20000ef4        0x4 /Users/fernandesvincent/Library/Application Support/stm32cube/bundles/gnu-tools-for-stm32/13.3.1+st.9/bin/../lib/gcc/arm-none-eabi/13.3.1/../../../../arm-none-eabi/lib/thumb/v7e-m+fp/hard/libg.a(libc_a-mallocr.o)
                0x20000ef4                __malloc_top_pad
 .bss.errno     0x20000ef8        0x4 /Users/fernandesvincent/Library/Application Support/stm32cube/bundles/gnu-tools-for-stm32/13.3.1+st.9/bin/../lib/gcc/arm-none-eabi/13.3.1/../../../../arm-none-eabi/lib/thumb/v7e-m+fp/hard/libg.a(libc_a-reent.o)
                0x20000ef8                errno
 .bss.__atexit0